
> stellar-uzima-backend@1.0.0 prebuild
> rimraf dist


> stellar-uzima-backend@1.0.0 build
> nest build

[1m[31mERROR[39m[22m in [1m./src/coupons/coupon.service.ts[39m[22m [1m[32m29:24-59[39m[22m
[1mModule [1m[31mnot found[39m[22m[1m: [1m[31mError[39m[22m[1m: Can't resolve './entities/coupon.entity' in 'C:\Users\DELL\Desktop\Uzima-Backend\src\coupons'[39m[22m
 @ ./src/coupons/coupon.module.ts 15:25-52
 @ ./src/app.module.ts 39:24-58
 @ ./src/main.ts 6:21-44

[1m[31mERROR[39m[22m in [1m./src/health/indicators/queue.health.ts[39m[22m [1m[32m16:24-60[39m[22m
[1mModule [1m[31mnot found[39m[22m[1m: [1m[31mError[39m[22m[1m: Can't resolve '../../queue/queue.service' in 'C:\Users\DELL\Desktop\Uzima-Backend\src\health\indicators'[39m[22m
 @ ./src/health/health.module.ts 14:23-59
 @ ./src/modules/admin/admin.module.ts 12:24-57
 @ ./src/app.module.ts 31:23-61
 @ ./src/main.ts 6:21-44

[1m[31mERROR[39m[22m in [1m./src/health/indicators/redis.health.ts[39m[22m [1m[32m16:24-60[39m[22m
[1mModule [1m[31mnot found[39m[22m[1m: [1m[31mError[39m[22m[1m: Can't resolve '../../redis/redis.service' in 'C:\Users\DELL\Desktop\Uzima-Backend\src\health\indicators'[39m[22m
 @ ./src/health/health.module.ts 13:23-59
 @ ./src/modules/admin/admin.module.ts 12:24-57
 @ ./src/app.module.ts 31:23-61
 @ ./src/main.ts 6:21-44

[1m[31mERROR[39m[22m in [1mC:\Users\DELL\Desktop\Uzima-Backend\src\modules\admin\services\admin.service.ts[39m[22m
[1m./src/modules/admin/services/admin.service.ts[39m[22m [1m[32m72:5-6[39m[22m
[1m[tsl] [1m[31mERROR[39m[22m[1m in C:\Users\DELL\Desktop\Uzima-Backend\src\modules\admin\services\admin.service.ts(72,6)
      TS1005: ')' expected.[39m[22m
 @ ./src/modules/admin/admin.module.ts 24:24-59
 @ ./src/app.module.ts 31:23-61
 @ ./src/main.ts 6:21-44

[1m[31mERROR[39m[22m in [1mC:\Users\DELL\Desktop\Uzima-Backend\src\modules\admin\services\admin.service.ts[39m[22m
[1m./src/modules/admin/services/admin.service.ts[39m[22m [1m[32m75:2-7[39m[22m
[1m[tsl] [1m[31mERROR[39m[22m[1m in C:\Users\DELL\Desktop\Uzima-Backend\src\modules\admin\services\admin.service.ts(75,3)
      TS1434: [1m[31mUnexpected[39m[22m[1m keyword or identifier.[39m[22m
 @ ./src/modules/admin/admin.module.ts 24:24-59
 @ ./src/app.module.ts 31:23-61
 @ ./src/main.ts 6:21-44

[1m[31mERROR[39m[22m in [1mC:\Users\DELL\Desktop\Uzima-Backend\src\modules\admin\services\admin.service.ts[39m[22m
[1m./src/modules/admin/services/admin.service.ts[39m[22m [1m[32m75:28-29[39m[22m
[1m[tsl] [1m[31mERROR[39m[22m[1m in C:\Users\DELL\Desktop\Uzima-Backend\src\modules\admin\services\admin.service.ts(75,29)
      TS1005: ';' expected.[39m[22m
 @ ./src/modules/admin/admin.module.ts 24:24-59
 @ ./src/app.module.ts 31:23-61
 @ ./src/main.ts 6:21-44

[1m[31mERROR[39m[22m in [1mC:\Users\DELL\Desktop\Uzima-Backend\src\modules\admin\services\admin.service.ts[39m[22m
[1m./src/modules/admin/services/admin.service.ts[39m[22m [1m[32m107:2-7[39m[22m
[1m[tsl] [1m[31mERROR[39m[22m[1m in C:\Users\DELL\Desktop\Uzima-Backend\src\modules\admin\services\admin.service.ts(107,3)
      TS1434: [1m[31mUnexpected[39m[22m[1m keyword or identifier.[39m[22m
 @ ./src/modules/admin/admin.module.ts 24:24-59
 @ ./src/app.module.ts 31:23-61
 @ ./src/main.ts 6:21-44

[1m[31mERROR[39m[22m in [1mC:\Users\DELL\Desktop\Uzima-Backend\src\modules\admin\services\admin.service.ts[39m[22m
[1m./src/modules/admin/services/admin.service.ts[39m[22m [1m[32m107:27-28[39m[22m
[1m[tsl] [1m[31mERROR[39m[22m[1m in C:\Users\DELL\Desktop\Uzima-Backend\src\modules\admin\services\admin.service.ts(107,28)
      TS1005: ';' expected.[39m[22m
 @ ./src/modules/admin/admin.module.ts 24:24-59
 @ ./src/app.module.ts 31:23-61
 @ ./src/main.ts 6:21-44

[1m[31mERROR[39m[22m in [1mC:\Users\DELL\Desktop\Uzima-Backend\src\modules\admin\services\admin.service.ts[39m[22m
[1m./src/modules/admin/services/admin.service.ts[39m[22m [1m[32m165:2-7[39m[22m
[1m[tsl] [1m[31mERROR[39m[22m[1m in C:\Users\DELL\Desktop\Uzima-Backend\src\modules\admin\services\admin.service.ts(165,3)
      TS1434: [1m[31mUnexpected[39m[22m[1m keyword or identifier.[39m[22m
 @ ./src/modules/admin/admin.module.ts 24:24-59
 @ ./src/app.module.ts 31:23-61
 @ ./src/main.ts 6:21-44

[1m[31mERROR[39m[22m in [1mC:\Users\DELL\Desktop\Uzima-Backend\src\modules\admin\services\admin.service.ts[39m[22m
[1m./src/modules/admin/services/admin.service.ts[39m[22m [1m[32m165:26-27[39m[22m
[1m[tsl] [1m[31mERROR[39m[22m[1m in C:\Users\DELL\Desktop\Uzima-Backend\src\modules\admin\services\admin.service.ts(165,27)
      TS1005: ';' expected.[39m[22m
 @ ./src/modules/admin/admin.module.ts 24:24-59
 @ ./src/app.module.ts 31:23-61
 @ ./src/main.ts 6:21-44

[1m[31mERROR[39m[22m in [1mC:\Users\DELL\Desktop\Uzima-Backend\src\modules\admin\services\admin.service.ts[39m[22m
[1m./src/modules/admin/services/admin.service.ts[39m[22m [1m[32m192:0[39m[22m
[1m[tsl] [1m[31mERROR[39m[22m[1m in C:\Users\DELL\Desktop\Uzima-Backend\src\modules\admin\services\admin.service.ts(192,1)
      TS1005: '}' expected.[39m[22m
 @ ./src/modules/admin/admin.module.ts 24:24-59
 @ ./src/app.module.ts 31:23-61
 @ ./src/main.ts 6:21-44

[1m[31mERROR[39m[22m in [1m./src/modules/usage/usage.service.ts[39m[22m [1m[32m21:32-84[39m[22m
[1mModule [1m[31mnot found[39m[22m[1m: [1m[31mError[39m[22m[1m: Can't resolve '../../notifications/notifications.service' in 'C:\Users\DELL\Desktop\Uzima-Backend\src\modules\usage'[39m[22m
 @ ./src/modules/usage/usage.module.ts 12:24-50
 @ ./src/app.module.ts 36:23-62
 @ ./src/main.ts 6:21-44

[1m[31mERROR[39m[22m in [1m./src/modules/users/services/activity-feed.service.ts[39m[22m [1m[32m23:24-74[39m[22m
[1mModule [1m[31mnot found[39m[22m[1m: [1m[31mError[39m[22m[1m: Can't resolve '../../../coupons/entities/coupon.entity' in 'C:\Users\DELL\Desktop\Uzima-Backend\src\modules\users\services'[39m[22m
 @ ./src/modules/users/users.controller.ts 24:32-75
 @ ./src/modules/users/users.module.ts 21:27-56
 @ ./src/app.module.ts 26:23-61
 @ ./src/main.ts 6:21-44

[1m[31mERROR[39m[22m in [1mC:\Users\DELL\Desktop\Uzima-Backend\src\modules\users\users.module.ts[39m[22m
[1m./src/modules/users/users.module.ts[39m[22m [1m[32m77:2-3[39m[22m
[1m[tsl] [1m[31mERROR[39m[22m[1m in C:\Users\DELL\Desktop\Uzima-Backend\src\modules\users\users.module.ts(77,3)
      TS1136: Property assignment expected.[39m[22m
 @ ./src/app.module.ts 26:23-61
 @ ./src/main.ts 6:21-44

[1m[31mERROR[39m[22m in [1mC:\Users\DELL\Desktop\Uzima-Backend\src\modules\users\users.module.ts[39m[22m
[1m./src/modules/users/users.module.ts[39m[22m [1m[32m77:3-4[39m[22m
[1m[tsl] [1m[31mERROR[39m[22m[1m in C:\Users\DELL\Desktop\Uzima-Backend\src\modules\users\users.module.ts(77,4)
      TS1136: Property assignment expected.[39m[22m
 @ ./src/app.module.ts 26:23-61
 @ ./src/main.ts 6:21-44

[1m[31mERROR[39m[22m in [1m./src/rewards/badges/badge.service.ts[39m[22m [1m[32m65:8[39m[22m
[1mModule parse [1m[31mfailed[39m[22m[1m: 'import' and 'export' may only appear at the top level (65:8)
File was processed with these loaders:
 * ./node_modules/ts-loader/index.js
You may need an additional loader to handle the result of these loaders.
|         const badges = this.userBadges.get(userId);
|         return badges ? badges.has(badgeType) : false;
>         import { Injectable } from '@nestjs/common';
|         import { InjectRepository } from '@nestjs/typeorm';
|         import { Repository } from 'typeorm';[39m[22m
 @ ./src/rewards/badges/badge.module.ts 16:24-50
 @ ./src/rewards/reward.module.ts 26:23-55
 @ ./src/app.module.ts 52:24-58
 @ ./src/main.ts 6:21-44

[1m[31mERROR[39m[22m in [1mC:\Users\DELL\Desktop\Uzima-Backend\src\rewards\badges\badge.service.ts[39m[22m
[1m./src/rewards/badges/badge.service.ts[39m[22m [1m[32m109:1[39m[22m
[1m[tsl] [1m[31mERROR[39m[22m[1m in C:\Users\DELL\Desktop\Uzima-Backend\src\rewards\badges\badge.service.ts(109,2)
      TS1005: '}' expected.[39m[22m
 @ ./src/rewards/badges/badge.module.ts 16:24-50
 @ ./src/rewards/reward.module.ts 26:23-55
 @ ./src/app.module.ts 52:24-58
 @ ./src/main.ts 6:21-44

[1m[31mERROR[39m[22m in [1m./src/rewards/reward.controller.ts[39m[22m [1m[32m20:25-65[39m[22m
[1mModule [1m[31mnot found[39m[22m[1m: [1m[31mError[39m[22m[1m: Can't resolve '../auth/guards/jwt-auth.guard' in 'C:\Users\DELL\Desktop\Uzima-Backend\src\rewards'[39m[22m
 @ ./src/rewards/reward.module.ts 12:28-58
 @ ./src/app.module.ts 52:24-58
 @ ./src/main.ts 6:21-44

[1m[31mERROR[39m[22m in [1m./src/rewards/reward.controller.ts[39m[22m [1m[32m21:29-77[39m[22m
[1mModule [1m[31mnot found[39m[22m[1m: [1m[31mError[39m[22m[1m: Can't resolve '../auth/decorators/get-user.decorator' in 'C:\Users\DELL\Desktop\Uzima-Backend\src\rewards'[39m[22m
 @ ./src/rewards/reward.module.ts 12:28-58
 @ ./src/app.module.ts 52:24-58
 @ ./src/main.ts 6:21-44

[1m[31mERROR[39m[22m in [1m./src/rewards/reward.controller.ts[39m[22m [1m[32m22:35-76[39m[22m
[1mModule [1m[31mnot found[39m[22m[1m: [1m[31mError[39m[22m[1m: Can't resolve './dto/payout-history-query.dto' in 'C:\Users\DELL\Desktop\Uzima-Backend\src\rewards'[39m[22m
 @ ./src/rewards/reward.module.ts 12:28-58
 @ ./src/app.module.ts 52:24-58
 @ ./src/main.ts 6:21-44

[1m[31mERROR[39m[22m in [1m./src/shared/analytics/analytics.service.ts[39m[22m [1m[32m68:16[39m[22m
[1mModule parse [1m[31mfailed[39m[22m[1m: [1m[31mUnexpected[39m[22m[1m token (68:16)
File was processed with these loaders:
 * ./node_modules/ts-loader/index.js
You may need an additional loader to handle the result of these loaders.
| ], AnalyticsService);
| {
>     constructor(, providers, AnalyticsProvider[]);
|     { }
|     /**[39m[22m
 @ ./src/shared/analytics/analytics.module.ts 13:28-58
 @ ./src/app.module.ts 49:27-73
 @ ./src/main.ts 6:21-44

[1m[31mERROR[39m[22m in [1mC:\Users\DELL\Desktop\Uzima-Backend\src\shared\analytics\analytics.service.ts[39m[22m
[1m./src/shared/analytics/analytics.service.ts[39m[22m [1m[32m91:7-12[39m[22m
[1m[tsl] [1m[31mERROR[39m[22m[1m in C:\Users\DELL\Desktop\Uzima-Backend\src\shared\analytics\analytics.service.ts(91,8)
      TS1434: [1m[31mUnexpected[39m[22m[1m keyword or identifier.[39m[22m
 @ ./src/shared/analytics/analytics.module.ts 13:28-58
 @ ./src/app.module.ts 49:27-73
 @ ./src/main.ts 6:21-44

[1m[31mERROR[39m[22m in [1mC:\Users\DELL\Desktop\Uzima-Backend\src\shared\analytics\analytics.service.ts[39m[22m
[1m./src/shared/analytics/analytics.service.ts[39m[22m [1m[32m91:13-29[39m[22m
[1m[tsl] [1m[31mERROR[39m[22m[1m in C:\Users\DELL\Desktop\Uzima-Backend\src\shared\analytics\analytics.service.ts(91,14)
      TS1434: [1m[31mUnexpected[39m[22m[1m keyword or identifier.[39m[22m
 @ ./src/shared/analytics/analytics.module.ts 13:28-58
 @ ./src/app.module.ts 49:27-73
 @ ./src/main.ts 6:21-44

[1m[31mERROR[39m[22m in [1mC:\Users\DELL\Desktop\Uzima-Backend\src\shared\analytics\analytics.service.ts[39m[22m
[1m./src/shared/analytics/analytics.service.ts[39m[22m [1m[32m91:30-31[39m[22m
[1m[tsl] [1m[31mERROR[39m[22m[1m in C:\Users\DELL\Desktop\Uzima-Backend\src\shared\analytics\analytics.service.ts(91,31)
      TS1068: [1m[31mUnexpected[39m[22m[1m token. A constructor, method, accessor, or property was expected.[39m[22m
 @ ./src/shared/analytics/analytics.module.ts 13:28-58
 @ ./src/app.module.ts 49:27-73
 @ ./src/main.ts 6:21-44

[1m[31mERROR[39m[22m in [1mC:\Users\DELL\Desktop\Uzima-Backend\src\shared\analytics\analytics.service.ts[39m[22m
[1m./src/shared/analytics/analytics.service.ts[39m[22m [1m[32m94:20[39m[22m
[1m[tsl] [1m[31mERROR[39m[22m[1m in C:\Users\DELL\Desktop\Uzima-Backend\src\shared\analytics\analytics.service.ts(94,21)
      TS1109: Expression expected.[39m[22m
 @ ./src/shared/analytics/analytics.module.ts 13:28-58
 @ ./src/app.module.ts 49:27-73
 @ ./src/main.ts 6:21-44

[1m[31mERROR[39m[22m in [1mC:\Users\DELL\Desktop\Uzima-Backend\src\shared\analytics\analytics.service.ts[39m[22m
[1m./src/shared/analytics/analytics.service.ts[39m[22m [1m[32m94:21-30[39m[22m
[1m[tsl] [1m[31mERROR[39m[22m[1m in C:\Users\DELL\Desktop\Uzima-Backend\src\shared\analytics\analytics.service.ts(94,22)
      TS1005: ',' expected.[39m[22m
 @ ./src/shared/analytics/analytics.module.ts 13:28-58
 @ ./src/app.module.ts 49:27-73
 @ ./src/main.ts 6:21-44

[1m[31mERROR[39m[22m in [1mC:\Users\DELL\Desktop\Uzima-Backend\src\shared\analytics\analytics.service.ts[39m[22m
[1m./src/shared/analytics/analytics.service.ts[39m[22m [1m[32m94:30-31[39m[22m
[1m[tsl] [1m[31mERROR[39m[22m[1m in C:\Users\DELL\Desktop\Uzima-Backend\src\shared\analytics\analytics.service.ts(94,31)
      TS1005: ',' expected.[39m[22m
 @ ./src/shared/analytics/analytics.module.ts 13:28-58
 @ ./src/app.module.ts 49:27-73
 @ ./src/main.ts 6:21-44

[1m[31mERROR[39m[22m in [1mC:\Users\DELL\Desktop\Uzima-Backend\src\shared\analytics\analytics.service.ts[39m[22m
[1m./src/shared/analytics/analytics.service.ts[39m[22m [1m[32m94:50[39m[22m
[1m[tsl] [1m[31mERROR[39m[22m[1m in C:\Users\DELL\Desktop\Uzima-Backend\src\shared\analytics\analytics.service.ts(94,51)
      TS1011: An element access expression should take an argument.[39m[22m
 @ ./src/shared/analytics/analytics.module.ts 13:28-58
 @ ./src/app.module.ts 49:27-73
 @ ./src/main.ts 6:21-44

[1m[31mERROR[39m[22m in [1mC:\Users\DELL\Desktop\Uzima-Backend\src\shared\analytics\analytics.service.ts[39m[22m
[1m./src/shared/analytics/analytics.service.ts[39m[22m [1m[32m95:4-5[39m[22m
[1m[tsl] [1m[31mERROR[39m[22m[1m in C:\Users\DELL\Desktop\Uzima-Backend\src\shared\analytics\analytics.service.ts(95,5)
      TS1005: ';' expected.[39m[22m
 @ ./src/shared/analytics/analytics.module.ts 13:28-58
 @ ./src/app.module.ts 49:27-73
 @ ./src/main.ts 6:21-44

[1m[31mERROR[39m[22m in [1mC:\Users\DELL\Desktop\Uzima-Backend\src\shared\analytics\analytics.service.ts[39m[22m
[1m./src/shared/analytics/analytics.service.ts[39m[22m [1m[32m101:2-7[39m[22m
[1m[tsl] [1m[31mERROR[39m[22m[1m in C:\Users\DELL\Desktop\Uzima-Backend\src\shared\analytics\analytics.service.ts(101,3)
      TS1434: [1m[31mUnexpected[39m[22m[1m keyword or identifier.[39m[22m
 @ ./src/shared/analytics/analytics.module.ts 13:28-58
 @ ./src/app.module.ts 49:27-73
 @ ./src/main.ts 6:21-44

[1m[31mERROR[39m[22m in [1mC:\Users\DELL\Desktop\Uzima-Backend\src\shared\analytics\analytics.service.ts[39m[22m
[1m./src/shared/analytics/analytics.service.ts[39m[22m [1m[32m101:28-29[39m[22m
[1m[tsl] [1m[31mERROR[39m[22m[1m in C:\Users\DELL\Desktop\Uzima-Backend\src\shared\analytics\analytics.service.ts(101,29)
      TS1005: ',' expected.[39m[22m
 @ ./src/shared/analytics/analytics.module.ts 13:28-58
 @ ./src/app.module.ts 49:27-73
 @ ./src/main.ts 6:21-44

[1m[31mERROR[39m[22m in [1mC:\Users\DELL\Desktop\Uzima-Backend\src\shared\analytics\analytics.service.ts[39m[22m
[1m./src/shared/analytics/analytics.service.ts[39m[22m [1m[32m101:45-46[39m[22m
[1m[tsl] [1m[31mERROR[39m[22m[1m in C:\Users\DELL\Desktop\Uzima-Backend\src\shared\analytics\analytics.service.ts(101,46)
      TS1005: ',' expected.[39m[22m
 @ ./src/shared/analytics/analytics.module.ts 13:28-58
 @ ./src/app.module.ts 49:27-73
 @ ./src/main.ts 6:21-44

[1m[31mERROR[39m[22m in [1mC:\Users\DELL\Desktop\Uzima-Backend\src\shared\analytics\analytics.service.ts[39m[22m
[1m./src/shared/analytics/analytics.service.ts[39m[22m [1m[32m101:76-77[39m[22m
[1m[tsl] [1m[31mERROR[39m[22m[1m in C:\Users\DELL\Desktop\Uzima-Backend\src\shared\analytics\analytics.service.ts(101,77)
      TS1005: ';' expected.[39m[22m
 @ ./src/shared/analytics/analytics.module.ts 13:28-58
 @ ./src/app.module.ts 49:27-73
 @ ./src/main.ts 6:21-44

[1m[31mERROR[39m[22m in [1mC:\Users\DELL\Desktop\Uzima-Backend\src\shared\analytics\analytics.service.ts[39m[22m
[1m./src/shared/analytics/analytics.service.ts[39m[22m [1m[32m101:90-91[39m[22m
[1m[tsl] [1m[31mERROR[39m[22m[1m in C:\Users\DELL\Desktop\Uzima-Backend\src\shared\analytics\analytics.service.ts(101,91)
      TS1109: Expression expected.[39m[22m
 @ ./src/shared/analytics/analytics.module.ts 13:28-58
 @ ./src/app.module.ts 49:27-73
 @ ./src/main.ts 6:21-44

[1m[31mERROR[39m[22m in [1mC:\Users\DELL\Desktop\Uzima-Backend\src\shared\analytics\analytics.service.ts[39m[22m
[1m./src/shared/analytics/analytics.service.ts[39m[22m [1m[32m102:10-17[39m[22m
[1m[tsl] [1m[31mERROR[39m[22m[1m in C:\Users\DELL\Desktop\Uzima-Backend\src\shared\analytics\analytics.service.ts(102,11)
      TS1005: ',' expected.[39m[22m
 @ ./src/shared/analytics/analytics.module.ts 13:28-58
 @ ./src/app.module.ts 49:27-73
 @ ./src/main.ts 6:21-44

[1m[31mERROR[39m[22m in [1mC:\Users\DELL\Desktop\Uzima-Backend\src\shared\analytics\analytics.service.ts[39m[22m
[1m./src/shared/analytics/analytics.service.ts[39m[22m [1m[32m102:17-18[39m[22m
[1m[tsl] [1m[31mERROR[39m[22m[1m in C:\Users\DELL\Desktop\Uzima-Backend\src\shared\analytics\analytics.service.ts(102,18)
      TS1005: ',' expected.[39m[22m
 @ ./src/shared/analytics/analytics.module.ts 13:28-58
 @ ./src/app.module.ts 49:27-73
 @ ./src/main.ts 6:21-44

[1m[31mERROR[39m[22m in [1mC:\Users\DELL\Desktop\Uzima-Backend\src\shared\analytics\analytics.service.ts[39m[22m
[1m./src/shared/analytics/analytics.service.ts[39m[22m [1m[32m108:5-6[39m[22m
[1m[tsl] [1m[31mERROR[39m[22m[1m in C:\Users\DELL\Desktop\Uzima-Backend\src\shared\analytics\analytics.service.ts(108,6)
      TS1005: ',' expected.[39m[22m
 @ ./src/shared/analytics/analytics.module.ts 13:28-58
 @ ./src/app.module.ts 49:27-73
 @ ./src/main.ts 6:21-44

[1m[31mERROR[39m[22m in [1mC:\Users\DELL\Desktop\Uzima-Backend\src\shared\analytics\analytics.service.ts[39m[22m
[1m./src/shared/analytics/analytics.service.ts[39m[22m [1m[32m115:2-8[39m[22m
[1m[tsl] [1m[31mERROR[39m[22m[1m in C:\Users\DELL\Desktop\Uzima-Backend\src\shared\analytics\analytics.service.ts(115,3)
      TS1128: Declaration or statement expected.[39m[22m
 @ ./src/shared/analytics/analytics.module.ts 13:28-58
 @ ./src/app.module.ts 49:27-73
 @ ./src/main.ts 6:21-44

[1m[31mERROR[39m[22m in [1mC:\Users\DELL\Desktop\Uzima-Backend\src\shared\analytics\analytics.service.ts[39m[22m
[1m./src/shared/analytics/analytics.service.ts[39m[22m [1m[32m115:31-32[39m[22m
[1m[tsl] [1m[31mERROR[39m[22m[1m in C:\Users\DELL\Desktop\Uzima-Backend\src\shared\analytics\analytics.service.ts(115,32)
      TS1005: ',' expected.[39m[22m
 @ ./src/shared/analytics/analytics.module.ts 13:28-58
 @ ./src/app.module.ts 49:27-73
 @ ./src/main.ts 6:21-44

[1m[31mERROR[39m[22m in [1mC:\Users\DELL\Desktop\Uzima-Backend\src\shared\analytics\analytics.service.ts[39m[22m
[1m./src/shared/analytics/analytics.service.ts[39m[22m [1m[32m115:47-48[39m[22m
[1m[tsl] [1m[31mERROR[39m[22m[1m in C:\Users\DELL\Desktop\Uzima-Backend\src\shared\analytics\analytics.service.ts(115,48)
      TS1005: ',' expected.[39m[22m
 @ ./src/shared/analytics/analytics.module.ts 13:28-58
 @ ./src/app.module.ts 49:27-73
 @ ./src/main.ts 6:21-44

[1m[31mERROR[39m[22m in [1mC:\Users\DELL\Desktop\Uzima-Backend\src\shared\analytics\analytics.service.ts[39m[22m
[1m./src/shared/analytics/analytics.service.ts[39m[22m [1m[32m115:66-67[39m[22m
[1m[tsl] [1m[31mERROR[39m[22m[1m in C:\Users\DELL\Desktop\Uzima-Backend\src\shared\analytics\analytics.service.ts(115,67)
      TS1109: Expression expected.[39m[22m
 @ ./src/shared/analytics/analytics.module.ts 13:28-58
 @ ./src/app.module.ts 49:27-73
 @ ./src/main.ts 6:21-44

[1m[31mERROR[39m[22m in [1mC:\Users\DELL\Desktop\Uzima-Backend\src\shared\analytics\analytics.service.ts[39m[22m
[1m./src/shared/analytics/analytics.service.ts[39m[22m [1m[32m115:88-89[39m[22m
[1m[tsl] [1m[31mERROR[39m[22m[1m in C:\Users\DELL\Desktop\Uzima-Backend\src\shared\analytics\analytics.service.ts(115,89)
      TS1005: ';' expected.[39m[22m
 @ ./src/shared/analytics/analytics.module.ts 13:28-58
 @ ./src/app.module.ts 49:27-73
 @ ./src/main.ts 6:21-44

[1m[31mERROR[39m[22m in [1mC:\Users\DELL\Desktop\Uzima-Backend\src\shared\analytics\analytics.service.ts[39m[22m
[1m./src/shared/analytics/analytics.service.ts[39m[22m [1m[32m116:8-9[39m[22m
[1m[tsl] [1m[31mERROR[39m[22m[1m in C:\Users\DELL\Desktop\Uzima-Backend\src\shared\analytics\analytics.service.ts(116,9)
      TS1005: ':' expected.[39m[22m
 @ ./src/shared/analytics/analytics.module.ts 13:28-58
 @ ./src/app.module.ts 49:27-73
 @ ./src/main.ts 6:21-44

[1m[31mERROR[39m[22m in [1mC:\Users\DELL\Desktop\Uzima-Backend\src\shared\analytics\analytics.service.ts[39m[22m
[1m./src/shared/analytics/analytics.service.ts[39m[22m [1m[32m121:6-7[39m[22m
[1m[tsl] [1m[31mERROR[39m[22m[1m in C:\Users\DELL\Desktop\Uzima-Backend\src\shared\analytics\analytics.service.ts(121,7)
      TS1005: ',' expected.[39m[22m
 @ ./src/shared/analytics/analytics.module.ts 13:28-58
 @ ./src/app.module.ts 49:27-73
 @ ./src/main.ts 6:21-44

[1m[31mERROR[39m[22m in [1mC:\Users\DELL\Desktop\Uzima-Backend\src\shared\analytics\analytics.service.ts[39m[22m
[1m./src/shared/analytics/analytics.service.ts[39m[22m [1m[32m128:2-8[39m[22m
[1m[tsl] [1m[31mERROR[39m[22m[1m in C:\Users\DELL\Desktop\Uzima-Backend\src\shared\analytics\analytics.service.ts(128,3)
      TS1128: Declaration or statement expected.[39m[22m
 @ ./src/shared/analytics/analytics.module.ts 13:28-58
 @ ./src/app.module.ts 49:27-73
 @ ./src/main.ts 6:21-44

[1m[31mERROR[39m[22m in [1mC:\Users\DELL\Desktop\Uzima-Backend\src\shared\analytics\analytics.service.ts[39m[22m
[1m./src/shared/analytics/analytics.service.ts[39m[22m [1m[32m128:37-38[39m[22m
[1m[tsl] [1m[31mERROR[39m[22m[1m in C:\Users\DELL\Desktop\Uzima-Backend\src\shared\analytics\analytics.service.ts(128,38)
      TS1005: ',' expected.[39m[22m
 @ ./src/shared/analytics/analytics.module.ts 13:28-58
 @ ./src/app.module.ts 49:27-73
 @ ./src/main.ts 6:21-44

[1m[31mERROR[39m[22m in [1mC:\Users\DELL\Desktop\Uzima-Backend\src\shared\analytics\analytics.service.ts[39m[22m
[1m./src/shared/analytics/analytics.service.ts[39m[22m [1m[32m128:52-53[39m[22m
[1m[tsl] [1m[31mERROR[39m[22m[1m in C:\Users\DELL\Desktop\Uzima-Backend\src\shared\analytics\analytics.service.ts(128,53)
      TS1005: ',' expected.[39m[22m
 @ ./src/shared/analytics/analytics.module.ts 13:28-58
 @ ./src/app.module.ts 49:27-73
 @ ./src/main.ts 6:21-44

[1m[31mERROR[39m[22m in [1mC:\Users\DELL\Desktop\Uzima-Backend\src\shared\analytics\analytics.service.ts[39m[22m
[1m./src/shared/analytics/analytics.service.ts[39m[22m [1m[32m128:70-71[39m[22m
[1m[tsl] [1m[31mERROR[39m[22m[1m in C:\Users\DELL\Desktop\Uzima-Backend\src\shared\analytics\analytics.service.ts(128,71)
      TS1109: Expression expected.[39m[22m
 @ ./src/shared/analytics/analytics.module.ts 13:28-58
 @ ./src/app.module.ts 49:27-73
 @ ./src/main.ts 6:21-44

[1m[31mERROR[39m[22m in [1mC:\Users\DELL\Desktop\Uzima-Backend\src\shared\analytics\analytics.service.ts[39m[22m
[1m./src/shared/analytics/analytics.service.ts[39m[22m [1m[32m128:79-80[39m[22m
[1m[tsl] [1m[31mERROR[39m[22m[1m in C:\Users\DELL\Desktop\Uzima-Backend\src\shared\analytics\analytics.service.ts(128,80)
      TS1005: ';' expected.[39m[22m
 @ ./src/shared/analytics/analytics.module.ts 13:28-58
 @ ./src/app.module.ts 49:27-73
 @ ./src/main.ts 6:21-44

[1m[31mERROR[39m[22m in [1mC:\Users\DELL\Desktop\Uzima-Backend\src\shared\analytics\analytics.service.ts[39m[22m
[1m./src/shared/analytics/analytics.service.ts[39m[22m [1m[32m129:8-9[39m[22m
[1m[tsl] [1m[31mERROR[39m[22m[1m in C:\Users\DELL\Desktop\Uzima-Backend\src\shared\analytics\analytics.service.ts(129,9)
      TS1005: ':' expected.[39m[22m
 @ ./src/shared/analytics/analytics.module.ts 13:28-58
 @ ./src/app.module.ts 49:27-73
 @ ./src/main.ts 6:21-44

[1m[31mERROR[39m[22m in [1mC:\Users\DELL\Desktop\Uzima-Backend\src\shared\analytics\analytics.service.ts[39m[22m
[1m./src/shared/analytics/analytics.service.ts[39m[22m [1m[32m134:6-7[39m[22m
[1m[tsl] [1m[31mERROR[39m[22m[1m in C:\Users\DELL\Desktop\Uzima-Backend\src\shared\analytics\analytics.service.ts(134,7)
      TS1005: ',' expected.[39m[22m
 @ ./src/shared/analytics/analytics.module.ts 13:28-58
 @ ./src/app.module.ts 49:27-73
 @ ./src/main.ts 6:21-44

[1m[31mERROR[39m[22m in [1mC:\Users\DELL\Desktop\Uzima-Backend\src\shared\analytics\analytics.service.ts[39m[22m
[1m./src/shared/analytics/analytics.service.ts[39m[22m [1m[32m141:2-8[39m[22m
[1m[tsl] [1m[31mERROR[39m[22m[1m in C:\Users\DELL\Desktop\Uzima-Backend\src\shared\analytics\analytics.service.ts(141,3)
      TS1128: Declaration or statement expected.[39m[22m
 @ ./src/shared/analytics/analytics.module.ts 13:28-58
 @ ./src/app.module.ts 49:27-73
 @ ./src/main.ts 6:21-44

[1m[31mERROR[39m[22m in [1mC:\Users\DELL\Desktop\Uzima-Backend\src\shared\analytics\analytics.service.ts[39m[22m
[1m./src/shared/analytics/analytics.service.ts[39m[22m [1m[32m141:36-37[39m[22m
[1m[tsl] [1m[31mERROR[39m[22m[1m in C:\Users\DELL\Desktop\Uzima-Backend\src\shared\analytics\analytics.service.ts(141,37)
      TS1005: ',' expected.[39m[22m
 @ ./src/shared/analytics/analytics.module.ts 13:28-58
 @ ./src/app.module.ts 49:27-73
 @ ./src/main.ts 6:21-44

[1m[31mERROR[39m[22m in [1mC:\Users\DELL\Desktop\Uzima-Backend\src\shared\analytics\analytics.service.ts[39m[22m
[1m./src/shared/analytics/analytics.service.ts[39m[22m [1m[32m141:47-48[39m[22m
[1m[tsl] [1m[31mERROR[39m[22m[1m in C:\Users\DELL\Desktop\Uzima-Backend\src\shared\analytics\analytics.service.ts(141,48)
      TS1005: ',' expected.[39m[22m
 @ ./src/shared/analytics/analytics.module.ts 13:28-58
 @ ./src/app.module.ts 49:27-73
 @ ./src/main.ts 6:21-44

[1m[31mERROR[39m[22m in [1mC:\Users\DELL\Desktop\Uzima-Backend\src\shared\analytics\analytics.service.ts[39m[22m
[1m./src/shared/analytics/analytics.service.ts[39m[22m [1m[32m141:54-55[39m[22m
[1m[tsl] [1m[31mERROR[39m[22m[1m in C:\Users\DELL\Desktop\Uzima-Backend\src\shared\analytics\analytics.service.ts(141,55)
      TS1005: ';' expected.[39m[22m
 @ ./src/shared/analytics/analytics.module.ts 13:28-58
 @ ./src/app.module.ts 49:27-73
 @ ./src/main.ts 6:21-44

[1m[31mERROR[39m[22m in [1mC:\Users\DELL\Desktop\Uzima-Backend\src\shared\analytics\analytics.service.ts[39m[22m
[1m./src/shared/analytics/analytics.service.ts[39m[22m [1m[32m142:10-23[39m[22m
[1m[tsl] [1m[31mERROR[39m[22m[1m in C:\Users\DELL\Desktop\Uzima-Backend\src\shared\analytics\analytics.service.ts(142,11)
      TS1005: ':' expected.[39m[22m
 @ ./src/shared/analytics/analytics.module.ts 13:28-58
 @ ./src/app.module.ts 49:27-73
 @ ./src/main.ts 6:21-44

[1m[31mERROR[39m[22m in [1mC:\Users\DELL\Desktop\Uzima-Backend\src\shared\analytics\analytics.service.ts[39m[22m
[1m./src/shared/analytics/analytics.service.ts[39m[22m [1m[32m142:63-64[39m[22m
[1m[tsl] [1m[31mERROR[39m[22m[1m in C:\Users\DELL\Desktop\Uzima-Backend\src\shared\analytics\analytics.service.ts(142,64)
      TS1005: ',' expected.[39m[22m
 @ ./src/shared/analytics/analytics.module.ts 13:28-58
 @ ./src/app.module.ts 49:27-73
 @ ./src/main.ts 6:21-44

[1m[31mERROR[39m[22m in [1mC:\Users\DELL\Desktop\Uzima-Backend\src\shared\analytics\analytics.service.ts[39m[22m
[1m./src/shared/analytics/analytics.service.ts[39m[22m [1m[32m143:10-34[39m[22m
[1m[tsl] [1m[31mERROR[39m[22m[1m in C:\Users\DELL\Desktop\Uzima-Backend\src\shared\analytics\analytics.service.ts(143,11)
      TS1005: ':' expected.[39m[22m
 @ ./src/shared/analytics/analytics.module.ts 13:28-58
 @ ./src/app.module.ts 49:27-73
 @ ./src/main.ts 6:21-44

[1m[31mERROR[39m[22m in [1mC:\Users\DELL\Desktop\Uzima-Backend\src\shared\analytics\analytics.service.ts[39m[22m
[1m./src/shared/analytics/analytics.service.ts[39m[22m [1m[32m143:34-35[39m[22m
[1m[tsl] [1m[31mERROR[39m[22m[1m in C:\Users\DELL\Desktop\Uzima-Backend\src\shared\analytics\analytics.service.ts(143,35)
      TS1005: ',' expected.[39m[22m
 @ ./src/shared/analytics/analytics.module.ts 13:28-58
 @ ./src/app.module.ts 49:27-73
 @ ./src/main.ts 6:21-44

[1m[31mERROR[39m[22m in [1mC:\Users\DELL\Desktop\Uzima-Backend\src\shared\analytics\analytics.service.ts[39m[22m
[1m./src/shared/analytics/analytics.service.ts[39m[22m [1m[32m143:59-60[39m[22m
[1m[tsl] [1m[31mERROR[39m[22m[1m in C:\Users\DELL\Desktop\Uzima-Backend\src\shared\analytics\analytics.service.ts(143,60)
      TS1005: '(' expected.[39m[22m
 @ ./src/shared/analytics/analytics.module.ts 13:28-58
 @ ./src/app.module.ts 49:27-73
 @ ./src/main.ts 6:21-44

[1m[31mERROR[39m[22m in [1mC:\Users\DELL\Desktop\Uzima-Backend\src\shared\analytics\analytics.service.ts[39m[22m
[1m./src/shared/analytics/analytics.service.ts[39m[22m [1m[32m143:61-62[39m[22m
[1m[tsl] [1m[31mERROR[39m[22m[1m in C:\Users\DELL\Desktop\Uzima-Backend\src\shared\analytics\analytics.service.ts(143,62)
      TS1136: Property assignment expected.[39m[22m
 @ ./src/shared/analytics/analytics.module.ts 13:28-58
 @ ./src/app.module.ts 49:27-73
 @ ./src/main.ts 6:21-44

[1m[31mERROR[39m[22m in [1mC:\Users\DELL\Desktop\Uzima-Backend\src\shared\analytics\analytics.service.ts[39m[22m
[1m./src/shared/analytics/analytics.service.ts[39m[22m [1m[32m156:2-8[39m[22m
[1m[tsl] [1m[31mERROR[39m[22m[1m in C:\Users\DELL\Desktop\Uzima-Backend\src\shared\analytics\analytics.service.ts(156,3)
      TS1128: Declaration or statement expected.[39m[22m
 @ ./src/shared/analytics/analytics.module.ts 13:28-58
 @ ./src/app.module.ts 49:27-73
 @ ./src/main.ts 6:21-44

[1m[31mERROR[39m[22m in [1mC:\Users\DELL\Desktop\Uzima-Backend\src\shared\analytics\analytics.service.ts[39m[22m
[1m./src/shared/analytics/analytics.service.ts[39m[22m [1m[32m156:38-39[39m[22m
[1m[tsl] [1m[31mERROR[39m[22m[1m in C:\Users\DELL\Desktop\Uzima-Backend\src\shared\analytics\analytics.service.ts(156,39)
      TS1005: ',' expected.[39m[22m
 @ ./src/shared/analytics/analytics.module.ts 13:28-58
 @ ./src/app.module.ts 49:27-73
 @ ./src/main.ts 6:21-44

[1m[31mERROR[39m[22m in [1mC:\Users\DELL\Desktop\Uzima-Backend\src\shared\analytics\analytics.service.ts[39m[22m
[1m./src/shared/analytics/analytics.service.ts[39m[22m [1m[32m156:49-50[39m[22m
[1m[tsl] [1m[31mERROR[39m[22m[1m in C:\Users\DELL\Desktop\Uzima-Backend\src\shared\analytics\analytics.service.ts(156,50)
      TS1005: ',' expected.[39m[22m
 @ ./src/shared/analytics/analytics.module.ts 13:28-58
 @ ./src/app.module.ts 49:27-73
 @ ./src/main.ts 6:21-44

[1m[31mERROR[39m[22m in [1mC:\Users\DELL\Desktop\Uzima-Backend\src\shared\analytics\analytics.service.ts[39m[22m
[1m./src/shared/analytics/analytics.service.ts[39m[22m [1m[32m156:56-57[39m[22m
[1m[tsl] [1m[31mERROR[39m[22m[1m in C:\Users\DELL\Desktop\Uzima-Backend\src\shared\analytics\analytics.service.ts(156,57)
      TS1005: ';' expected.[39m[22m
 @ ./src/shared/analytics/analytics.module.ts 13:28-58
 @ ./src/app.module.ts 49:27-73
 @ ./src/main.ts 6:21-44

[1m[31mERROR[39m[22m in [1mC:\Users\DELL\Desktop\Uzima-Backend\src\shared\analytics\analytics.service.ts[39m[22m
[1m./src/shared/analytics/analytics.service.ts[39m[22m [1m[32m156:58-73[39m[22m
[1m[tsl] [1m[31mERROR[39m[22m[1m in C:\Users\DELL\Desktop\Uzima-Backend\src\shared\analytics\analytics.service.ts(156,59)
      TS1434: [1m[31mUnexpected[39m[22m[1m keyword or identifier.[39m[22m
 @ ./src/shared/analytics/analytics.module.ts 13:28-58
 @ ./src/app.module.ts 49:27-73
 @ ./src/main.ts 6:21-44

[1m[31mERROR[39m[22m in [1mC:\Users\DELL\Desktop\Uzima-Backend\src\shared\analytics\analytics.service.ts[39m[22m
[1m./src/shared/analytics/analytics.service.ts[39m[22m [1m[32m192:2-8[39m[22m
[1m[tsl] [1m[31mERROR[39m[22m[1m in C:\Users\DELL\Desktop\Uzima-Backend\src\shared\analytics\analytics.service.ts(192,3)
      TS1128: Declaration or statement expected.[39m[22m
 @ ./src/shared/analytics/analytics.module.ts 13:28-58
 @ ./src/app.module.ts 49:27-73
 @ ./src/main.ts 6:21-44

[1m[31mERROR[39m[22m in [1mC:\Users\DELL\Desktop\Uzima-Backend\src\shared\analytics\analytics.service.ts[39m[22m
[1m./src/shared/analytics/analytics.service.ts[39m[22m [1m[32m192:33-34[39m[22m
[1m[tsl] [1m[31mERROR[39m[22m[1m in C:\Users\DELL\Desktop\Uzima-Backend\src\shared\analytics\analytics.service.ts(192,34)
      TS1005: ',' expected.[39m[22m
 @ ./src/shared/analytics/analytics.module.ts 13:28-58
 @ ./src/app.module.ts 49:27-73
 @ ./src/main.ts 6:21-44

[1m[31mERROR[39m[22m in [1mC:\Users\DELL\Desktop\Uzima-Backend\src\shared\analytics\analytics.service.ts[39m[22m
[1m./src/shared/analytics/analytics.service.ts[39m[22m [1m[32m193:16-17[39m[22m
[1m[tsl] [1m[31mERROR[39m[22m[1m in C:\Users\DELL\Desktop\Uzima-Backend\src\shared\analytics\analytics.service.ts(193,17)
      TS1005: ',' expected.[39m[22m
 @ ./src/shared/analytics/analytics.module.ts 13:28-58
 @ ./src/app.module.ts 49:27-73
 @ ./src/main.ts 6:21-44

[1m[31mERROR[39m[22m in [1mC:\Users\DELL\Desktop\Uzima-Backend\src\shared\analytics\analytics.service.ts[39m[22m
[1m./src/shared/analytics/analytics.service.ts[39m[22m [1m[32m194:14-15[39m[22m
[1m[tsl] [1m[31mERROR[39m[22m[1m in C:\Users\DELL\Desktop\Uzima-Backend\src\shared\analytics\analytics.service.ts(194,15)
      TS1005: ',' expected.[39m[22m
 @ ./src/shared/analytics/analytics.module.ts 13:28-58
 @ ./src/app.module.ts 49:27-73
 @ ./src/main.ts 6:21-44

[1m[31mERROR[39m[22m in [1mC:\Users\DELL\Desktop\Uzima-Backend\src\shared\analytics\analytics.service.ts[39m[22m
[1m./src/shared/analytics/analytics.service.ts[39m[22m [1m[32m195:19-20[39m[22m
[1m[tsl] [1m[31mERROR[39m[22m[1m in C:\Users\DELL\Desktop\Uzima-Backend\src\shared\analytics\analytics.service.ts(195,20)
      TS1005: ',' expected.[39m[22m
 @ ./src/shared/analytics/analytics.module.ts 13:28-58
 @ ./src/app.module.ts 49:27-73
 @ ./src/main.ts 6:21-44

[1m[31mERROR[39m[22m in [1mC:\Users\DELL\Desktop\Uzima-Backend\src\shared\analytics\analytics.service.ts[39m[22m
[1m./src/shared/analytics/analytics.service.ts[39m[22m [1m[32m196:19-20[39m[22m
[1m[tsl] [1m[31mERROR[39m[22m[1m in C:\Users\DELL\Desktop\Uzima-Backend\src\shared\analytics\analytics.service.ts(196,20)
      TS1005: ',' expected.[39m[22m
 @ ./src/shared/analytics/analytics.module.ts 13:28-58
 @ ./src/app.module.ts 49:27-73
 @ ./src/main.ts 6:21-44

[1m[31mERROR[39m[22m in [1mC:\Users\DELL\Desktop\Uzima-Backend\src\shared\analytics\analytics.service.ts[39m[22m
[1m./src/shared/analytics/analytics.service.ts[39m[22m [1m[32m197:4-5[39m[22m
[1m[tsl] [1m[31mERROR[39m[22m[1m in C:\Users\DELL\Desktop\Uzima-Backend\src\shared\analytics\analytics.service.ts(197,5)
      TS1005: ';' expected.[39m[22m
 @ ./src/shared/analytics/analytics.module.ts 13:28-58
 @ ./src/app.module.ts 49:27-73
 @ ./src/main.ts 6:21-44

[1m[31mERROR[39m[22m in [1mC:\Users\DELL\Desktop\Uzima-Backend\src\shared\analytics\analytics.service.ts[39m[22m
[1m./src/shared/analytics/analytics.service.ts[39m[22m [1m[32m197:24[39m[22m
[1m[tsl] [1m[31mERROR[39m[22m[1m in C:\Users\DELL\Desktop\Uzima-Backend\src\shared\analytics\analytics.service.ts(197,25)
      TS1011: An element access expression should take an argument.[39m[22m
 @ ./src/shared/analytics/analytics.module.ts 13:28-58
 @ ./src/app.module.ts 49:27-73
 @ ./src/main.ts 6:21-44

[1m[31mERROR[39m[22m in [1mC:\Users\DELL\Desktop\Uzima-Backend\src\shared\analytics\analytics.service.ts[39m[22m
[1m./src/shared/analytics/analytics.service.ts[39m[22m [1m[32m197:26-27[39m[22m
[1m[tsl] [1m[31mERROR[39m[22m[1m in C:\Users\DELL\Desktop\Uzima-Backend\src\shared\analytics\analytics.service.ts(197,27)
      TS1005: ';' expected.[39m[22m
 @ ./src/shared/analytics/analytics.module.ts 13:28-58
 @ ./src/app.module.ts 49:27-73
 @ ./src/main.ts 6:21-44

[1m[31mERROR[39m[22m in [1mC:\Users\DELL\Desktop\Uzima-Backend\src\shared\analytics\analytics.service.ts[39m[22m
[1m./src/shared/analytics/analytics.service.ts[39m[22m [1m[32m210:2-8[39m[22m
[1m[tsl] [1m[31mERROR[39m[22m[1m in C:\Users\DELL\Desktop\Uzima-Backend\src\shared\analytics\analytics.service.ts(210,3)
      TS1128: Declaration or statement expected.[39m[22m
 @ ./src/shared/analytics/analytics.module.ts 13:28-58
 @ ./src/app.module.ts 49:27-73
 @ ./src/main.ts 6:21-44

[1m[31mERROR[39m[22m in [1mC:\Users\DELL\Desktop\Uzima-Backend\src\shared\analytics\analytics.service.ts[39m[22m
[1m./src/shared/analytics/analytics.service.ts[39m[22m [1m[32m210:35-36[39m[22m
[1m[tsl] [1m[31mERROR[39m[22m[1m in C:\Users\DELL\Desktop\Uzima-Backend\src\shared\analytics\analytics.service.ts(210,36)
      TS1005: ',' expected.[39m[22m
 @ ./src/shared/analytics/analytics.module.ts 13:28-58
 @ ./src/app.module.ts 49:27-73
 @ ./src/main.ts 6:21-44

[1m[31mERROR[39m[22m in [1mC:\Users\DELL\Desktop\Uzima-Backend\src\shared\analytics\analytics.service.ts[39m[22m
[1m./src/shared/analytics/analytics.service.ts[39m[22m [1m[32m211:16-17[39m[22m
[1m[tsl] [1m[31mERROR[39m[22m[1m in C:\Users\DELL\Desktop\Uzima-Backend\src\shared\analytics\analytics.service.ts(211,17)
      TS1005: ',' expected.[39m[22m
 @ ./src/shared/analytics/analytics.module.ts 13:28-58
 @ ./src/app.module.ts 49:27-73
 @ ./src/main.ts 6:21-44

[1m[31mERROR[39m[22m in [1mC:\Users\DELL\Desktop\Uzima-Backend\src\shared\analytics\analytics.service.ts[39m[22m
[1m./src/shared/analytics/analytics.service.ts[39m[22m [1m[32m212:14-15[39m[22m
[1m[tsl] [1m[31mERROR[39m[22m[1m in C:\Users\DELL\Desktop\Uzima-Backend\src\shared\analytics\analytics.service.ts(212,15)
      TS1005: ',' expected.[39m[22m
 @ ./src/shared/analytics/analytics.module.ts 13:28-58
 @ ./src/app.module.ts 49:27-73
 @ ./src/main.ts 6:21-44

[1m[31mERROR[39m[22m in [1mC:\Users\DELL\Desktop\Uzima-Backend\src\shared\analytics\analytics.service.ts[39m[22m
[1m./src/shared/analytics/analytics.service.ts[39m[22m [1m[32m213:23-24[39m[22m
[1m[tsl] [1m[31mERROR[39m[22m[1m in C:\Users\DELL\Desktop\Uzima-Backend\src\shared\analytics\analytics.service.ts(213,24)
      TS1005: ',' expected.[39m[22m
 @ ./src/shared/analytics/analytics.module.ts 13:28-58
 @ ./src/app.module.ts 49:27-73
 @ ./src/main.ts 6:21-44

[1m[31mERROR[39m[22m in [1mC:\Users\DELL\Desktop\Uzima-Backend\src\shared\analytics\analytics.service.ts[39m[22m
[1m./src/shared/analytics/analytics.service.ts[39m[22m [1m[32m214:4-5[39m[22m
[1m[tsl] [1m[31mERROR[39m[22m[1m in C:\Users\DELL\Desktop\Uzima-Backend\src\shared\analytics\analytics.service.ts(214,5)
      TS1005: ';' expected.[39m[22m
 @ ./src/shared/analytics/analytics.module.ts 13:28-58
 @ ./src/app.module.ts 49:27-73
 @ ./src/main.ts 6:21-44

[1m[31mERROR[39m[22m in [1mC:\Users\DELL\Desktop\Uzima-Backend\src\shared\analytics\analytics.service.ts[39m[22m
[1m./src/shared/analytics/analytics.service.ts[39m[22m [1m[32m214:26[39m[22m
[1m[tsl] [1m[31mERROR[39m[22m[1m in C:\Users\DELL\Desktop\Uzima-Backend\src\shared\analytics\analytics.service.ts(214,27)
      TS1011: An element access expression should take an argument.[39m[22m
 @ ./src/shared/analytics/analytics.module.ts 13:28-58
 @ ./src/app.module.ts 49:27-73
 @ ./src/main.ts 6:21-44

[1m[31mERROR[39m[22m in [1mC:\Users\DELL\Desktop\Uzima-Backend\src\shared\analytics\analytics.service.ts[39m[22m
[1m./src/shared/analytics/analytics.service.ts[39m[22m [1m[32m214:28-29[39m[22m
[1m[tsl] [1m[31mERROR[39m[22m[1m in C:\Users\DELL\Desktop\Uzima-Backend\src\shared\analytics\analytics.service.ts(214,29)
      TS1005: ';' expected.[39m[22m
 @ ./src/shared/analytics/analytics.module.ts 13:28-58
 @ ./src/app.module.ts 49:27-73
 @ ./src/main.ts 6:21-44

[1m[31mERROR[39m[22m in [1mC:\Users\DELL\Desktop\Uzima-Backend\src\shared\analytics\analytics.service.ts[39m[22m
[1m./src/shared/analytics/analytics.service.ts[39m[22m [1m[32m226:2-8[39m[22m
[1m[tsl] [1m[31mERROR[39m[22m[1m in C:\Users\DELL\Desktop\Uzima-Backend\src\shared\analytics\analytics.service.ts(226,3)
      TS1128: Declaration or statement expected.[39m[22m
 @ ./src/shared/analytics/analytics.module.ts 13:28-58
 @ ./src/app.module.ts 49:27-73
 @ ./src/main.ts 6:21-44

[1m[31mERROR[39m[22m in [1mC:\Users\DELL\Desktop\Uzima-Backend\src\shared\analytics\analytics.service.ts[39m[22m
[1m./src/shared/analytics/analytics.service.ts[39m[22m [1m[32m226:20-21[39m[22m
[1m[tsl] [1m[31mERROR[39m[22m[1m in C:\Users\DELL\Desktop\Uzima-Backend\src\shared\analytics\analytics.service.ts(226,21)
      TS1005: ';' expected.[39m[22m
 @ ./src/shared/analytics/analytics.module.ts 13:28-58
 @ ./src/app.module.ts 49:27-73
 @ ./src/main.ts 6:21-44

[1m[31mERROR[39m[22m in [1mC:\Users\DELL\Desktop\Uzima-Backend\src\shared\analytics\analytics.service.ts[39m[22m
[1m./src/shared/analytics/analytics.service.ts[39m[22m [1m[32m227:8-9[39m[22m
[1m[tsl] [1m[31mERROR[39m[22m[1m in C:\Users\DELL\Desktop\Uzima-Backend\src\shared\analytics\analytics.service.ts(227,9)
      TS1005: ':' expected.[39m[22m
 @ ./src/shared/analytics/analytics.module.ts 13:28-58
 @ ./src/app.module.ts 49:27-73
 @ ./src/main.ts 6:21-44

[1m[31mERROR[39m[22m in [1mC:\Users\DELL\Desktop\Uzima-Backend\src\shared\analytics\analytics.service.ts[39m[22m
[1m./src/shared/analytics/analytics.service.ts[39m[22m [1m[32m227:28-29[39m[22m
[1m[tsl] [1m[31mERROR[39m[22m[1m in C:\Users\DELL\Desktop\Uzima-Backend\src\shared\analytics\analytics.service.ts(227,29)
      TS1005: ',' expected.[39m[22m
 @ ./src/shared/analytics/analytics.module.ts 13:28-58
 @ ./src/app.module.ts 49:27-73
 @ ./src/main.ts 6:21-44

[1m[31mERROR[39m[22m in [1mC:\Users\DELL\Desktop\Uzima-Backend\src\shared\analytics\analytics.service.ts[39m[22m
[1m./src/shared/analytics/analytics.service.ts[39m[22m [1m[32m228:8-9[39m[22m
[1m[tsl] [1m[31mERROR[39m[22m[1m in C:\Users\DELL\Desktop\Uzima-Backend\src\shared\analytics\analytics.service.ts(228,9)
      TS1005: ':' expected.[39m[22m
 @ ./src/shared/analytics/analytics.module.ts 13:28-58
 @ ./src/app.module.ts 49:27-73
 @ ./src/main.ts 6:21-44

[1m[31mERROR[39m[22m in [1mC:\Users\DELL\Desktop\Uzima-Backend\src\shared\analytics\analytics.service.ts[39m[22m
[1m./src/shared/analytics/analytics.service.ts[39m[22m [1m[32m228:30-31[39m[22m
[1m[tsl] [1m[31mERROR[39m[22m[1m in C:\Users\DELL\Desktop\Uzima-Backend\src\shared\analytics\analytics.service.ts(228,31)
      TS1005: ',' expected.[39m[22m
 @ ./src/shared/analytics/analytics.module.ts 13:28-58
 @ ./src/app.module.ts 49:27-73
 @ ./src/main.ts 6:21-44

[1m[31mERROR[39m[22m in [1mC:\Users\DELL\Desktop\Uzima-Backend\src\shared\analytics\analytics.service.ts[39m[22m
[1m./src/shared/analytics/analytics.service.ts[39m[22m [1m[32m230:0-1[39m[22m
[1m[tsl] [1m[31mERROR[39m[22m[1m in C:\Users\DELL\Desktop\Uzima-Backend\src\shared\analytics\analytics.service.ts(230,1)
      TS1128: Declaration or statement expected.[39m[22m
 @ ./src/shared/analytics/analytics.module.ts 13:28-58
 @ ./src/app.module.ts 49:27-73
 @ ./src/main.ts 6:21-44

[1m[31mERROR[39m[22m in [1m./src/common/dto/create-health-task.dto.ts:1:10[39m[22m
TS2300: Duplicate identifier 'IsString'.
  [0m[31m[1m>[22m[39m[90m 1 |[39m [36mimport[39m { [33mIsString[39m[33m,[39m [33mIsOptional[39m[33m,[39m [33mIsEnum[39m[33m,[39m [33mIsDate[39m[33m,[39m [33mIsNotEmpty[39m } [36mfrom[39m [32m'class-validator'[39m[33m;[39m
   [90m   |[39m          [31m[1m^[22m[39m[31m[1m^[22m[39m[31m[1m^[22m[39m[31m[1m^[22m[39m[31m[1m^[22m[39m[31m[1m^[22m[39m[31m[1m^[22m[39m[31m[1m^[22m[39m
   [90m 2 |[39m [36mimport[39m { [33mApiProperty[39m[33m,[39m [33mApiPropertyOptional[39m } [36mfrom[39m [32m'@nestjs/swagger'[39m[33m;[39m
   [90m 3 |[39m
   [90m 4 |[39m [36mexport[39m [36menum[39m [33mTaskCategory[39m {[0m

[1m[31mERROR[39m[22m in [1m./src/common/dto/create-health-task.dto.ts:1:20[39m[22m
TS2300: Duplicate identifier 'IsOptional'.
  [0m[31m[1m>[22m[39m[90m 1 |[39m [36mimport[39m { [33mIsString[39m[33m,[39m [33mIsOptional[39m[33m,[39m [33mIsEnum[39m[33m,[39m [33mIsDate[39m[33m,[39m [33mIsNotEmpty[39m } [36mfrom[39m [32m'class-validator'[39m[33m;[39m
   [90m   |[39m                    [31m[1m^[22m[39m[31m[1m^[22m[39m[31m[1m^[22m[39m[31m[1m^[22m[39m[31m[1m^[22m[39m[31m[1m^[22m[39m[31m[1m^[22m[39m[31m[1m^[22m[39m[31m[1m^[22m[39m[31m[1m^[22m[39m
   [90m 2 |[39m [36mimport[39m { [33mApiProperty[39m[33m,[39m [33mApiPropertyOptional[39m } [36mfrom[39m [32m'@nestjs/swagger'[39m[33m;[39m
   [90m 3 |[39m
   [90m 4 |[39m [36mexport[39m [36menum[39m [33mTaskCategory[39m {[0m

[1m[31mERROR[39m[22m in [1m./src/common/dto/create-health-task.dto.ts:1:32[39m[22m
TS2300: Duplicate identifier 'IsEnum'.
  [0m[31m[1m>[22m[39m[90m 1 |[39m [36mimport[39m { [33mIsString[39m[33m,[39m [33mIsOptional[39m[33m,[39m [33mIsEnum[39m[33m,[39m [33mIsDate[39m[33m,[39m [33mIsNotEmpty[39m } [36mfrom[39m [32m'class-validator'[39m[33m;[39m
   [90m   |[39m                                [31m[1m^[22m[39m[31m[1m^[22m[39m[31m[1m^[22m[39m[31m[1m^[22m[39m[31m[1m^[22m[39m[31m[1m^[22m[39m
   [90m 2 |[39m [36mimport[39m { [33mApiProperty[39m[33m,[39m [33mApiPropertyOptional[39m } [36mfrom[39m [32m'@nestjs/swagger'[39m[33m;[39m
   [90m 3 |[39m
   [90m 4 |[39m [36mexport[39m [36menum[39m [33mTaskCategory[39m {[0m

[1m[31mERROR[39m[22m in [1m./src/common/dto/create-health-task.dto.ts:1:40[39m[22m
TS2300: Duplicate identifier 'IsDate'.
  [0m[31m[1m>[22m[39m[90m 1 |[39m [36mimport[39m { [33mIsString[39m[33m,[39m [33mIsOptional[39m[33m,[39m [33mIsEnum[39m[33m,[39m [33mIsDate[39m[33m,[39m [33mIsNotEmpty[39m } [36mfrom[39m [32m'class-validator'[39m[33m;[39m
   [90m   |[39m                                        [31m[1m^[22m[39m[31m[1m^[22m[39m[31m[1m^[22m[39m[31m[1m^[22m[39m[31m[1m^[22m[39m[31m[1m^[22m[39m
   [90m 2 |[39m [36mimport[39m { [33mApiProperty[39m[33m,[39m [33mApiPropertyOptional[39m } [36mfrom[39m [32m'@nestjs/swagger'[39m[33m;[39m
   [90m 3 |[39m
   [90m 4 |[39m [36mexport[39m [36menum[39m [33mTaskCategory[39m {[0m

[1m[31mERROR[39m[22m in [1m./src/common/dto/create-health-task.dto.ts:1:48[39m[22m
TS2300: Duplicate identifier 'IsNotEmpty'.
  [0m[31m[1m>[22m[39m[90m 1 |[39m [36mimport[39m { [33mIsString[39m[33m,[39m [33mIsOptional[39m[33m,[39m [33mIsEnum[39m[33m,[39m [33mIsDate[39m[33m,[39m [33mIsNotEmpty[39m } [36mfrom[39m [32m'class-validator'[39m[33m;[39m
   [90m   |[39m                                                [31m[1m^[22m[39m[31m[1m^[22m[39m[31m[1m^[22m[39m[31m[1m^[22m[39m[31m[1m^[22m[39m[31m[1m^[22m[39m[31m[1m^[22m[39m[31m[1m^[22m[39m[31m[1m^[22m[39m[31m[1m^[22m[39m
   [90m 2 |[39m [36mimport[39m { [33mApiProperty[39m[33m,[39m [33mApiPropertyOptional[39m } [36mfrom[39m [32m'@nestjs/swagger'[39m[33m;[39m
   [90m 3 |[39m
   [90m 4 |[39m [36mexport[39m [36menum[39m [33mTaskCategory[39m {[0m

[1m[31mERROR[39m[22m in [1m./src/common/dto/create-health-task.dto.ts:14:10[39m[22m
TS2300: Duplicate identifier 'IsString'.
  [0m [90m 12 |[39m   [33mOTHER[39m [33m=[39m [32m'other'[39m[33m,[39m
   [90m 13 |[39m }
  [31m[1m>[22m[39m[90m 14 |[39m [36mimport[39m { [33mIsString[39m[33m,[39m [33mIsOptional[39m[33m,[39m [33mIsEnum[39m[33m,[39m [33mIsDate[39m[33m,[39m [33mIsNotEmpty[39m[33m,[39m [33mIsUUID[39m[33m,[39m [33mIsArray[39m } [36mfrom[39m [32m'class-validator'[39m[33m;[39m
   [90m    |[39m          [31m[1m^[22m[39m[31m[1m^[22m[39m[31m[1m^[22m[39m[31m[1m^[22m[39m[31m[1m^[22m[39m[31m[1m^[22m[39m[31m[1m^[22m[39m[31m[1m^[22m[39m
   [90m 15 |[39m
   [90m 16 |[39m [36mexport[39m [36menum[39m [33mTaskPriority[39m {
   [90m 17 |[39m   [33mLOW[39m [33m=[39m [32m'low'[39m[33m,[39m[0m

[1m[31mERROR[39m[22m in [1m./src/common/dto/create-health-task.dto.ts:14:20[39m[22m
TS2300: Duplicate identifier 'IsOptional'.
  [0m [90m 12 |[39m   [33mOTHER[39m [33m=[39m [32m'other'[39m[33m,[39m
   [90m 13 |[39m }
  [31m[1m>[22m[39m[90m 14 |[39m [36mimport[39m { [33mIsString[39m[33m,[39m [33mIsOptional[39m[33m,[39m [33mIsEnum[39m[33m,[39m [33mIsDate[39m[33m,[39m [33mIsNotEmpty[39m[33m,[39m [33mIsUUID[39m[33m,[39m [33mIsArray[39m } [36mfrom[39m [32m'class-validator'[39m[33m;[39m
   [90m    |[39m                    [31m[1m^[22m[39m[31m[1m^[22m[39m[31m[1m^[22m[39m[31m[1m^[22m[39m[31m[1m^[22m[39m[31m[1m^[22m[39m[31m[1m^[22m[39m[31m[1m^[22m[39m[31m[1m^[22m[39m[31m[1m^[22m[39m
   [90m 15 |[39m
   [90m 16 |[39m [36mexport[39m [36menum[39m [33mTaskPriority[39m {
   [90m 17 |[39m   [33mLOW[39m [33m=[39m [32m'low'[39m[33m,[39m[0m

[1m[31mERROR[39m[22m in [1m./src/common/dto/create-health-task.dto.ts:14:32[39m[22m
TS2300: Duplicate identifier 'IsEnum'.
  [0m [90m 12 |[39m   [33mOTHER[39m [33m=[39m [32m'other'[39m[33m,[39m
   [90m 13 |[39m }
  [31m[1m>[22m[39m[90m 14 |[39m [36mimport[39m { [33mIsString[39m[33m,[39m [33mIsOptional[39m[33m,[39m [33mIsEnum[39m[33m,[39m [33mIsDate[39m[33m,[39m [33mIsNotEmpty[39m[33m,[39m [33mIsUUID[39m[33m,[39m [33mIsArray[39m } [36mfrom[39m [32m'class-validator'[39m[33m;[39m
   [90m    |[39m                                [31m[1m^[22m[39m[31m[1m^[22m[39m[31m[1m^[22m[39m[31m[1m^[22m[39m[31m[1m^[22m[39m[31m[1m^[22m[39m
   [90m 15 |[39m
   [90m 16 |[39m [36mexport[39m [36menum[39m [33mTaskPriority[39m {
   [90m 17 |[39m   [33mLOW[39m [33m=[39m [32m'low'[39m[33m,[39m[0m

[1m[31mERROR[39m[22m in [1m./src/common/dto/create-health-task.dto.ts:14:40[39m[22m
TS2300: Duplicate identifier 'IsDate'.
  [0m [90m 12 |[39m   [33mOTHER[39m [33m=[39m [32m'other'[39m[33m,[39m
   [90m 13 |[39m }
  [31m[1m>[22m[39m[90m 14 |[39m [36mimport[39m { [33mIsString[39m[33m,[39m [33mIsOptional[39m[33m,[39m [33mIsEnum[39m[33m,[39m [33mIsDate[39m[33m,[39m [33mIsNotEmpty[39m[33m,[39m [33mIsUUID[39m[33m,[39m [33mIsArray[39m } [36mfrom[39m [32m'class-validator'[39m[33m;[39m
   [90m    |[39m                                        [31m[1m^[22m[39m[31m[1m^[22m[39m[31m[1m^[22m[39m[31m[1m^[22m[39m[31m[1m^[22m[39m[31m[1m^[22m[39m
   [90m 15 |[39m
   [90m 16 |[39m [36mexport[39m [36menum[39m [33mTaskPriority[39m {
   [90m 17 |[39m   [33mLOW[39m [33m=[39m [32m'low'[39m[33m,[39m[0m

[1m[31mERROR[39m[22m in [1m./src/common/dto/create-health-task.dto.ts:14:48[39m[22m
TS2300: Duplicate identifier 'IsNotEmpty'.
  [0m [90m 12 |[39m   [33mOTHER[39m [33m=[39m [32m'other'[39m[33m,[39m
   [90m 13 |[39m }
  [31m[1m>[22m[39m[90m 14 |[39m [36mimport[39m { [33mIsString[39m[33m,[39m [33mIsOptional[39m[33m,[39m [33mIsEnum[39m[33m,[39m [33mIsDate[39m[33m,[39m [33mIsNotEmpty[39m[33m,[39m [33mIsUUID[39m[33m,[39m [33mIsArray[39m } [36mfrom[39m [32m'class-validator'[39m[33m;[39m
   [90m    |[39m                                                [31m[1m^[22m[39m[31m[1m^[22m[39m[31m[1m^[22m[39m[31m[1m^[22m[39m[31m[1m^[22m[39m[31m[1m^[22m[39m[31m[1m^[22m[39m[31m[1m^[22m[39m[31m[1m^[22m[39m[31m[1m^[22m[39m
   [90m 15 |[39m
   [90m 16 |[39m [36mexport[39m [36menum[39m [33mTaskPriority[39m {
   [90m 17 |[39m   [33mLOW[39m [33m=[39m [32m'low'[39m[33m,[39m[0m

[1m[31mERROR[39m[22m in [1m./src/common/interceptors/logging.interceptor.ts:140:57[39m[22m
TS2345: Argument of type 'unknown' is not assignable to parameter of type 'string | undefined'.
  [0m [90m 138 |[39m       [36mawait[39m [36mthis[39m[33m.[39mrequestLogRepository[33m.[39msave(log)[33m;[39m
   [90m 139 |[39m     } [36mcatch[39m (error) {
  [31m[1m>[22m[39m[90m 140 |[39m       [36mthis[39m[33m.[39mlogger[33m.[39merror([32m'Failed to store request log:'[39m[33m,[39m error)[33m;[39m
   [90m     |[39m                                                         [31m[1m^[22m[39m[31m[1m^[22m[39m[31m[1m^[22m[39m[31m[1m^[22m[39m[31m[1m^[22m[39m
   [90m 141 |[39m     }
   [90m 142 |[39m   }
   [90m 143 |[39m }[0m

[1m[31mERROR[39m[22m in [1m./src/coupons/coupon.controller.ts:20:24[39m[22m
TS2307: Cannot find module './entities/coupon.entity' or its corresponding type declarations.
  [0m [90m 18 |[39m } [36mfrom[39m [32m'@nestjs/swagger'[39m[33m;[39m
   [90m 19 |[39m [36mimport[39m { [33mJwtAuthGuard[39m } [36mfrom[39m [32m'@modules/auth/guards/jwt-auth.guard'[39m[33m;[39m
  [31m[1m>[22m[39m[90m 20 |[39m [36mimport[39m { [33mCoupon[39m } [36mfrom[39m [32m'./entities/coupon.entity'[39m[33m;[39m
   [90m    |[39m                        [31m[1m^[22m[39m[31m[1m^[22m[39m[31m[1m^[22m[39m[31m[1m^[22m[39m[31m[1m^[22m[39m[31m[1m^[22m[39m[31m[1m^[22m[39m[31m[1m^[22m[39m[31m[1m^[22m[39m[31m[1m^[22m[39m[31m[1m^[22m[39m[31m[1m^[22m[39m[31m[1m^[22m[39m[31m[1m^[22m[39m[31m[1m^[22m[39m[31m[1m^[22m[39m[31m[1m^[22m[39m[31m[1m^[22m[39m[31m[1m^[22m[39m[31m[1m^[22m[39m[31m[1m^[22m[39m[31m[1m^[22m[39m[31m[1m^[22m[39m[31m[1m^[22m[39m[31m[1m^[22m[39m[31m[1m^[22m[39m
   [90m 21 |[39m [36mimport[39m { [33mCouponService[39m[33m,[39m [33mValidateCouponResult[39m } [36mfrom[39m [32m'./coupon.service'[39m[33m;[39m
   [90m 22 |[39m [36mimport[39m { [33mValidateCouponDto[39m } [36mfrom[39m [32m'./dto/validate-coupon.dto'[39m[33m;[39m
   [90m 23 |[39m[0m

[1m[31mERROR[39m[22m in [1m./src/coupons/coupon.service.ts:14:38[39m[22m
TS2307: Cannot find module './entities/coupon.entity' or its corresponding type declarations.
  [0m [90m 12 |[39m [36mimport[39m { [33mEventEmitter2[39m } [36mfrom[39m [32m'@nestjs/event-emitter'[39m[33m;[39m
   [90m 13 |[39m [36mimport[39m { redisConfig[33m,[39m getRedisUrl } [36mfrom[39m [32m'../config/redis.config'[39m[33m;[39m
  [31m[1m>[22m[39m[90m 14 |[39m [36mimport[39m { [33mCoupon[39m[33m,[39m [33mCouponStatus[39m } [36mfrom[39m [32m'./entities/coupon.entity'[39m[33m;[39m
   [90m    |[39m                                      [31m[1m^[22m[39m[31m[1m^[22m[39m[31m[1m^[22m[39m[31m[1m^[22m[39m[31m[1m^[22m[39m[31m[1m^[22m[39m[31m[1m^[22m[39m[31m[1m^[22m[39m[31m[1m^[22m[39m[31m[1m^[22m[39m[31m[1m^[22m[39m[31m[1m^[22m[39m[31m[1m^[22m[39m[31m[1m^[22m[39m[31m[1m^[22m[39m[31m[1m^[22m[39m[31m[1m^[22m[39m[31m[1m^[22m[39m[31m[1m^[22m[39m[31m[1m^[22m[39m[31m[1m^[22m[39m[31m[1m^[22m[39m[31m[1m^[22m[39m[31m[1m^[22m[39m[31m[1m^[22m[39m[31m[1m^[22m[39m
   [90m 15 |[39m [36mimport[39m { [33mValidateCouponDto[39m } [36mfrom[39m [32m'./dto/validate-coupon.dto'[39m[33m;[39m
   [90m 16 |[39m [36mimport[39m {
   [90m 17 |[39m   [33mREWARD_MILESTONE_EVENT[39m[33m,[39m[0m

[1m[31mERROR[39m[22m in [1m./src/database/data-source.ts:6:34[39m[22m
TS1343: The 'import.meta' meta-property is only allowed when the '--module' option is 'es2020', 'es2022', 'esnext', 'system', 'node16', 'node18', 'node20', or 'nodenext'.
  [0m [90m 4 |[39m [36mimport[39m { dirname } [36mfrom[39m [32m'path'[39m[33m;[39m
   [90m 5 |[39m
  [31m[1m>[22m[39m[90m 6 |[39m [36mconst[39m __filename [33m=[39m fileURLToPath([36mimport[39m[33m.[39mmeta[33m.[39murl)[33m;[39m
   [90m   |[39m                                  [31m[1m^[22m[39m[31m[1m^[22m[39m[31m[1m^[22m[39m[31m[1m^[22m[39m[31m[1m^[22m[39m[31m[1m^[22m[39m[31m[1m^[22m[39m[31m[1m^[22m[39m[31m[1m^[22m[39m[31m[1m^[22m[39m[31m[1m^[22m[39m
   [90m 7 |[39m [36mconst[39m __dirname [33m=[39m dirname(__filename)[33m;[39m
   [90m 8 |[39m
   [90m 9 |[39m [90m/**[39m[0m

[1m[31mERROR[39m[22m in [1m./src/database/seeders/health-task.seeder.ts:144:41[39m[22m
TS2769: No overload matches this call.
  Overload 1 of 3, '(entityLikeArray: DeepPartial<HealthTask>[]): HealthTask[]', gave the following error.
    Object literal may only specify known properties, and 'title' does not exist in type 'DeepPartial<HealthTask>[]'.
  Overload 2 of 3, '(entityLike: DeepPartial<HealthTask>): HealthTask', gave the following error.
    Type 'Record<string, any> | null' is not assignable to type 'DeepPartial<Record<string, any>> | undefined'.
      Type 'null' is not assignable to type 'DeepPartial<Record<string, any>> | undefined'.
  [0m [90m 142 |[39m
   [90m 143 |[39m       [90m// Create health task[39m
  [31m[1m>[22m[39m[90m 144 |[39m       [36mconst[39m task [33m=[39m healthTaskRepository[33m.[39mcreate({
   [90m     |[39m                                         [31m[1m^[22m[39m[31m[1m^[22m[39m[31m[1m^[22m[39m[31m[1m^[22m[39m[31m[1m^[22m[39m[31m[1m^[22m[39m
   [90m 145 |[39m         title[33m:[39m taskData[33m.[39mtitle[33m,[39m
   [90m 146 |[39m         description[33m:[39m taskData[33m.[39mdescription[33m,[39m
   [90m 147 |[39m         category[33m:[39m taskData[33m.[39mcategory[33m,[39m[0m

[1m[31mERROR[39m[22m in [1m./src/database/services/transaction.examples.ts:15:14[39m[22m
TS2323: Cannot redeclare exported variable 'UserService'.
  [0m [90m 13 |[39m [90m// Example 1: Basic transaction execution with callback pattern[39m
   [90m 14 |[39m [33m@[39m[33mInjectable[39m()
  [31m[1m>[22m[39m[90m 15 |[39m [36mexport[39m [36mclass[39m [33mUserService[39m {
   [90m    |[39m              [31m[1m^[22m[39m[31m[1m^[22m[39m[31m[1m^[22m[39m[31m[1m^[22m[39m[31m[1m^[22m[39m[31m[1m^[22m[39m[31m[1m^[22m[39m[31m[1m^[22m[39m[31m[1m^[22m[39m[31m[1m^[22m[39m[31m[1m^[22m[39m
   [90m 16 |[39m   [36mprivate[39m readonly logger [33m=[39m [36mnew[39m [33mLogger[39m([33mUserService[39m[33m.[39mname)[33m;[39m
   [90m 17 |[39m
   [90m 18 |[39m   constructor([0m

[1m[31mERROR[39m[22m in [1m./src/database/services/transaction.examples.ts:19:23[39m[22m
TS2449: Class 'User' used before its declaration.
  [0m [90m 17 |[39m
   [90m 18 |[39m   constructor(
  [31m[1m>[22m[39m[90m 19 |[39m     [33m@[39m[33mInjectRepository[39m([33mUser[39m)
   [90m    |[39m                       [31m[1m^[22m[39m[31m[1m^[22m[39m[31m[1m^[22m[39m[31m[1m^[22m[39m
   [90m 20 |[39m     [36mprivate[39m readonly userRepository[33m:[39m [33mRepository[39m[33m<[39m[33mUser[39m[33m>[39m[33m,[39m
   [90m 21 |[39m     [33m@[39m[33mInjectTransaction[39m()
   [90m 22 |[39m     [36mprivate[39m readonly transactionService[33m:[39m [33mTransactionService[39m[33m,[39m[0m

[1m[31mERROR[39m[22m in [1m./src/database/services/transaction.examples.ts:52:14[39m[22m
TS2323: Cannot redeclare exported variable 'TransferService'.
  [0m [90m 50 |[39m [90m// Example 2: Manual transaction control for complex operations[39m
   [90m 51 |[39m [33m@[39m[33mInjectable[39m()
  [31m[1m>[22m[39m[90m 52 |[39m [36mexport[39m [36mclass[39m [33mTransferService[39m {
   [90m    |[39m              [31m[1m^[22m[39m[31m[1m^[22m[39m[31m[1m^[22m[39m[31m[1m^[22m[39m[31m[1m^[22m[39m[31m[1m^[22m[39m[31m[1m^[22m[39m[31m[1m^[22m[39m[31m[1m^[22m[39m[31m[1m^[22m[39m[31m[1m^[22m[39m[31m[1m^[22m[39m[31m[1m^[22m[39m[31m[1m^[22m[39m[31m[1m^[22m[39m
   [90m 53 |[39m   [36mprivate[39m readonly logger [33m=[39m [36mnew[39m [33mLogger[39m([33mTransferService[39m[33m.[39mname)[33m;[39m
   [90m 54 |[39m
   [90m 55 |[39m   constructor([0m

[1m[31mERROR[39m[22m in [1m./src/database/services/transaction.examples.ts:56:23[39m[22m
TS2449: Class 'Account' used before its declaration.
  [0m [90m 54 |[39m
   [90m 55 |[39m   constructor(
  [31m[1m>[22m[39m[90m 56 |[39m     [33m@[39m[33mInjectRepository[39m([33mAccount[39m)
   [90m    |[39m                       [31m[1m^[22m[39m[31m[1m^[22m[39m[31m[1m^[22m[39m[31m[1m^[22m[39m[31m[1m^[22m[39m[31m[1m^[22m[39m[31m[1m^[22m[39m
   [90m 57 |[39m     [36mprivate[39m readonly accountRepository[33m:[39m [33mRepository[39m[33m<[39m[33mAccount[39m[33m>[39m[33m,[39m
   [90m 58 |[39m     [33m@[39m[33mInjectTransaction[39m()
   [90m 59 |[39m     [36mprivate[39m readonly transactionService[33m:[39m [33mTransactionService[39m[33m,[39m[0m

[1m[31mERROR[39m[22m in [1m./src/database/services/transaction.examples.ts:118:14[39m[22m
TS2323: Cannot redeclare exported variable 'OrderService'.
  [0m [90m 116 |[39m [90m// Example 3: Nested transactions using savepoints[39m
   [90m 117 |[39m [33m@[39m[33mInjectable[39m()
  [31m[1m>[22m[39m[90m 118 |[39m [36mexport[39m [36mclass[39m [33mOrderService[39m {
   [90m     |[39m              [31m[1m^[22m[39m[31m[1m^[22m[39m[31m[1m^[22m[39m[31m[1m^[22m[39m[31m[1m^[22m[39m[31m[1m^[22m[39m[31m[1m^[22m[39m[31m[1m^[22m[39m[31m[1m^[22m[39m[31m[1m^[22m[39m[31m[1m^[22m[39m[31m[1m^[22m[39m
   [90m 119 |[39m   [36mprivate[39m readonly logger [33m=[39m [36mnew[39m [33mLogger[39m([33mOrderService[39m[33m.[39mname)[33m;[39m
   [90m 120 |[39m
   [90m 121 |[39m   constructor([0m

[1m[31mERROR[39m[22m in [1m./src/database/services/transaction.examples.ts:122:23[39m[22m
TS2449: Class 'Order' used before its declaration.
  [0m [90m 120 |[39m
   [90m 121 |[39m   constructor(
  [31m[1m>[22m[39m[90m 122 |[39m     [33m@[39m[33mInjectRepository[39m([33mOrder[39m)
   [90m     |[39m                       [31m[1m^[22m[39m[31m[1m^[22m[39m[31m[1m^[22m[39m[31m[1m^[22m[39m[31m[1m^[22m[39m
   [90m 123 |[39m     [36mprivate[39m readonly orderRepository[33m:[39m [33mRepository[39m[33m<[39m[33mOrder[39m[33m>[39m[33m,[39m
   [90m 124 |[39m     [33m@[39m[33mInjectRepository[39m([33mOrderItem[39m)
   [90m 125 |[39m     [36mprivate[39m readonly orderItemRepository[33m:[39m [33mRepository[39m[33m<[39m[33mOrderItem[39m[33m>[39m[33m,[39m[0m

[1m[31mERROR[39m[22m in [1m./src/database/services/transaction.examples.ts:124:23[39m[22m
TS2449: Class 'OrderItem' used before its declaration.
  [0m [90m 122 |[39m     [33m@[39m[33mInjectRepository[39m([33mOrder[39m)
   [90m 123 |[39m     [36mprivate[39m readonly orderRepository[33m:[39m [33mRepository[39m[33m<[39m[33mOrder[39m[33m>[39m[33m,[39m
  [31m[1m>[22m[39m[90m 124 |[39m     [33m@[39m[33mInjectRepository[39m([33mOrderItem[39m)
   [90m     |[39m                       [31m[1m^[22m[39m[31m[1m^[22m[39m[31m[1m^[22m[39m[31m[1m^[22m[39m[31m[1m^[22m[39m[31m[1m^[22m[39m[31m[1m^[22m[39m[31m[1m^[22m[39m[31m[1m^[22m[39m
   [90m 125 |[39m     [36mprivate[39m readonly orderItemRepository[33m:[39m [33mRepository[39m[33m<[39m[33mOrderItem[39m[33m>[39m[33m,[39m
   [90m 126 |[39m     [33m@[39m[33mInjectTransaction[39m()
   [90m 127 |[39m     [36mprivate[39m readonly transactionService[33m:[39m [33mTransactionService[39m[33m,[39m[0m

[1m[31mERROR[39m[22m in [1m./src/database/services/transaction.examples.ts:137:5[39m[22m
TS2739: Type 'Order[]' is missing the following properties from type 'Order': id, items, total
  [0m [90m 135 |[39m     [36mconst[39m contextId [33m=[39m [32m`createOrder:${Date.now()}`[39m[33m;[39m
   [90m 136 |[39m
  [31m[1m>[22m[39m[90m 137 |[39m     [36mreturn[39m [36mthis[39m[33m.[39mtransactionService[33m.[39mexecute(
   [90m     |[39m     [31m[1m^[22m[39m[31m[1m^[22m[39m[31m[1m^[22m[39m[31m[1m^[22m[39m[31m[1m^[22m[39m[31m[1m^[22m[39m
   [90m 138 |[39m       contextId[33m,[39m
   [90m 139 |[39m       [36masync[39m (queryRunner[33m:[39m [33mQueryRunner[39m) [33m=>[39m {
   [90m 140 |[39m         [90m// Create main order (depth 0)[39m[0m

[1m[31mERROR[39m[22m in [1m./src/database/services/transaction.examples.ts:173:14[39m[22m
TS2323: Cannot redeclare exported variable 'PaymentService'.
  [0m [90m 171 |[39m [90m// Example 4: Using Transaction decorator for automatic management[39m
   [90m 172 |[39m [33m@[39m[33mInjectable[39m()
  [31m[1m>[22m[39m[90m 173 |[39m [36mexport[39m [36mclass[39m [33mPaymentService[39m {
   [90m     |[39m              [31m[1m^[22m[39m[31m[1m^[22m[39m[31m[1m^[22m[39m[31m[1m^[22m[39m[31m[1m^[22m[39m[31m[1m^[22m[39m[31m[1m^[22m[39m[31m[1m^[22m[39m[31m[1m^[22m[39m[31m[1m^[22m[39m[31m[1m^[22m[39m[31m[1m^[22m[39m[31m[1m^[22m[39m[31m[1m^[22m[39m
   [90m 174 |[39m   [36mprivate[39m readonly logger [33m=[39m [36mnew[39m [33mLogger[39m([33mPaymentService[39m[33m.[39mname)[33m;[39m
   [90m 175 |[39m   [36mprivate[39m transactionService[33m:[39m [33mTransactionService[39m[33m;[39m [90m// Would be injected in real code[39m
   [90m 176 |[39m[0m

[1m[31mERROR[39m[22m in [1m./src/database/services/transaction.examples.ts:199:14[39m[22m
TS2323: Cannot redeclare exported variable 'BatchProcessService'.
  [0m [90m 197 |[39m [90m// Example 5: Handling timeout scenarios[39m
   [90m 198 |[39m [33m@[39m[33mInjectable[39m()
  [31m[1m>[22m[39m[90m 199 |[39m [36mexport[39m [36mclass[39m [33mBatchProcessService[39m {
   [90m     |[39m              [31m[1m^[22m[39m[31m[1m^[22m[39m[31m[1m^[22m[39m[31m[1m^[22m[39m[31m[1m^[22m[39m[31m[1m^[22m[39m[31m[1m^[22m[39m[31m[1m^[22m[39m[31m[1m^[22m[39m[31m[1m^[22m[39m[31m[1m^[22m[39m[31m[1m^[22m[39m[31m[1m^[22m[39m[31m[1m^[22m[39m[31m[1m^[22m[39m[31m[1m^[22m[39m[31m[1m^[22m[39m[31m[1m^[22m[39m[31m[1m^[22m[39m
   [90m 200 |[39m   [36mprivate[39m readonly logger [33m=[39m [36mnew[39m [33mLogger[39m([33mBatchProcessService[39m[33m.[39mname)[33m;[39m
   [90m 201 |[39m
   [90m 202 |[39m   constructor([0m

[1m[31mERROR[39m[22m in [1m./src/database/services/transaction.examples.ts:203:23[39m[22m
TS2449: Class 'Record' used before its declaration.
  [0m [90m 201 |[39m
   [90m 202 |[39m   constructor(
  [31m[1m>[22m[39m[90m 203 |[39m     [33m@[39m[33mInjectRepository[39m([33mRecord[39m)
   [90m     |[39m                       [31m[1m^[22m[39m[31m[1m^[22m[39m[31m[1m^[22m[39m[31m[1m^[22m[39m[31m[1m^[22m[39m[31m[1m^[22m[39m
   [90m 204 |[39m     [36mprivate[39m readonly recordRepository[33m:[39m [33mRepository[39m[33m<[39m[33mRecord[39m[33m>[39m[33m,[39m
   [90m 205 |[39m     [33m@[39m[33mInjectTransaction[39m()
   [90m 206 |[39m     [36mprivate[39m readonly transactionService[33m:[39m [33mTransactionService[39m[33m,[39m[0m

[1m[31mERROR[39m[22m in [1m./src/database/services/transaction.examples.ts:253:14[39m[22m
TS2323: Cannot redeclare exported variable 'TransactionCleanupInterceptor'.
  [0m [90m 251 |[39m [90m// Example 6: Transaction cleanup middleware/interceptor[39m
   [90m 252 |[39m [33m@[39m[33mInjectable[39m()
  [31m[1m>[22m[39m[90m 253 |[39m [36mexport[39m [36mclass[39m [33mTransactionCleanupInterceptor[39m {
   [90m     |[39m              [31m[1m^[22m[39m[31m[1m^[22m[39m[31m[1m^[22m[39m[31m[1m^[22m[39m[31m[1m^[22m[39m[31m[1m^[22m[39m[31m[1m^[22m[39m[31m[1m^[22m[39m[31m[1m^[22m[39m[31m[1m^[22m[39m[31m[1m^[22m[39m[31m[1m^[22m[39m[31m[1m^[22m[39m[31m[1m^[22m[39m[31m[1m^[22m[39m[31m[1m^[22m[39m[31m[1m^[22m[39m[31m[1m^[22m[39m[31m[1m^[22m[39m[31m[1m^[22m[39m[31m[1m^[22m[39m[31m[1m^[22m[39m[31m[1m^[22m[39m[31m[1m^[22m[39m[31m[1m^[22m[39m[31m[1m^[22m[39m[31m[1m^[22m[39m[31m[1m^[22m[39m[31m[1m^[22m[39m
   [90m 254 |[39m   constructor(
   [90m 255 |[39m     [33m@[39m[33mInjectTransaction[39m()
   [90m 256 |[39m     [36mprivate[39m readonly transactionService[33m:[39m [33mTransactionService[39m[33m,[39m[0m

[1m[31mERROR[39m[22m in [1m./src/database/services/transaction.examples.ts:318:3[39m[22m
TS2323: Cannot redeclare exported variable 'UserService'.
  [0m [90m 316 |[39m
   [90m 317 |[39m [36mexport[39m {
  [31m[1m>[22m[39m[90m 318 |[39m   [33mUserService[39m[33m,[39m
   [90m     |[39m   [31m[1m^[22m[39m[31m[1m^[22m[39m[31m[1m^[22m[39m[31m[1m^[22m[39m[31m[1m^[22m[39m[31m[1m^[22m[39m[31m[1m^[22m[39m[31m[1m^[22m[39m[31m[1m^[22m[39m[31m[1m^[22m[39m[31m[1m^[22m[39m
   [90m 319 |[39m   [33mTransferService[39m[33m,[39m
   [90m 320 |[39m   [33mOrderService[39m[33m,[39m
   [90m 321 |[39m   [33mPaymentService[39m[33m,[39m[0m

[1m[31mERROR[39m[22m in [1m./src/database/services/transaction.examples.ts:318:3[39m[22m
TS2484: Export declaration conflicts with exported declaration of 'UserService'.
  [0m [90m 316 |[39m
   [90m 317 |[39m [36mexport[39m {
  [31m[1m>[22m[39m[90m 318 |[39m   [33mUserService[39m[33m,[39m
   [90m     |[39m   [31m[1m^[22m[39m[31m[1m^[22m[39m[31m[1m^[22m[39m[31m[1m^[22m[39m[31m[1m^[22m[39m[31m[1m^[22m[39m[31m[1m^[22m[39m[31m[1m^[22m[39m[31m[1m^[22m[39m[31m[1m^[22m[39m[31m[1m^[22m[39m
   [90m 319 |[39m   [33mTransferService[39m[33m,[39m
   [90m 320 |[39m   [33mOrderService[39m[33m,[39m
   [90m 321 |[39m   [33mPaymentService[39m[33m,[39m[0m

[1m[31mERROR[39m[22m in [1m./src/database/services/transaction.examples.ts:319:3[39m[22m
TS2323: Cannot redeclare exported variable 'TransferService'.
  [0m [90m 317 |[39m [36mexport[39m {
   [90m 318 |[39m   [33mUserService[39m[33m,[39m
  [31m[1m>[22m[39m[90m 319 |[39m   [33mTransferService[39m[33m,[39m
   [90m     |[39m   [31m[1m^[22m[39m[31m[1m^[22m[39m[31m[1m^[22m[39m[31m[1m^[22m[39m[31m[1m^[22m[39m[31m[1m^[22m[39m[31m[1m^[22m[39m[31m[1m^[22m[39m[31m[1m^[22m[39m[31m[1m^[22m[39m[31m[1m^[22m[39m[31m[1m^[22m[39m[31m[1m^[22m[39m[31m[1m^[22m[39m[31m[1m^[22m[39m
   [90m 320 |[39m   [33mOrderService[39m[33m,[39m
   [90m 321 |[39m   [33mPaymentService[39m[33m,[39m
   [90m 322 |[39m   [33mBatchProcessService[39m[33m,[39m[0m

[1m[31mERROR[39m[22m in [1m./src/database/services/transaction.examples.ts:319:3[39m[22m
TS2484: Export declaration conflicts with exported declaration of 'TransferService'.
  [0m [90m 317 |[39m [36mexport[39m {
   [90m 318 |[39m   [33mUserService[39m[33m,[39m
  [31m[1m>[22m[39m[90m 319 |[39m   [33mTransferService[39m[33m,[39m
   [90m     |[39m   [31m[1m^[22m[39m[31m[1m^[22m[39m[31m[1m^[22m[39m[31m[1m^[22m[39m[31m[1m^[22m[39m[31m[1m^[22m[39m[31m[1m^[22m[39m[31m[1m^[22m[39m[31m[1m^[22m[39m[31m[1m^[22m[39m[31m[1m^[22m[39m[31m[1m^[22m[39m[31m[1m^[22m[39m[31m[1m^[22m[39m[31m[1m^[22m[39m
   [90m 320 |[39m   [33mOrderService[39m[33m,[39m
   [90m 321 |[39m   [33mPaymentService[39m[33m,[39m
   [90m 322 |[39m   [33mBatchProcessService[39m[33m,[39m[0m

[1m[31mERROR[39m[22m in [1m./src/database/services/transaction.examples.ts:320:3[39m[22m
TS2323: Cannot redeclare exported variable 'OrderService'.
  [0m [90m 318 |[39m   [33mUserService[39m[33m,[39m
   [90m 319 |[39m   [33mTransferService[39m[33m,[39m
  [31m[1m>[22m[39m[90m 320 |[39m   [33mOrderService[39m[33m,[39m
   [90m     |[39m   [31m[1m^[22m[39m[31m[1m^[22m[39m[31m[1m^[22m[39m[31m[1m^[22m[39m[31m[1m^[22m[39m[31m[1m^[22m[39m[31m[1m^[22m[39m[31m[1m^[22m[39m[31m[1m^[22m[39m[31m[1m^[22m[39m[31m[1m^[22m[39m[31m[1m^[22m[39m
   [90m 321 |[39m   [33mPaymentService[39m[33m,[39m
   [90m 322 |[39m   [33mBatchProcessService[39m[33m,[39m
   [90m 323 |[39m   [33mTransactionCleanupInterceptor[39m[33m,[39m[0m

[1m[31mERROR[39m[22m in [1m./src/database/services/transaction.examples.ts:320:3[39m[22m
TS2484: Export declaration conflicts with exported declaration of 'OrderService'.
  [0m [90m 318 |[39m   [33mUserService[39m[33m,[39m
   [90m 319 |[39m   [33mTransferService[39m[33m,[39m
  [31m[1m>[22m[39m[90m 320 |[39m   [33mOrderService[39m[33m,[39m
   [90m     |[39m   [31m[1m^[22m[39m[31m[1m^[22m[39m[31m[1m^[22m[39m[31m[1m^[22m[39m[31m[1m^[22m[39m[31m[1m^[22m[39m[31m[1m^[22m[39m[31m[1m^[22m[39m[31m[1m^[22m[39m[31m[1m^[22m[39m[31m[1m^[22m[39m[31m[1m^[22m[39m
   [90m 321 |[39m   [33mPaymentService[39m[33m,[39m
   [90m 322 |[39m   [33mBatchProcessService[39m[33m,[39m
   [90m 323 |[39m   [33mTransactionCleanupInterceptor[39m[33m,[39m[0m

[1m[31mERROR[39m[22m in [1m./src/database/services/transaction.examples.ts:321:3[39m[22m
TS2323: Cannot redeclare exported variable 'PaymentService'.
  [0m [90m 319 |[39m   [33mTransferService[39m[33m,[39m
   [90m 320 |[39m   [33mOrderService[39m[33m,[39m
  [31m[1m>[22m[39m[90m 321 |[39m   [33mPaymentService[39m[33m,[39m
   [90m     |[39m   [31m[1m^[22m[39m[31m[1m^[22m[39m[31m[1m^[22m[39m[31m[1m^[22m[39m[31m[1m^[22m[39m[31m[1m^[22m[39m[31m[1m^[22m[39m[31m[1m^[22m[39m[31m[1m^[22m[39m[31m[1m^[22m[39m[31m[1m^[22m[39m[31m[1m^[22m[39m[31m[1m^[22m[39m[31m[1m^[22m[39m
   [90m 322 |[39m   [33mBatchProcessService[39m[33m,[39m
   [90m 323 |[39m   [33mTransactionCleanupInterceptor[39m[33m,[39m
   [90m 324 |[39m }[33m;[39m[0m

[1m[31mERROR[39m[22m in [1m./src/database/services/transaction.examples.ts:321:3[39m[22m
TS2484: Export declaration conflicts with exported declaration of 'PaymentService'.
  [0m [90m 319 |[39m   [33mTransferService[39m[33m,[39m
   [90m 320 |[39m   [33mOrderService[39m[33m,[39m
  [31m[1m>[22m[39m[90m 321 |[39m   [33mPaymentService[39m[33m,[39m
   [90m     |[39m   [31m[1m^[22m[39m[31m[1m^[22m[39m[31m[1m^[22m[39m[31m[1m^[22m[39m[31m[1m^[22m[39m[31m[1m^[22m[39m[31m[1m^[22m[39m[31m[1m^[22m[39m[31m[1m^[22m[39m[31m[1m^[22m[39m[31m[1m^[22m[39m[31m[1m^[22m[39m[31m[1m^[22m[39m[31m[1m^[22m[39m
   [90m 322 |[39m   [33mBatchProcessService[39m[33m,[39m
   [90m 323 |[39m   [33mTransactionCleanupInterceptor[39m[33m,[39m
   [90m 324 |[39m }[33m;[39m[0m

[1m[31mERROR[39m[22m in [1m./src/database/services/transaction.examples.ts:322:3[39m[22m
TS2323: Cannot redeclare exported variable 'BatchProcessService'.
  [0m [90m 320 |[39m   [33mOrderService[39m[33m,[39m
   [90m 321 |[39m   [33mPaymentService[39m[33m,[39m
  [31m[1m>[22m[39m[90m 322 |[39m   [33mBatchProcessService[39m[33m,[39m
   [90m     |[39m   [31m[1m^[22m[39m[31m[1m^[22m[39m[31m[1m^[22m[39m[31m[1m^[22m[39m[31m[1m^[22m[39m[31m[1m^[22m[39m[31m[1m^[22m[39m[31m[1m^[22m[39m[31m[1m^[22m[39m[31m[1m^[22m[39m[31m[1m^[22m[39m[31m[1m^[22m[39m[31m[1m^[22m[39m[31m[1m^[22m[39m[31m[1m^[22m[39m[31m[1m^[22m[39m[31m[1m^[22m[39m[31m[1m^[22m[39m[31m[1m^[22m[39m
   [90m 323 |[39m   [33mTransactionCleanupInterceptor[39m[33m,[39m
   [90m 324 |[39m }[33m;[39m
   [90m 325 |[39m[0m

[1m[31mERROR[39m[22m in [1m./src/database/services/transaction.examples.ts:322:3[39m[22m
TS2484: Export declaration conflicts with exported declaration of 'BatchProcessService'.
  [0m [90m 320 |[39m   [33mOrderService[39m[33m,[39m
   [90m 321 |[39m   [33mPaymentService[39m[33m,[39m
  [31m[1m>[22m[39m[90m 322 |[39m   [33mBatchProcessService[39m[33m,[39m
   [90m     |[39m   [31m[1m^[22m[39m[31m[1m^[22m[39m[31m[1m^[22m[39m[31m[1m^[22m[39m[31m[1m^[22m[39m[31m[1m^[22m[39m[31m[1m^[22m[39m[31m[1m^[22m[39m[31m[1m^[22m[39m[31m[1m^[22m[39m[31m[1m^[22m[39m[31m[1m^[22m[39m[31m[1m^[22m[39m[31m[1m^[22m[39m[31m[1m^[22m[39m[31m[1m^[22m[39m[31m[1m^[22m[39m[31m[1m^[22m[39m[31m[1m^[22m[39m
   [90m 323 |[39m   [33mTransactionCleanupInterceptor[39m[33m,[39m
   [90m 324 |[39m }[33m;[39m
   [90m 325 |[39m[0m

[1m[31mERROR[39m[22m in [1m./src/database/services/transaction.examples.ts:323:3[39m[22m
TS2323: Cannot redeclare exported variable 'TransactionCleanupInterceptor'.
  [0m [90m 321 |[39m   [33mPaymentService[39m[33m,[39m
   [90m 322 |[39m   [33mBatchProcessService[39m[33m,[39m
  [31m[1m>[22m[39m[90m 323 |[39m   [33mTransactionCleanupInterceptor[39m[33m,[39m
   [90m     |[39m   [31m[1m^[22m[39m[31m[1m^[22m[39m[31m[1m^[22m[39m[31m[1m^[22m[39m[31m[1m^[22m[39m[31m[1m^[22m[39m[31m[1m^[22m[39m[31m[1m^[22m[39m[31m[1m^[22m[39m[31m[1m^[22m[39m[31m[1m^[22m[39m[31m[1m^[22m[39m[31m[1m^[22m[39m[31m[1m^[22m[39m[31m[1m^[22m[39m[31m[1m^[22m[39m[31m[1m^[22m[39m[31m[1m^[22m[39m[31m[1m^[22m[39m[31m[1m^[22m[39m[31m[1m^[22m[39m[31m[1m^[22m[39m[31m[1m^[22m[39m[31m[1m^[22m[39m[31m[1m^[22m[39m[31m[1m^[22m[39m[31m[1m^[22m[39m[31m[1m^[22m[39m[31m[1m^[22m[39m
   [90m 324 |[39m }[33m;[39m
   [90m 325 |[39m[0m

[1m[31mERROR[39m[22m in [1m./src/database/services/transaction.examples.ts:323:3[39m[22m
TS2484: Export declaration conflicts with exported declaration of 'TransactionCleanupInterceptor'.
  [0m [90m 321 |[39m   [33mPaymentService[39m[33m,[39m
   [90m 322 |[39m   [33mBatchProcessService[39m[33m,[39m
  [31m[1m>[22m[39m[90m 323 |[39m   [33mTransactionCleanupInterceptor[39m[33m,[39m
   [90m     |[39m   [31m[1m^[22m[39m[31m[1m^[22m[39m[31m[1m^[22m[39m[31m[1m^[22m[39m[31m[1m^[22m[39m[31m[1m^[22m[39m[31m[1m^[22m[39m[31m[1m^[22m[39m[31m[1m^[22m[39m[31m[1m^[22m[39m[31m[1m^[22m[39m[31m[1m^[22m[39m[31m[1m^[22m[39m[31m[1m^[22m[39m[31m[1m^[22m[39m[31m[1m^[22m[39m[31m[1m^[22m[39m[31m[1m^[22m[39m[31m[1m^[22m[39m[31m[1m^[22m[39m[31m[1m^[22m[39m[31m[1m^[22m[39m[31m[1m^[22m[39m[31m[1m^[22m[39m[31m[1m^[22m[39m[31m[1m^[22m[39m[31m[1m^[22m[39m[31m[1m^[22m[39m[31m[1m^[22m[39m
   [90m 324 |[39m }[33m;[39m
   [90m 325 |[39m[0m

[1m[31mERROR[39m[22m in [1m./src/database/services/transaction.service.ts:369:39[39m[22m
TS2339: Property 'transactionService' does not exist on type 'PropertyDescriptor'.
  [0m [90m 367 |[39m     descriptor[33m.[39mvalue [33m=[39m [36masync[39m [36mfunction[39m ([33m...[39margs[33m:[39m any[]) {
   [90m 368 |[39m       [36mconst[39m context [33m=[39m [32m`${target.constructor.name}:${String(propertyKey)}:${Date.now()}`[39m[33m;[39m
  [31m[1m>[22m[39m[90m 369 |[39m       [36mconst[39m transactionService [33m=[39m [36mthis[39m[33m.[39mtransactionService [36mas[39m [33mTransactionService[39m[33m;[39m
   [90m     |[39m                                       [31m[1m^[22m[39m[31m[1m^[22m[39m[31m[1m^[22m[39m[31m[1m^[22m[39m[31m[1m^[22m[39m[31m[1m^[22m[39m[31m[1m^[22m[39m[31m[1m^[22m[39m[31m[1m^[22m[39m[31m[1m^[22m[39m[31m[1m^[22m[39m[31m[1m^[22m[39m[31m[1m^[22m[39m[31m[1m^[22m[39m[31m[1m^[22m[39m[31m[1m^[22m[39m[31m[1m^[22m[39m[31m[1m^[22m[39m
   [90m 370 |[39m
   [90m 371 |[39m       [36mtry[39m {
   [90m 372 |[39m         [36mreturn[39m [36mawait[39m transactionService[33m.[39mexecute([0m

[1m[31mERROR[39m[22m in [1m./src/database/services/transaction.service.ts:376:18[39m[22m
TS2339: Property 'currentQueryRunner' does not exist on type 'PropertyDescriptor'.
  [0m [90m 374 |[39m           [36masync[39m (queryRunner) [33m=>[39m {
   [90m 375 |[39m             [90m// Set the queryRunner in the method context[39m
  [31m[1m>[22m[39m[90m 376 |[39m             [36mthis[39m[33m.[39mcurrentQueryRunner [33m=[39m queryRunner[33m;[39m
   [90m     |[39m                  [31m[1m^[22m[39m[31m[1m^[22m[39m[31m[1m^[22m[39m[31m[1m^[22m[39m[31m[1m^[22m[39m[31m[1m^[22m[39m[31m[1m^[22m[39m[31m[1m^[22m[39m[31m[1m^[22m[39m[31m[1m^[22m[39m[31m[1m^[22m[39m[31m[1m^[22m[39m[31m[1m^[22m[39m[31m[1m^[22m[39m[31m[1m^[22m[39m[31m[1m^[22m[39m[31m[1m^[22m[39m[31m[1m^[22m[39m
   [90m 377 |[39m             [36mreturn[39m originalMethod[33m.[39mapply([36mthis[39m[33m,[39m args)[33m;[39m
   [90m 378 |[39m           }[33m,[39m
   [90m 379 |[39m           options[33m,[39m[0m

[1m[31mERROR[39m[22m in [1m./src/database/services/transaction.service.ts:384:14[39m[22m
TS2339: Property 'currentQueryRunner' does not exist on type 'PropertyDescriptor'.
  [0m [90m 382 |[39m         [90m// Cleanup[39m
   [90m 383 |[39m         [36mawait[39m transactionService[33m.[39mcleanup(context)[33m;[39m
  [31m[1m>[22m[39m[90m 384 |[39m         [36mthis[39m[33m.[39mcurrentQueryRunner [33m=[39m [36mnull[39m[33m;[39m
   [90m     |[39m              [31m[1m^[22m[39m[31m[1m^[22m[39m[31m[1m^[22m[39m[31m[1m^[22m[39m[31m[1m^[22m[39m[31m[1m^[22m[39m[31m[1m^[22m[39m[31m[1m^[22m[39m[31m[1m^[22m[39m[31m[1m^[22m[39m[31m[1m^[22m[39m[31m[1m^[22m[39m[31m[1m^[22m[39m[31m[1m^[22m[39m[31m[1m^[22m[39m[31m[1m^[22m[39m[31m[1m^[22m[39m[31m[1m^[22m[39m
   [90m 385 |[39m       }
   [90m 386 |[39m     }[33m;[39m
   [90m 387 |[39m[0m

[1m[31mERROR[39m[22m in [1m./src/database/services/user-service.example.ts:73:14[39m[22m
TS2323: Cannot redeclare exported variable 'RefactoredUserService'.
  [0m [90m 71 |[39m [90m */[39m
   [90m 72 |[39m [33m@[39m[33mInjectable[39m()
  [31m[1m>[22m[39m[90m 73 |[39m [36mexport[39m [36mclass[39m [33mRefactoredUserService[39m {
   [90m    |[39m              [31m[1m^[22m[39m[31m[1m^[22m[39m[31m[1m^[22m[39m[31m[1m^[22m[39m[31m[1m^[22m[39m[31m[1m^[22m[39m[31m[1m^[22m[39m[31m[1m^[22m[39m[31m[1m^[22m[39m[31m[1m^[22m[39m[31m[1m^[22m[39m[31m[1m^[22m[39m[31m[1m^[22m[39m[31m[1m^[22m[39m[31m[1m^[22m[39m[31m[1m^[22m[39m[31m[1m^[22m[39m[31m[1m^[22m[39m[31m[1m^[22m[39m[31m[1m^[22m[39m[31m[1m^[22m[39m
   [90m 74 |[39m   [36mprivate[39m readonly logger [33m=[39m [36mnew[39m [33mLogger[39m([33mRefactoredUserService[39m[33m.[39mname)[33m;[39m
   [90m 75 |[39m
   [90m 76 |[39m   constructor([0m

[1m[31mERROR[39m[22m in [1m./src/database/services/user-service.example.ts:194:5[39m[22m
TS2322: Type '{ user: User; profile: UserProfile; } | { user: User; profile: null; }' is not assignable to type '{ user: User; profile: UserProfile; }'.
  Type '{ user: User; profile: null; }' is not assignable to type '{ user: User; profile: UserProfile; }'.
    Types of property 'profile' are incompatible.
      Type 'null' is not assignable to type 'UserProfile'.
  [0m [90m 192 |[39m     )[33m;[39m
   [90m 193 |[39m
  [31m[1m>[22m[39m[90m 194 |[39m     [36mreturn[39m [36mthis[39m[33m.[39mtransactionService[33m.[39mexecute(
   [90m     |[39m     [31m[1m^[22m[39m[31m[1m^[22m[39m[31m[1m^[22m[39m[31m[1m^[22m[39m[31m[1m^[22m[39m[31m[1m^[22m[39m
   [90m 195 |[39m       contextId[33m,[39m
   [90m 196 |[39m       [36masync[39m (queryRunner[33m:[39m [33mQueryRunner[39m) [33m=>[39m {
   [90m 197 |[39m         [90m// Step 1: Find and update user[39m[0m

[1m[31mERROR[39m[22m in [1m./src/database/services/user-service.example.ts:422:10[39m[22m
TS2323: Cannot redeclare exported variable 'RefactoredUserService'.
  [0m [90m 420 |[39m }
   [90m 421 |[39m
  [31m[1m>[22m[39m[90m 422 |[39m [36mexport[39m { [33mRefactoredUserService[39m[33m,[39m [33mCreateUserDto[39m[33m,[39m [33mUpdateUserDto[39m }[33m;[39m
   [90m     |[39m          [31m[1m^[22m[39m[31m[1m^[22m[39m[31m[1m^[22m[39m[31m[1m^[22m[39m[31m[1m^[22m[39m[31m[1m^[22m[39m[31m[1m^[22m[39m[31m[1m^[22m[39m[31m[1m^[22m[39m[31m[1m^[22m[39m[31m[1m^[22m[39m[31m[1m^[22m[39m[31m[1m^[22m[39m[31m[1m^[22m[39m[31m[1m^[22m[39m[31m[1m^[22m[39m[31m[1m^[22m[39m[31m[1m^[22m[39m[31m[1m^[22m[39m[31m[1m^[22m[39m[31m[1m^[22m[39m
   [90m 423 |[39m[0m

[1m[31mERROR[39m[22m in [1m./src/database/services/user-service.example.ts:422:10[39m[22m
TS2484: Export declaration conflicts with exported declaration of 'RefactoredUserService'.
  [0m [90m 420 |[39m }
   [90m 421 |[39m
  [31m[1m>[22m[39m[90m 422 |[39m [36mexport[39m { [33mRefactoredUserService[39m[33m,[39m [33mCreateUserDto[39m[33m,[39m [33mUpdateUserDto[39m }[33m;[39m
   [90m     |[39m          [31m[1m^[22m[39m[31m[1m^[22m[39m[31m[1m^[22m[39m[31m[1m^[22m[39m[31m[1m^[22m[39m[31m[1m^[22m[39m[31m[1m^[22m[39m[31m[1m^[22m[39m[31m[1m^[22m[39m[31m[1m^[22m[39m[31m[1m^[22m[39m[31m[1m^[22m[39m[31m[1m^[22m[39m[31m[1m^[22m[39m[31m[1m^[22m[39m[31m[1m^[22m[39m[31m[1m^[22m[39m[31m[1m^[22m[39m[31m[1m^[22m[39m[31m[1m^[22m[39m[31m[1m^[22m[39m
   [90m 423 |[39m[0m

[1m[31mERROR[39m[22m in [1m./src/health/indicators/queue.health.ts:12:8[39m[22m
TS2307: Cannot find module '../../queue/queue.service' or its corresponding type declarations.
  [0m [90m 10 |[39m
   [90m 11 |[39m [36mimport[39m { [33mQueueService[39m }
  [31m[1m>[22m[39m[90m 12 |[39m   [36mfrom[39m [32m"../../queue/queue.service"[39m[33m;[39m
   [90m    |[39m        [31m[1m^[22m[39m[31m[1m^[22m[39m[31m[1m^[22m[39m[31m[1m^[22m[39m[31m[1m^[22m[39m[31m[1m^[22m[39m[31m[1m^[22m[39m[31m[1m^[22m[39m[31m[1m^[22m[39m[31m[1m^[22m[39m[31m[1m^[22m[39m[31m[1m^[22m[39m[31m[1m^[22m[39m[31m[1m^[22m[39m[31m[1m^[22m[39m[31m[1m^[22m[39m[31m[1m^[22m[39m[31m[1m^[22m[39m[31m[1m^[22m[39m[31m[1m^[22m[39m[31m[1m^[22m[39m[31m[1m^[22m[39m[31m[1m^[22m[39m[31m[1m^[22m[39m[31m[1m^[22m[39m[31m[1m^[22m[39m[31m[1m^[22m[39m
   [90m 13 |[39m
   [90m 14 |[39m [33m@[39m[33mInjectable[39m()
   [90m 15 |[39m [36mexport[39m [36mclass[39m [33mQueueHealthIndicator[39m[0m

[1m[31mERROR[39m[22m in [1m./src/health/indicators/redis.health.ts:12:8[39m[22m
TS2307: Cannot find module '../../redis/redis.service' or its corresponding type declarations.
  [0m [90m 10 |[39m
   [90m 11 |[39m [36mimport[39m { [33mRedisService[39m }
  [31m[1m>[22m[39m[90m 12 |[39m   [36mfrom[39m [32m"../../redis/redis.service"[39m[33m;[39m
   [90m    |[39m        [31m[1m^[22m[39m[31m[1m^[22m[39m[31m[1m^[22m[39m[31m[1m^[22m[39m[31m[1m^[22m[39m[31m[1m^[22m[39m[31m[1m^[22m[39m[31m[1m^[22m[39m[31m[1m^[22m[39m[31m[1m^[22m[39m[31m[1m^[22m[39m[31m[1m^[22m[39m[31m[1m^[22m[39m[31m[1m^[22m[39m[31m[1m^[22m[39m[31m[1m^[22m[39m[31m[1m^[22m[39m[31m[1m^[22m[39m[31m[1m^[22m[39m[31m[1m^[22m[39m[31m[1m^[22m[39m[31m[1m^[22m[39m[31m[1m^[22m[39m[31m[1m^[22m[39m[31m[1m^[22m[39m[31m[1m^[22m[39m[31m[1m^[22m[39m
   [90m 13 |[39m
   [90m 14 |[39m [33m@[39m[33mInjectable[39m()
   [90m 15 |[39m [36mexport[39m [36mclass[39m [33mRedisHealthIndicator[39m[0m

[1m[31mERROR[39m[22m in [1m./src/leaderboard/leaderboard.processor.ts:18:58[39m[22m
TS18046: 'error' is of type 'unknown'.
  [0m [90m 16 |[39m       [36mawait[39m [36mthis[39m[33m.[39mleaderboardService[33m.[39mrebuildLeaderboards()[33m;[39m
   [90m 17 |[39m     } [36mcatch[39m (error) {
  [31m[1m>[22m[39m[90m 18 |[39m       [36mthis[39m[33m.[39mlogger[33m.[39merror([32m'Failed to rebuild leaderboard'[39m[33m,[39m error[33m.[39mstack)[33m;[39m
   [90m    |[39m                                                          [31m[1m^[22m[39m[31m[1m^[22m[39m[31m[1m^[22m[39m[31m[1m^[22m[39m[31m[1m^[22m[39m
   [90m 19 |[39m     }
   [90m 20 |[39m   }
   [90m 21 |[39m }[0m

[1m[31mERROR[39m[22m in [1m./src/leaderboard/leaderboard.service.ts:157:20[39m[22m
TS2345: Argument of type 'string' is not assignable to parameter of type 'never'.
  [0m [90m 155 |[39m     [36mconst[39m userIds [33m=[39m [][33m;[39m
   [90m 156 |[39m     [36mfor[39m ([36mlet[39m i [33m=[39m [35m0[39m[33m;[39m i [33m<[39m rawTopUsers[33m.[39mlength[33m;[39m i [33m+=[39m [35m2[39m) {
  [31m[1m>[22m[39m[90m 157 |[39m       userIds[33m.[39mpush(rawTopUsers[i])[33m;[39m
   [90m     |[39m                    [31m[1m^[22m[39m[31m[1m^[22m[39m[31m[1m^[22m[39m[31m[1m^[22m[39m[31m[1m^[22m[39m[31m[1m^[22m[39m[31m[1m^[22m[39m[31m[1m^[22m[39m[31m[1m^[22m[39m[31m[1m^[22m[39m[31m[1m^[22m[39m[31m[1m^[22m[39m[31m[1m^[22m[39m[31m[1m^[22m[39m
   [90m 158 |[39m     }
   [90m 159 |[39m
   [90m 160 |[39m     [90m// Fetch names from Redis Hash (HMGET returns an array of values)[39m[0m

[1m[31mERROR[39m[22m in [1m./src/modules/admin/admin.controller.ts:48:32[39m[22m
TS2339: Property 'getDashboardStats' does not exist on type 'AdminService'.
  [0m [90m 46 |[39m   [36masync[39m getStats() {
   [90m 47 |[39m     [36mreturn[39m [36mthis[39m[33m.[39mcacheService[33m.[39mremember([32m'admin_dashboard_stats'[39m[33m,[39m [36masync[39m () [33m=>[39m {
  [31m[1m>[22m[39m[90m 48 |[39m       [36mreturn[39m [36mthis[39m[33m.[39madminService[33m.[39mgetDashboardStats()[33m;[39m
   [90m    |[39m                                [31m[1m^[22m[39m[31m[1m^[22m[39m[31m[1m^[22m[39m[31m[1m^[22m[39m[31m[1m^[22m[39m[31m[1m^[22m[39m[31m[1m^[22m[39m[31m[1m^[22m[39m[31m[1m^[22m[39m[31m[1m^[22m[39m[31m[1m^[22m[39m[31m[1m^[22m[39m[31m[1m^[22m[39m[31m[1m^[22m[39m[31m[1m^[22m[39m[31m[1m^[22m[39m[31m[1m^[22m[39m
   [90m 49 |[39m     }[33m,[39m [35m300[39m)[33m;[39m
   [90m 50 |[39m   }
   [90m 51 |[39m[0m

[1m[31mERROR[39m[22m in [1m./src/modules/admin/admin.controller.ts:56:30[39m[22m
TS2339: Property 'getTaskAnalytics' does not exist on type 'AdminService'.
  [0m [90m 54 |[39m   [33m@[39m[33mApiResponse[39m({ status[33m:[39m [35m200[39m[33m,[39m description[33m:[39m [32m'Task analytics retrieved successfully'[39m })
   [90m 55 |[39m   [36masync[39m getTaskAnalytics() {
  [31m[1m>[22m[39m[90m 56 |[39m     [36mreturn[39m [36mthis[39m[33m.[39madminService[33m.[39mgetTaskAnalytics()[33m;[39m
   [90m    |[39m                              [31m[1m^[22m[39m[31m[1m^[22m[39m[31m[1m^[22m[39m[31m[1m^[22m[39m[31m[1m^[22m[39m[31m[1m^[22m[39m[31m[1m^[22m[39m[31m[1m^[22m[39m[31m[1m^[22m[39m[31m[1m^[22m[39m[31m[1m^[22m[39m[31m[1m^[22m[39m[31m[1m^[22m[39m[31m[1m^[22m[39m[31m[1m^[22m[39m[31m[1m^[22m[39m
   [90m 57 |[39m   }
   [90m 58 |[39m
   [90m 59 |[39m   [33m@[39m[33mGet[39m([32m'dashboard/health'[39m)[0m

[1m[31mERROR[39m[22m in [1m./src/modules/admin/admin.controller.ts:63:30[39m[22m
TS2339: Property 'getHealthStatus' does not exist on type 'AdminService'.
  [0m [90m 61 |[39m   [33m@[39m[33mApiResponse[39m({ status[33m:[39m [35m200[39m[33m,[39m description[33m:[39m [32m'Health status retrieved successfully'[39m })
   [90m 62 |[39m   [36masync[39m getHealthStatus() {
  [31m[1m>[22m[39m[90m 63 |[39m     [36mreturn[39m [36mthis[39m[33m.[39madminService[33m.[39mgetHealthStatus()[33m;[39m
   [90m    |[39m                              [31m[1m^[22m[39m[31m[1m^[22m[39m[31m[1m^[22m[39m[31m[1m^[22m[39m[31m[1m^[22m[39m[31m[1m^[22m[39m[31m[1m^[22m[39m[31m[1m^[22m[39m[31m[1m^[22m[39m[31m[1m^[22m[39m[31m[1m^[22m[39m[31m[1m^[22m[39m[31m[1m^[22m[39m[31m[1m^[22m[39m[31m[1m^[22m[39m
   [90m 64 |[39m   }
   [90m 65 |[39m
   [90m 66 |[39m   [33m@[39m[33mPost[39m([32m'tasks/assign-daily'[39m)[0m

[1m[31mERROR[39m[22m in [1m./src/modules/admin/services/admin.service.ts:75:3[39m[22m
TS2304: Cannot find name 'async'.
  [0m [90m 73 |[39m   }
   [90m 74 |[39m
  [31m[1m>[22m[39m[90m 75 |[39m   [36masync[39m getDashboardStats() {
   [90m    |[39m   [31m[1m^[22m[39m[31m[1m^[22m[39m[31m[1m^[22m[39m[31m[1m^[22m[39m[31m[1m^[22m[39m
   [90m 76 |[39m     [36mconst[39m totalUsers [33m=[39m [36mawait[39m [36mthis[39m[33m.[39muserRepository[33m.[39mcount()[33m;[39m
   [90m 77 |[39m
   [90m 78 |[39m     [36mconst[39m activeUsers [33m=[39m [36mawait[39m [36mthis[39m[33m.[39muserRepository[0m

[1m[31mERROR[39m[22m in [1m./src/modules/admin/services/admin.service.ts:75:9[39m[22m
TS2304: Cannot find name 'getDashboardStats'.
  [0m [90m 73 |[39m   }
   [90m 74 |[39m
  [31m[1m>[22m[39m[90m 75 |[39m   [36masync[39m getDashboardStats() {
   [90m    |[39m         [31m[1m^[22m[39m[31m[1m^[22m[39m[31m[1m^[22m[39m[31m[1m^[22m[39m[31m[1m^[22m[39m[31m[1m^[22m[39m[31m[1m^[22m[39m[31m[1m^[22m[39m[31m[1m^[22m[39m[31m[1m^[22m[39m[31m[1m^[22m[39m[31m[1m^[22m[39m[31m[1m^[22m[39m[31m[1m^[22m[39m[31m[1m^[22m[39m[31m[1m^[22m[39m[31m[1m^[22m[39m
   [90m 76 |[39m     [36mconst[39m totalUsers [33m=[39m [36mawait[39m [36mthis[39m[33m.[39muserRepository[33m.[39mcount()[33m;[39m
   [90m 77 |[39m
   [90m 78 |[39m     [36mconst[39m activeUsers [33m=[39m [36mawait[39m [36mthis[39m[33m.[39muserRepository[0m

[1m[31mERROR[39m[22m in [1m./src/modules/admin/services/admin.service.ts:107:3[39m[22m
TS2304: Cannot find name 'async'.
  [0m [90m 105 |[39m   }
   [90m 106 |[39m
  [31m[1m>[22m[39m[90m 107 |[39m   [36masync[39m getTaskAnalytics() {
   [90m     |[39m   [31m[1m^[22m[39m[31m[1m^[22m[39m[31m[1m^[22m[39m[31m[1m^[22m[39m[31m[1m^[22m[39m
   [90m 108 |[39m     [36mconst[39m statusCounts [33m=[39m [36mawait[39m [36mthis[39m[33m.[39mtaskCompletionRepository
   [90m 109 |[39m       [33m.[39mcreateQueryBuilder([32m'tc'[39m)
   [90m 110 |[39m       [33m.[39mselect([32m'tc.status'[39m[33m,[39m [32m'status'[39m)[0m

[1m[31mERROR[39m[22m in [1m./src/modules/admin/services/admin.service.ts:107:9[39m[22m
TS2304: Cannot find name 'getTaskAnalytics'.
  [0m [90m 105 |[39m   }
   [90m 106 |[39m
  [31m[1m>[22m[39m[90m 107 |[39m   [36masync[39m getTaskAnalytics() {
   [90m     |[39m         [31m[1m^[22m[39m[31m[1m^[22m[39m[31m[1m^[22m[39m[31m[1m^[22m[39m[31m[1m^[22m[39m[31m[1m^[22m[39m[31m[1m^[22m[39m[31m[1m^[22m[39m[31m[1m^[22m[39m[31m[1m^[22m[39m[31m[1m^[22m[39m[31m[1m^[22m[39m[31m[1m^[22m[39m[31m[1m^[22m[39m[31m[1m^[22m[39m[31m[1m^[22m[39m
   [90m 108 |[39m     [36mconst[39m statusCounts [33m=[39m [36mawait[39m [36mthis[39m[33m.[39mtaskCompletionRepository
   [90m 109 |[39m       [33m.[39mcreateQueryBuilder([32m'tc'[39m)
   [90m 110 |[39m       [33m.[39mselect([32m'tc.status'[39m[33m,[39m [32m'status'[39m)[0m

[1m[31mERROR[39m[22m in [1m./src/modules/admin/services/admin.service.ts:165:3[39m[22m
TS2304: Cannot find name 'async'.
  [0m [90m 163 |[39m   }
   [90m 164 |[39m
  [31m[1m>[22m[39m[90m 165 |[39m   [36masync[39m getHealthStatus() {
   [90m     |[39m   [31m[1m^[22m[39m[31m[1m^[22m[39m[31m[1m^[22m[39m[31m[1m^[22m[39m[31m[1m^[22m[39m
   [90m 166 |[39m     [36mconst[39m details[33m:[39m [33mRecord[39m[33m<[39m[33mstring[39m[33m,[39m any[33m>[39m [33m=[39m {}[33m;[39m
   [90m 167 |[39m     [36mlet[39m overallStatus [33m=[39m [32m'ok'[39m[33m;[39m
   [90m 168 |[39m[0m

[1m[31mERROR[39m[22m in [1m./src/modules/admin/services/admin.service.ts:165:9[39m[22m
TS2304: Cannot find name 'getHealthStatus'.
  [0m [90m 163 |[39m   }
   [90m 164 |[39m
  [31m[1m>[22m[39m[90m 165 |[39m   [36masync[39m getHealthStatus() {
   [90m     |[39m         [31m[1m^[22m[39m[31m[1m^[22m[39m[31m[1m^[22m[39m[31m[1m^[22m[39m[31m[1m^[22m[39m[31m[1m^[22m[39m[31m[1m^[22m[39m[31m[1m^[22m[39m[31m[1m^[22m[39m[31m[1m^[22m[39m[31m[1m^[22m[39m[31m[1m^[22m[39m[31m[1m^[22m[39m[31m[1m^[22m[39m[31m[1m^[22m[39m
   [90m 166 |[39m     [36mconst[39m details[33m:[39m [33mRecord[39m[33m<[39m[33mstring[39m[33m,[39m any[33m>[39m [33m=[39m {}[33m;[39m
   [90m 167 |[39m     [36mlet[39m overallStatus [33m=[39m [32m'ok'[39m[33m;[39m
   [90m 168 |[39m[0m

[1m[31mERROR[39m[22m in [1m./src/modules/admin/services/admin.service.ts:173:33[39m[22m
TS2339: Property 'causes' does not exist on type '{}'.
  [0m [90m 171 |[39m     } [36mcatch[39m (error) {
   [90m 172 |[39m       overallStatus [33m=[39m [32m'error'[39m[33m;[39m
  [31m[1m>[22m[39m[90m 173 |[39m       details[33m.[39mdatabase [33m=[39m error[33m?[39m[33m.[39mcauses[33m?[39m[33m.[39mdatabase [33m||[39m { status[33m:[39m [32m'down'[39m }[33m;[39m
   [90m     |[39m                                 [31m[1m^[22m[39m[31m[1m^[22m[39m[31m[1m^[22m[39m[31m[1m^[22m[39m[31m[1m^[22m[39m[31m[1m^[22m[39m
   [90m 174 |[39m     }
   [90m 175 |[39m
   [90m 176 |[39m     [36mtry[39m {[0m

[1m[31mERROR[39m[22m in [1m./src/modules/admin/services/admin.service.ts:180:30[39m[22m
TS2339: Property 'causes' does not exist on type '{}'.
  [0m [90m 178 |[39m     } [36mcatch[39m (error) {
   [90m 179 |[39m       overallStatus [33m=[39m [32m'error'[39m[33m;[39m
  [31m[1m>[22m[39m[90m 180 |[39m       details[33m.[39mredis [33m=[39m error[33m?[39m[33m.[39mcauses[33m?[39m[33m.[39mredis [33m||[39m { status[33m:[39m [32m'down'[39m }[33m;[39m
   [90m     |[39m                              [31m[1m^[22m[39m[31m[1m^[22m[39m[31m[1m^[22m[39m[31m[1m^[22m[39m[31m[1m^[22m[39m[31m[1m^[22m[39m
   [90m 181 |[39m     }
   [90m 182 |[39m
   [90m 183 |[39m     details[33m.[39muptimeSeconds [33m=[39m [33mMath[39m[33m.[39mround(process[33m.[39muptime())[33m;[39m[0m

[1m[31mERROR[39m[22m in [1m./src/modules/auth/auth.controller.ts:30:1[39m[22m
TS1238: Unable to resolve signature of class decorator when called as an expression.
  The runtime will invoke the decorator with 1 arguments, but the decorator expects 3.
  [0m [90m 28 |[39m
   [90m 29 |[39m [33m@[39m[33mApiTags[39m([32m'auth'[39m)
  [31m[1m>[22m[39m[90m 30 |[39m [33m@[39m[33mVersion[39m([32m'1'[39m)
   [90m    |[39m [31m[1m^[22m[39m[31m[1m^[22m[39m[31m[1m^[22m[39m[31m[1m^[22m[39m[31m[1m^[22m[39m[31m[1m^[22m[39m[31m[1m^[22m[39m[31m[1m^[22m[39m[31m[1m^[22m[39m[31m[1m^[22m[39m[31m[1m^[22m[39m[31m[1m^[22m[39m[31m[1m^[22m[39m
   [90m 31 |[39m [33m@[39m[33mController[39m({ path[33m:[39m [32m'auth'[39m })
   [90m 32 |[39m [33m@[39m[33mUseGuards[39m([33mRateLimitGuard[39m)
   [90m 33 |[39m [36mexport[39m [36mclass[39m [33mAuthController[39m {[0m

[1m[31mERROR[39m[22m in [1m./src/modules/auth/auth.controller.ts:30:2[39m[22m
TS1270: Decorator function return type 'void | TypedPropertyDescriptor<unknown>' is not assignable to type 'void | typeof AuthController'.
  Type 'TypedPropertyDescriptor<unknown>' is not assignable to type 'void | typeof AuthController'.
  [0m [90m 28 |[39m
   [90m 29 |[39m [33m@[39m[33mApiTags[39m([32m'auth'[39m)
  [31m[1m>[22m[39m[90m 30 |[39m [33m@[39m[33mVersion[39m([32m'1'[39m)
   [90m    |[39m  [31m[1m^[22m[39m[31m[1m^[22m[39m[31m[1m^[22m[39m[31m[1m^[22m[39m[31m[1m^[22m[39m[31m[1m^[22m[39m[31m[1m^[22m[39m[31m[1m^[22m[39m[31m[1m^[22m[39m[31m[1m^[22m[39m[31m[1m^[22m[39m[31m[1m^[22m[39m
   [90m 31 |[39m [33m@[39m[33mController[39m({ path[33m:[39m [32m'auth'[39m })
   [90m 32 |[39m [33m@[39m[33mUseGuards[39m([33mRateLimitGuard[39m)
   [90m 33 |[39m [36mexport[39m [36mclass[39m [33mAuthController[39m {[0m

[1m[31mERROR[39m[22m in [1m./src/modules/auth/services/users.service.ts:38:9[39m[22m
TS2393: Duplicate function implementation.
  [0m [90m 36 |[39m   }
   [90m 37 |[39m
  [31m[1m>[22m[39m[90m 38 |[39m   [36masync[39m getProfile(userId[33m:[39m string)[33m:[39m [33mPromise[39m[33m<[39m[33mOmit[39m[33m<[39m[33mUser[39m[33m,[39m [32m'password'[39m[33m>>[39m {
   [90m    |[39m         [31m[1m^[22m[39m[31m[1m^[22m[39m[31m[1m^[22m[39m[31m[1m^[22m[39m[31m[1m^[22m[39m[31m[1m^[22m[39m[31m[1m^[22m[39m[31m[1m^[22m[39m[31m[1m^[22m[39m[31m[1m^[22m[39m
   [90m 39 |[39m     [36mconst[39m user [33m=[39m [36mawait[39m [36mthis[39m[33m.[39mfindById(userId)[33m;[39m
   [90m 40 |[39m     [36mconst[39m { password[33m,[39m [33m...[39mprofile } [33m=[39m user [36mas[39m [33mUser[39m [33m&[39m { password[33m?[39m[33m:[39m string }[33m;[39m
   [90m 41 |[39m     [36mreturn[39m profile[33m;[39m[0m

[1m[31mERROR[39m[22m in [1m./src/modules/auth/services/users.service.ts:66:39[39m[22m
TS2769: No overload matches this call.
  Overload 1 of 3, '(entityLikeArray: DeepPartial<User>[]): User[]', gave the following error.
    Object literal may only specify known properties, and 'email' does not exist in type 'DeepPartial<User>[]'.
  Overload 2 of 3, '(entityLike: DeepPartial<User>): User', gave the following error.
    Type 'string | null' is not assignable to type 'string | undefined'.
      Type 'null' is not assignable to type 'string | undefined'.
  [0m [90m 64 |[39m         [33m:[39m userData[33m.[39memail[33m;[39m
   [90m 65 |[39m
  [31m[1m>[22m[39m[90m 66 |[39m     [36mconst[39m user [33m=[39m [36mthis[39m[33m.[39musersRepository[33m.[39mcreate({
   [90m    |[39m                                       [31m[1m^[22m[39m[31m[1m^[22m[39m[31m[1m^[22m[39m[31m[1m^[22m[39m[31m[1m^[22m[39m[31m[1m^[22m[39m
   [90m 67 |[39m       email[33m,[39m
   [90m 68 |[39m       phoneNumber[33m:[39m userData[33m.[39mphoneNumber[33m,[39m
   [90m 69 |[39m       firstName[33m,[39m[0m

[1m[31mERROR[39m[22m in [1m./src/modules/auth/services/users.service.ts:74:5[39m[22m
TS2740: Type 'User[]' is missing the following properties from type 'User': id, email, phoneNumber, country, and 29 more.
  [0m [90m 72 |[39m     })[33m;[39m
   [90m 73 |[39m
  [31m[1m>[22m[39m[90m 74 |[39m     [36mreturn[39m [36mthis[39m[33m.[39musersRepository[33m.[39msave(user)[33m;[39m
   [90m    |[39m     [31m[1m^[22m[39m[31m[1m^[22m[39m[31m[1m^[22m[39m[31m[1m^[22m[39m[31m[1m^[22m[39m[31m[1m^[22m[39m
   [90m 75 |[39m   }
   [90m 76 |[39m
   [90m 77 |[39m   [36masync[39m findByVerificationToken(token[33m:[39m string)[33m:[39m [33mPromise[39m[33m<[39m[33mUser[39m [33m|[39m [36mnull[39m[33m>[39m {[0m

[1m[31mERROR[39m[22m in [1m./src/modules/auth/services/users.service.ts:156:9[39m[22m
TS2393: Duplicate function implementation.
  [0m [90m 154 |[39m [90m   * @param id - User ID[39m
   [90m 155 |[39m [90m   */[39m
  [31m[1m>[22m[39m[90m 156 |[39m   [36masync[39m getProfile(id[33m:[39m string)[33m:[39m [33mPromise[39m[33m<[39m[33mUser[39m[33m>[39m {
   [90m     |[39m         [31m[1m^[22m[39m[31m[1m^[22m[39m[31m[1m^[22m[39m[31m[1m^[22m[39m[31m[1m^[22m[39m[31m[1m^[22m[39m[31m[1m^[22m[39m[31m[1m^[22m[39m[31m[1m^[22m[39m[31m[1m^[22m[39m
   [90m 157 |[39m     [36mreturn[39m [36mthis[39m[33m.[39mfindById(id)[33m;[39m
   [90m 158 |[39m   }
   [90m 159 |[39m }[0m

[1m[31mERROR[39m[22m in [1m./src/modules/health-tasks/health-tasks.controller.ts:17:10[39m[22m
TS2300: Duplicate identifier 'ApiTags'.
  [0m [90m 15 |[39m   [33mUseInterceptors[39m[33m,[39m
   [90m 16 |[39m } [36mfrom[39m [32m'@nestjs/common'[39m[33m;[39m
  [31m[1m>[22m[39m[90m 17 |[39m [36mimport[39m { [33mApiTags[39m[33m,[39m [33mApiOperation[39m[33m,[39m [33mApiResponse[39m[33m,[39m [33mApiConsumes[39m[33m,[39m [33mApiBody[39m } [36mfrom[39m [32m'@nestjs/swagger'[39m[33m;[39m
   [90m    |[39m          [31m[1m^[22m[39m[31m[1m^[22m[39m[31m[1m^[22m[39m[31m[1m^[22m[39m[31m[1m^[22m[39m[31m[1m^[22m[39m[31m[1m^[22m[39m
   [90m 18 |[39m [36mimport[39m { [33mApiTags[39m[33m,[39m [33mApiOperation[39m[33m,[39m [33mApiConsumes[39m[33m,[39m [33mApiBody[39m[33m,[39m [33mApiQuery[39m } [36mfrom[39m [32m'@nestjs/swagger'[39m[33m;[39m
   [90m 19 |[39m [36mimport[39m { [33mFileInterceptor[39m } [36mfrom[39m [32m'@nestjs/platform-express'[39m[33m;[39m
   [90m 20 |[39m [36mimport[39m { [33mRequest[39m } [36mfrom[39m [32m'express'[39m[33m;[39m[0m

[1m[31mERROR[39m[22m in [1m./src/modules/health-tasks/health-tasks.controller.ts:17:19[39m[22m
TS2300: Duplicate identifier 'ApiOperation'.
  [0m [90m 15 |[39m   [33mUseInterceptors[39m[33m,[39m
   [90m 16 |[39m } [36mfrom[39m [32m'@nestjs/common'[39m[33m;[39m
  [31m[1m>[22m[39m[90m 17 |[39m [36mimport[39m { [33mApiTags[39m[33m,[39m [33mApiOperation[39m[33m,[39m [33mApiResponse[39m[33m,[39m [33mApiConsumes[39m[33m,[39m [33mApiBody[39m } [36mfrom[39m [32m'@nestjs/swagger'[39m[33m;[39m
   [90m    |[39m                   [31m[1m^[22m[39m[31m[1m^[22m[39m[31m[1m^[22m[39m[31m[1m^[22m[39m[31m[1m^[22m[39m[31m[1m^[22m[39m[31m[1m^[22m[39m[31m[1m^[22m[39m[31m[1m^[22m[39m[31m[1m^[22m[39m[31m[1m^[22m[39m[31m[1m^[22m[39m
   [90m 18 |[39m [36mimport[39m { [33mApiTags[39m[33m,[39m [33mApiOperation[39m[33m,[39m [33mApiConsumes[39m[33m,[39m [33mApiBody[39m[33m,[39m [33mApiQuery[39m } [36mfrom[39m [32m'@nestjs/swagger'[39m[33m;[39m
   [90m 19 |[39m [36mimport[39m { [33mFileInterceptor[39m } [36mfrom[39m [32m'@nestjs/platform-express'[39m[33m;[39m
   [90m 20 |[39m [36mimport[39m { [33mRequest[39m } [36mfrom[39m [32m'express'[39m[33m;[39m[0m

[1m[31mERROR[39m[22m in [1m./src/modules/health-tasks/health-tasks.controller.ts:17:46[39m[22m
TS2300: Duplicate identifier 'ApiConsumes'.
  [0m [90m 15 |[39m   [33mUseInterceptors[39m[33m,[39m
   [90m 16 |[39m } [36mfrom[39m [32m'@nestjs/common'[39m[33m;[39m
  [31m[1m>[22m[39m[90m 17 |[39m [36mimport[39m { [33mApiTags[39m[33m,[39m [33mApiOperation[39m[33m,[39m [33mApiResponse[39m[33m,[39m [33mApiConsumes[39m[33m,[39m [33mApiBody[39m } [36mfrom[39m [32m'@nestjs/swagger'[39m[33m;[39m
   [90m    |[39m                                              [31m[1m^[22m[39m[31m[1m^[22m[39m[31m[1m^[22m[39m[31m[1m^[22m[39m[31m[1m^[22m[39m[31m[1m^[22m[39m[31m[1m^[22m[39m[31m[1m^[22m[39m[31m[1m^[22m[39m[31m[1m^[22m[39m[31m[1m^[22m[39m
   [90m 18 |[39m [36mimport[39m { [33mApiTags[39m[33m,[39m [33mApiOperation[39m[33m,[39m [33mApiConsumes[39m[33m,[39m [33mApiBody[39m[33m,[39m [33mApiQuery[39m } [36mfrom[39m [32m'@nestjs/swagger'[39m[33m;[39m
   [90m 19 |[39m [36mimport[39m { [33mFileInterceptor[39m } [36mfrom[39m [32m'@nestjs/platform-express'[39m[33m;[39m
   [90m 20 |[39m [36mimport[39m { [33mRequest[39m } [36mfrom[39m [32m'express'[39m[33m;[39m[0m

[1m[31mERROR[39m[22m in [1m./src/modules/health-tasks/health-tasks.controller.ts:17:59[39m[22m
TS2300: Duplicate identifier 'ApiBody'.
  [0m [90m 15 |[39m   [33mUseInterceptors[39m[33m,[39m
   [90m 16 |[39m } [36mfrom[39m [32m'@nestjs/common'[39m[33m;[39m
  [31m[1m>[22m[39m[90m 17 |[39m [36mimport[39m { [33mApiTags[39m[33m,[39m [33mApiOperation[39m[33m,[39m [33mApiResponse[39m[33m,[39m [33mApiConsumes[39m[33m,[39m [33mApiBody[39m } [36mfrom[39m [32m'@nestjs/swagger'[39m[33m;[39m
   [90m    |[39m                                                           [31m[1m^[22m[39m[31m[1m^[22m[39m[31m[1m^[22m[39m[31m[1m^[22m[39m[31m[1m^[22m[39m[31m[1m^[22m[39m[31m[1m^[22m[39m
   [90m 18 |[39m [36mimport[39m { [33mApiTags[39m[33m,[39m [33mApiOperation[39m[33m,[39m [33mApiConsumes[39m[33m,[39m [33mApiBody[39m[33m,[39m [33mApiQuery[39m } [36mfrom[39m [32m'@nestjs/swagger'[39m[33m;[39m
   [90m 19 |[39m [36mimport[39m { [33mFileInterceptor[39m } [36mfrom[39m [32m'@nestjs/platform-express'[39m[33m;[39m
   [90m 20 |[39m [36mimport[39m { [33mRequest[39m } [36mfrom[39m [32m'express'[39m[33m;[39m[0m

[1m[31mERROR[39m[22m in [1m./src/modules/health-tasks/health-tasks.controller.ts:18:10[39m[22m
TS2300: Duplicate identifier 'ApiTags'.
  [0m [90m 16 |[39m } [36mfrom[39m [32m'@nestjs/common'[39m[33m;[39m
   [90m 17 |[39m [36mimport[39m { [33mApiTags[39m[33m,[39m [33mApiOperation[39m[33m,[39m [33mApiResponse[39m[33m,[39m [33mApiConsumes[39m[33m,[39m [33mApiBody[39m } [36mfrom[39m [32m'@nestjs/swagger'[39m[33m;[39m
  [31m[1m>[22m[39m[90m 18 |[39m [36mimport[39m { [33mApiTags[39m[33m,[39m [33mApiOperation[39m[33m,[39m [33mApiConsumes[39m[33m,[39m [33mApiBody[39m[33m,[39m [33mApiQuery[39m } [36mfrom[39m [32m'@nestjs/swagger'[39m[33m;[39m
   [90m    |[39m          [31m[1m^[22m[39m[31m[1m^[22m[39m[31m[1m^[22m[39m[31m[1m^[22m[39m[31m[1m^[22m[39m[31m[1m^[22m[39m[31m[1m^[22m[39m
   [90m 19 |[39m [36mimport[39m { [33mFileInterceptor[39m } [36mfrom[39m [32m'@nestjs/platform-express'[39m[33m;[39m
   [90m 20 |[39m [36mimport[39m { [33mRequest[39m } [36mfrom[39m [32m'express'[39m[33m;[39m
   [90m 21 |[39m [36mimport[39m { [33mHealthTasksService[39m } [36mfrom[39m [32m'./health-tasks.service'[39m[33m;[39m[0m

[1m[31mERROR[39m[22m in [1m./src/modules/health-tasks/health-tasks.controller.ts:18:19[39m[22m
TS2300: Duplicate identifier 'ApiOperation'.
  [0m [90m 16 |[39m } [36mfrom[39m [32m'@nestjs/common'[39m[33m;[39m
   [90m 17 |[39m [36mimport[39m { [33mApiTags[39m[33m,[39m [33mApiOperation[39m[33m,[39m [33mApiResponse[39m[33m,[39m [33mApiConsumes[39m[33m,[39m [33mApiBody[39m } [36mfrom[39m [32m'@nestjs/swagger'[39m[33m;[39m
  [31m[1m>[22m[39m[90m 18 |[39m [36mimport[39m { [33mApiTags[39m[33m,[39m [33mApiOperation[39m[33m,[39m [33mApiConsumes[39m[33m,[39m [33mApiBody[39m[33m,[39m [33mApiQuery[39m } [36mfrom[39m [32m'@nestjs/swagger'[39m[33m;[39m
   [90m    |[39m                   [31m[1m^[22m[39m[31m[1m^[22m[39m[31m[1m^[22m[39m[31m[1m^[22m[39m[31m[1m^[22m[39m[31m[1m^[22m[39m[31m[1m^[22m[39m[31m[1m^[22m[39m[31m[1m^[22m[39m[31m[1m^[22m[39m[31m[1m^[22m[39m[31m[1m^[22m[39m
   [90m 19 |[39m [36mimport[39m { [33mFileInterceptor[39m } [36mfrom[39m [32m'@nestjs/platform-express'[39m[33m;[39m
   [90m 20 |[39m [36mimport[39m { [33mRequest[39m } [36mfrom[39m [32m'express'[39m[33m;[39m
   [90m 21 |[39m [36mimport[39m { [33mHealthTasksService[39m } [36mfrom[39m [32m'./health-tasks.service'[39m[33m;[39m[0m

[1m[31mERROR[39m[22m in [1m./src/modules/health-tasks/health-tasks.controller.ts:18:33[39m[22m
TS2300: Duplicate identifier 'ApiConsumes'.
  [0m [90m 16 |[39m } [36mfrom[39m [32m'@nestjs/common'[39m[33m;[39m
   [90m 17 |[39m [36mimport[39m { [33mApiTags[39m[33m,[39m [33mApiOperation[39m[33m,[39m [33mApiResponse[39m[33m,[39m [33mApiConsumes[39m[33m,[39m [33mApiBody[39m } [36mfrom[39m [32m'@nestjs/swagger'[39m[33m;[39m
  [31m[1m>[22m[39m[90m 18 |[39m [36mimport[39m { [33mApiTags[39m[33m,[39m [33mApiOperation[39m[33m,[39m [33mApiConsumes[39m[33m,[39m [33mApiBody[39m[33m,[39m [33mApiQuery[39m } [36mfrom[39m [32m'@nestjs/swagger'[39m[33m;[39m
   [90m    |[39m                                 [31m[1m^[22m[39m[31m[1m^[22m[39m[31m[1m^[22m[39m[31m[1m^[22m[39m[31m[1m^[22m[39m[31m[1m^[22m[39m[31m[1m^[22m[39m[31m[1m^[22m[39m[31m[1m^[22m[39m[31m[1m^[22m[39m[31m[1m^[22m[39m
   [90m 19 |[39m [36mimport[39m { [33mFileInterceptor[39m } [36mfrom[39m [32m'@nestjs/platform-express'[39m[33m;[39m
   [90m 20 |[39m [36mimport[39m { [33mRequest[39m } [36mfrom[39m [32m'express'[39m[33m;[39m
   [90m 21 |[39m [36mimport[39m { [33mHealthTasksService[39m } [36mfrom[39m [32m'./health-tasks.service'[39m[33m;[39m[0m

[1m[31mERROR[39m[22m in [1m./src/modules/health-tasks/health-tasks.controller.ts:18:46[39m[22m
TS2300: Duplicate identifier 'ApiBody'.
  [0m [90m 16 |[39m } [36mfrom[39m [32m'@nestjs/common'[39m[33m;[39m
   [90m 17 |[39m [36mimport[39m { [33mApiTags[39m[33m,[39m [33mApiOperation[39m[33m,[39m [33mApiResponse[39m[33m,[39m [33mApiConsumes[39m[33m,[39m [33mApiBody[39m } [36mfrom[39m [32m'@nestjs/swagger'[39m[33m;[39m
  [31m[1m>[22m[39m[90m 18 |[39m [36mimport[39m { [33mApiTags[39m[33m,[39m [33mApiOperation[39m[33m,[39m [33mApiConsumes[39m[33m,[39m [33mApiBody[39m[33m,[39m [33mApiQuery[39m } [36mfrom[39m [32m'@nestjs/swagger'[39m[33m;[39m
   [90m    |[39m                                              [31m[1m^[22m[39m[31m[1m^[22m[39m[31m[1m^[22m[39m[31m[1m^[22m[39m[31m[1m^[22m[39m[31m[1m^[22m[39m[31m[1m^[22m[39m
   [90m 19 |[39m [36mimport[39m { [33mFileInterceptor[39m } [36mfrom[39m [32m'@nestjs/platform-express'[39m[33m;[39m
   [90m 20 |[39m [36mimport[39m { [33mRequest[39m } [36mfrom[39m [32m'express'[39m[33m;[39m
   [90m 21 |[39m [36mimport[39m { [33mHealthTasksService[39m } [36mfrom[39m [32m'./health-tasks.service'[39m[33m;[39m[0m

[1m[31mERROR[39m[22m in [1m./src/modules/health-tasks/health-tasks.controller.ts:34:3[39m[22m
TS2459: Module '"../../shared/analytics/task-analytics.service"' declares 'TaskAnalyticsService' locally, but it is not exported.
  [0m [90m 32 |[39m [36mimport[39m { [33mObservable[39m } [36mfrom[39m [32m'rxjs'[39m[33m;[39m
   [90m 33 |[39m [36mimport[39m {
  [31m[1m>[22m[39m[90m 34 |[39m   [33mTaskAnalyticsService[39m[33m,[39m
   [90m    |[39m   [31m[1m^[22m[39m[31m[1m^[22m[39m[31m[1m^[22m[39m[31m[1m^[22m[39m[31m[1m^[22m[39m[31m[1m^[22m[39m[31m[1m^[22m[39m[31m[1m^[22m[39m[31m[1m^[22m[39m[31m[1m^[22m[39m[31m[1m^[22m[39m[31m[1m^[22m[39m[31m[1m^[22m[39m[31m[1m^[22m[39m[31m[1m^[22m[39m[31m[1m^[22m[39m[31m[1m^[22m[39m[31m[1m^[22m[39m[31m[1m^[22m[39m[31m[1m^[22m[39m
   [90m 35 |[39m   [33mAnalyticsPeriod[39m[33m,[39m
   [90m 36 |[39m } [36mfrom[39m [32m'../../shared/analytics/task-analytics.service'[39m[33m;[39m
   [90m 37 |[39m[0m

[1m[31mERROR[39m[22m in [1m./src/modules/health-tasks/health-tasks.controller.ts:35:3[39m[22m
TS2305: Module '"../../shared/analytics/task-analytics.service"' has no exported member 'AnalyticsPeriod'.
  [0m [90m 33 |[39m [36mimport[39m {
   [90m 34 |[39m   [33mTaskAnalyticsService[39m[33m,[39m
  [31m[1m>[22m[39m[90m 35 |[39m   [33mAnalyticsPeriod[39m[33m,[39m
   [90m    |[39m   [31m[1m^[22m[39m[31m[1m^[22m[39m[31m[1m^[22m[39m[31m[1m^[22m[39m[31m[1m^[22m[39m[31m[1m^[22m[39m[31m[1m^[22m[39m[31m[1m^[22m[39m[31m[1m^[22m[39m[31m[1m^[22m[39m[31m[1m^[22m[39m[31m[1m^[22m[39m[31m[1m^[22m[39m[31m[1m^[22m[39m[31m[1m^[22m[39m
   [90m 36 |[39m } [36mfrom[39m [32m'../../shared/analytics/task-analytics.service'[39m[33m;[39m
   [90m 37 |[39m
   [90m 38 |[39m [90m// Interface to ensure type safety for the request user[39m[0m

[1m[31mERROR[39m[22m in [1m./src/modules/health-tasks/health-tasks.controller.ts:84:36[39m[22m
TS2339: Property 'getUserTasks' does not exist on type 'HealthTasksService'.
  [0m [90m 82 |[39m     [33m@[39m[33mQuery[39m([32m'sortOrder'[39m) sortOrder[33m?[39m[33m:[39m [32m'asc'[39m [33m|[39m [32m'desc'[39m[33m,[39m
   [90m 83 |[39m   ) {
  [31m[1m>[22m[39m[90m 84 |[39m     [36mreturn[39m [36mthis[39m[33m.[39mhealthTasksService[33m.[39mgetUserTasks(req[33m.[39muser[33m.[39muserId[33m,[39m {
   [90m    |[39m                                    [31m[1m^[22m[39m[31m[1m^[22m[39m[31m[1m^[22m[39m[31m[1m^[22m[39m[31m[1m^[22m[39m[31m[1m^[22m[39m[31m[1m^[22m[39m[31m[1m^[22m[39m[31m[1m^[22m[39m[31m[1m^[22m[39m[31m[1m^[22m[39m[31m[1m^[22m[39m
   [90m 85 |[39m       status[33m,[39m
   [90m 86 |[39m       category[33m,[39m
   [90m 87 |[39m       priority[33m,[39m[0m

[1m[31mERROR[39m[22m in [1m./src/modules/health-tasks/health-tasks.controller.ts:183:17[39m[22m
TS2339: Property 'activityLogService' does not exist on type 'HealthTasksController'.
  [0m [90m 181 |[39m   [33m@[39m[33mApiResponse[39m({ status[33m:[39m [35m404[39m[33m,[39m description[33m:[39m [32m'Task not found'[39m })
   [90m 182 |[39m   [36masync[39m getActivityHistory([33m@[39m[33mParam[39m([32m'id'[39m) id[33m:[39m string) {
  [31m[1m>[22m[39m[90m 183 |[39m     [36mreturn[39m [36mthis[39m[33m.[39mactivityLogService[33m.[39mgetActivityHistory(id)[33m;[39m
   [90m     |[39m                 [31m[1m^[22m[39m[31m[1m^[22m[39m[31m[1m^[22m[39m[31m[1m^[22m[39m[31m[1m^[22m[39m[31m[1m^[22m[39m[31m[1m^[22m[39m[31m[1m^[22m[39m[31m[1m^[22m[39m[31m[1m^[22m[39m[31m[1m^[22m[39m[31m[1m^[22m[39m[31m[1m^[22m[39m[31m[1m^[22m[39m[31m[1m^[22m[39m[31m[1m^[22m[39m[31m[1m^[22m[39m[31m[1m^[22m[39m
   [90m 184 |[39m   }
   [90m 185 |[39m
   [90m 186 |[39m   [33m@[39m[33mGet[39m([32m':id'[39m)[0m

[1m[31mERROR[39m[22m in [1m./src/modules/health-tasks/health-tasks.service.ts:54:9[39m[22m
TS2322: Type 'import("C:/Users/DELL/Desktop/Uzima-Backend/src/database/entities/task-category.entity").TaskCategory' is not assignable to type 'import("C:/Users/DELL/Desktop/Uzima-Backend/src/tasks/entities/health-task.entity").TaskCategory'.
  [0m [90m 52 |[39m       [36mif[39m (category) {
   [90m 53 |[39m         task[33m.[39mcategoryId [33m=[39m dto[33m.[39mcategoryId[33m;[39m
  [31m[1m>[22m[39m[90m 54 |[39m         task[33m.[39mcategory [33m=[39m category[33m;[39m
   [90m    |[39m         [31m[1m^[22m[39m[31m[1m^[22m[39m[31m[1m^[22m[39m[31m[1m^[22m[39m[31m[1m^[22m[39m[31m[1m^[22m[39m[31m[1m^[22m[39m[31m[1m^[22m[39m[31m[1m^[22m[39m[31m[1m^[22m[39m[31m[1m^[22m[39m[31m[1m^[22m[39m[31m[1m^[22m[39m
   [90m 55 |[39m       }
   [90m 56 |[39m     }
   [90m 57 |[39m[0m

[1m[31mERROR[39m[22m in [1m./src/modules/health-tasks/health-tasks.service.ts:99:11[39m[22m
TS2322: Type 'import("C:/Users/DELL/Desktop/Uzima-Backend/src/database/entities/task-category.entity").TaskCategory' is not assignable to type 'import("C:/Users/DELL/Desktop/Uzima-Backend/src/tasks/entities/health-task.entity").TaskCategory'.
  [0m [90m  97 |[39m         [36mif[39m (category) {
   [90m  98 |[39m           task[33m.[39mcategoryId [33m=[39m dto[33m.[39mcategoryId[33m;[39m
  [31m[1m>[22m[39m[90m  99 |[39m           task[33m.[39mcategory [33m=[39m category[33m;[39m
   [90m     |[39m           [31m[1m^[22m[39m[31m[1m^[22m[39m[31m[1m^[22m[39m[31m[1m^[22m[39m[31m[1m^[22m[39m[31m[1m^[22m[39m[31m[1m^[22m[39m[31m[1m^[22m[39m[31m[1m^[22m[39m[31m[1m^[22m[39m[31m[1m^[22m[39m[31m[1m^[22m[39m[31m[1m^[22m[39m
   [90m 100 |[39m         } [36melse[39m {
   [90m 101 |[39m           task[33m.[39mcategoryId [33m=[39m [36mnull[39m[33m;[39m
   [90m 102 |[39m           task[33m.[39mcategory [33m=[39m [36mnull[39m[33m;[39m[0m

[1m[31mERROR[39m[22m in [1m./src/modules/health-tasks/health-tasks.service.ts:101:11[39m[22m
TS2322: Type 'null' is not assignable to type 'string | undefined'.
  [0m [90m  99 |[39m           task[33m.[39mcategory [33m=[39m category[33m;[39m
   [90m 100 |[39m         } [36melse[39m {
  [31m[1m>[22m[39m[90m 101 |[39m           task[33m.[39mcategoryId [33m=[39m [36mnull[39m[33m;[39m
   [90m     |[39m           [31m[1m^[22m[39m[31m[1m^[22m[39m[31m[1m^[22m[39m[31m[1m^[22m[39m[31m[1m^[22m[39m[31m[1m^[22m[39m[31m[1m^[22m[39m[31m[1m^[22m[39m[31m[1m^[22m[39m[31m[1m^[22m[39m[31m[1m^[22m[39m[31m[1m^[22m[39m[31m[1m^[22m[39m[31m[1m^[22m[39m[31m[1m^[22m[39m
   [90m 102 |[39m           task[33m.[39mcategory [33m=[39m [36mnull[39m[33m;[39m
   [90m 103 |[39m         }
   [90m 104 |[39m       } [36melse[39m {[0m

[1m[31mERROR[39m[22m in [1m./src/modules/health-tasks/health-tasks.service.ts:102:11[39m[22m
TS2322: Type 'null' is not assignable to type 'TaskCategory'.
  [0m [90m 100 |[39m         } [36melse[39m {
   [90m 101 |[39m           task[33m.[39mcategoryId [33m=[39m [36mnull[39m[33m;[39m
  [31m[1m>[22m[39m[90m 102 |[39m           task[33m.[39mcategory [33m=[39m [36mnull[39m[33m;[39m
   [90m     |[39m           [31m[1m^[22m[39m[31m[1m^[22m[39m[31m[1m^[22m[39m[31m[1m^[22m[39m[31m[1m^[22m[39m[31m[1m^[22m[39m[31m[1m^[22m[39m[31m[1m^[22m[39m[31m[1m^[22m[39m[31m[1m^[22m[39m[31m[1m^[22m[39m[31m[1m^[22m[39m[31m[1m^[22m[39m
   [90m 103 |[39m         }
   [90m 104 |[39m       } [36melse[39m {
   [90m 105 |[39m         task[33m.[39mcategoryId [33m=[39m [36mnull[39m[33m;[39m[0m

[1m[31mERROR[39m[22m in [1m./src/modules/health-tasks/health-tasks.service.ts:105:9[39m[22m
TS2322: Type 'null' is not assignable to type 'string | undefined'.
  [0m [90m 103 |[39m         }
   [90m 104 |[39m       } [36melse[39m {
  [31m[1m>[22m[39m[90m 105 |[39m         task[33m.[39mcategoryId [33m=[39m [36mnull[39m[33m;[39m
   [90m     |[39m         [31m[1m^[22m[39m[31m[1m^[22m[39m[31m[1m^[22m[39m[31m[1m^[22m[39m[31m[1m^[22m[39m[31m[1m^[22m[39m[31m[1m^[22m[39m[31m[1m^[22m[39m[31m[1m^[22m[39m[31m[1m^[22m[39m[31m[1m^[22m[39m[31m[1m^[22m[39m[31m[1m^[22m[39m[31m[1m^[22m[39m[31m[1m^[22m[39m
   [90m 106 |[39m         task[33m.[39mcategory [33m=[39m [36mnull[39m[33m;[39m
   [90m 107 |[39m       }
   [90m 108 |[39m     }[0m

[1m[31mERROR[39m[22m in [1m./src/modules/health-tasks/health-tasks.service.ts:106:9[39m[22m
TS2322: Type 'null' is not assignable to type 'TaskCategory'.
  [0m [90m 104 |[39m       } [36melse[39m {
   [90m 105 |[39m         task[33m.[39mcategoryId [33m=[39m [36mnull[39m[33m;[39m
  [31m[1m>[22m[39m[90m 106 |[39m         task[33m.[39mcategory [33m=[39m [36mnull[39m[33m;[39m
   [90m     |[39m         [31m[1m^[22m[39m[31m[1m^[22m[39m[31m[1m^[22m[39m[31m[1m^[22m[39m[31m[1m^[22m[39m[31m[1m^[22m[39m[31m[1m^[22m[39m[31m[1m^[22m[39m[31m[1m^[22m[39m[31m[1m^[22m[39m[31m[1m^[22m[39m[31m[1m^[22m[39m[31m[1m^[22m[39m
   [90m 107 |[39m       }
   [90m 108 |[39m     }
   [90m 109 |[39m[0m

[1m[31mERROR[39m[22m in [1m./src/modules/health-tasks/health-tasks.service.ts:186:57[39m[22m
TS2307: Cannot find module '../../../database/entities/task-activity.entity' or its corresponding type declarations.
  [0m [90m 184 |[39m   }
   [90m 185 |[39m
  [31m[1m>[22m[39m[90m 186 |[39m   [36masync[39m getTaskActivity(taskId[33m:[39m string)[33m:[39m [33mPromise[39m[33m<[39m[36mimport[39m([32m'../../../database/entities/task-activity.entity'[39m)[33m.[39m[33mTaskActivity[39m[][33m>[39m {
   [90m     |[39m                                                         [31m[1m^[22m[39m[31m[1m^[22m[39m[31m[1m^[22m[39m[31m[1m^[22m[39m[31m[1m^[22m[39m[31m[1m^[22m[39m[31m[1m^[22m[39m[31m[1m^[22m[39m[31m[1m^[22m[39m[31m[1m^[22m[39m[31m[1m^[22m[39m[31m[1m^[22m[39m[31m[1m^[22m[39m[31m[1m^[22m[39m[31m[1m^[22m[39m[31m[1m^[22m[39m[31m[1m^[22m[39m[31m[1m^[22m[39m[31m[1m^[22m[39m[31m[1m^[22m[39m[31m[1m^[22m[39m[31m[1m^[22m[39m[31m[1m^[22m[39m[31m[1m^[22m[39m[31m[1m^[22m[39m[31m[1m^[22m[39m[31m[1m^[22m[39m[31m[1m^[22m[39m[31m[1m^[22m[39m[31m[1m^[22m[39m[31m[1m^[22m[39m[31m[1m^[22m[39m[31m[1m^[22m[39m[31m[1m^[22m[39m[31m[1m^[22m[39m[31m[1m^[22m[39m[31m[1m^[22m[39m[31m[1m^[22m[39m[31m[1m^[22m[39m[31m[1m^[22m[39m[31m[1m^[22m[39m[31m[1m^[22m[39m[31m[1m^[22m[39m[31m[1m^[22m[39m[31m[1m^[22m[39m[31m[1m^[22m[39m[31m[1m^[22m[39m[31m[1m^[22m[39m[31m[1m^[22m[39m
   [90m 187 |[39m     [36mreturn[39m [36mthis[39m[33m.[39mactivityLogService[33m.[39mgetActivityHistory(taskId)[33m;[39m
   [90m 188 |[39m   }
   [90m 189 |[39m[0m

[1m[31mERROR[39m[22m in [1m./src/modules/health-tasks/services/duplication.service.ts:64:37[39m[22m
TS2769: No overload matches this call.
  Overload 1 of 4, '(entities: DeepPartial<HealthTask>[], options?: SaveOptions | undefined): Promise<(DeepPartial<HealthTask> & HealthTask)[]>', gave the following error.
    Argument of type 'HealthTask[][]' is not assignable to parameter of type 'DeepPartial<HealthTask>[]'.
      Type 'HealthTask[]' is not assignable to type 'DeepPartial<HealthTask>'.
  Overload 2 of 4, '(entity: DeepPartial<HealthTask>, options?: SaveOptions | undefined): Promise<DeepPartial<HealthTask> & HealthTask>', gave the following error.
    Argument of type 'HealthTask[][]' is not assignable to parameter of type 'DeepPartial<HealthTask>'.
  [0m [90m 62 |[39m     })[33m;[39m
   [90m 63 |[39m
  [31m[1m>[22m[39m[90m 64 |[39m     [36mreturn[39m [36mthis[39m[33m.[39mtaskRepository[33m.[39msave(duplicates)[33m;[39m
   [90m    |[39m                                     [31m[1m^[22m[39m[31m[1m^[22m[39m[31m[1m^[22m[39m[31m[1m^[22m[39m[31m[1m^[22m[39m[31m[1m^[22m[39m[31m[1m^[22m[39m[31m[1m^[22m[39m[31m[1m^[22m[39m[31m[1m^[22m[39m
   [90m 65 |[39m   }
   [90m 66 |[39m }
   [90m 67 |[39m[0m

[1m[31mERROR[39m[22m in [1m./src/modules/health-tasks/services/reminder.service.ts:70:70[39m[22m
TS18046: 'error' is of type 'unknown'.
  [0m [90m 68 |[39m         processedCount[33m++[39m[33m;[39m
   [90m 69 |[39m       } [36mcatch[39m (error) {
  [31m[1m>[22m[39m[90m 70 |[39m         [36mthis[39m[33m.[39mlogger[33m.[39merror([32m`Failed to send reminder ${reminder.id}: ${error.message}`[39m)[33m;[39m
   [90m    |[39m                                                                      [31m[1m^[22m[39m[31m[1m^[22m[39m[31m[1m^[22m[39m[31m[1m^[22m[39m[31m[1m^[22m[39m
   [90m 71 |[39m         reminder[33m.[39mstatus [33m=[39m [33mReminderStatus[39m[33m.[39m[33mFAILED[39m[33m;[39m
   [90m 72 |[39m         reminder[33m.[39mdeliveryTracking [33m=[39m { error[33m:[39m error[33m.[39mmessage[33m,[39m timestamp[33m:[39m [36mnew[39m [33mDate[39m() }[33m;[39m
   [90m 73 |[39m         [36mawait[39m [36mthis[39m[33m.[39mreminderRepository[33m.[39msave(reminder)[33m;[39m[0m

[1m[31mERROR[39m[22m in [1m./src/modules/health-tasks/services/reminder.service.ts:72:46[39m[22m
TS18046: 'error' is of type 'unknown'.
  [0m [90m 70 |[39m         [36mthis[39m[33m.[39mlogger[33m.[39merror([32m`Failed to send reminder ${reminder.id}: ${error.message}`[39m)[33m;[39m
   [90m 71 |[39m         reminder[33m.[39mstatus [33m=[39m [33mReminderStatus[39m[33m.[39m[33mFAILED[39m[33m;[39m
  [31m[1m>[22m[39m[90m 72 |[39m         reminder[33m.[39mdeliveryTracking [33m=[39m { error[33m:[39m error[33m.[39mmessage[33m,[39m timestamp[33m:[39m [36mnew[39m [33mDate[39m() }[33m;[39m
   [90m    |[39m                                              [31m[1m^[22m[39m[31m[1m^[22m[39m[31m[1m^[22m[39m[31m[1m^[22m[39m[31m[1m^[22m[39m
   [90m 73 |[39m         [36mawait[39m [36mthis[39m[33m.[39mreminderRepository[33m.[39msave(reminder)[33m;[39m
   [90m 74 |[39m       }
   [90m 75 |[39m     }[0m

[1m[31mERROR[39m[22m in [1m./src/modules/health-tasks/services/task-notifications.service.ts:53:21[39m[22m
TS2339: Property 'isEnabled' does not exist on type 'TaskNotificationsService'.
  [0m [90m 51 |[39m
   [90m 52 |[39m   [36masync[39m notifyShared(task[33m:[39m [33mHealthTask[39m[33m,[39m recipientId[33m:[39m string[33m,[39m sharedByName[33m:[39m string)[33m:[39m [33mPromise[39m[33m<[39m[36mvoid[39m[33m>[39m {
  [31m[1m>[22m[39m[90m 53 |[39m     [36mif[39m ([33m![39m[36mawait[39m [36mthis[39m[33m.[39misEnabled(recipientId[33m,[39m [32m'shared'[39m)) [36mreturn[39m[33m;[39m
   [90m    |[39m                     [31m[1m^[22m[39m[31m[1m^[22m[39m[31m[1m^[22m[39m[31m[1m^[22m[39m[31m[1m^[22m[39m[31m[1m^[22m[39m[31m[1m^[22m[39m[31m[1m^[22m[39m[31m[1m^[22m[39m
   [90m 54 |[39m
   [90m 55 |[39m     [36mawait[39m [36mthis[39m[33m.[39msend(recipientId[33m,[39m task[33m.[39mid[33m,[39m [32m'shared'[39m[33m,[39m {
   [90m 56 |[39m       title[33m:[39m [32m`Task shared with you`[39m[33m,[39m[0m

[1m[31mERROR[39m[22m in [1m./src/modules/health-tasks/services/task-notifications.service.ts:82:48[39m[22m
TS2345: Argument of type 'NotificationPreference | null' is not assignable to parameter of type 'NotificationPreference | undefined'.
  Type 'null' is not assignable to type 'NotificationPreference | undefined'.
  [0m [90m 80 |[39m
   [90m 81 |[39m       [36mif[39m (diff [33m>[39m [35m0[39m [33m&&[39m diff [33m<=[39m [33mDUE_SOON_THRESHOLD_MS[39m) {
  [31m[1m>[22m[39m[90m 82 |[39m         [36mawait[39m [36mthis[39m[33m.[39mnotifyDueSoon(task[33m,[39m userId[33m,[39m pref)[33m;[39m
   [90m    |[39m                                                [31m[1m^[22m[39m[31m[1m^[22m[39m[31m[1m^[22m[39m[31m[1m^[22m[39m
   [90m 83 |[39m       } [36melse[39m [36mif[39m (diff [33m<[39m [35m0[39m) {
   [90m 84 |[39m         [36mawait[39m [36mthis[39m[33m.[39mnotifyOverdue(task[33m,[39m userId[33m,[39m pref)[33m;[39m
   [90m 85 |[39m       }[0m

[1m[31mERROR[39m[22m in [1m./src/modules/health-tasks/services/task-notifications.service.ts:84:48[39m[22m
TS2345: Argument of type 'NotificationPreference | null' is not assignable to parameter of type 'NotificationPreference | undefined'.
  Type 'null' is not assignable to type 'NotificationPreference | undefined'.
  [0m [90m 82 |[39m         [36mawait[39m [36mthis[39m[33m.[39mnotifyDueSoon(task[33m,[39m userId[33m,[39m pref)[33m;[39m
   [90m 83 |[39m       } [36melse[39m [36mif[39m (diff [33m<[39m [35m0[39m) {
  [31m[1m>[22m[39m[90m 84 |[39m         [36mawait[39m [36mthis[39m[33m.[39mnotifyOverdue(task[33m,[39m userId[33m,[39m pref)[33m;[39m
   [90m    |[39m                                                [31m[1m^[22m[39m[31m[1m^[22m[39m[31m[1m^[22m[39m[31m[1m^[22m[39m
   [90m 85 |[39m       }
   [90m 86 |[39m     }
   [90m 87 |[39m   }[0m

[1m[31mERROR[39m[22m in [1m./src/modules/health-tasks/services/task-recommendation.service.ts:27:54[39m[22m
TS2339: Property 'getAllTemplates' does not exist on type 'TaskTemplatesService'.
  [0m [90m 25 |[39m     [36mconst[39m categoryEngagement [33m=[39m [36mawait[39m [36mthis[39m[33m.[39mgetCategoryEngagement(userId)[33m;[39m
   [90m 26 |[39m
  [31m[1m>[22m[39m[90m 27 |[39m     [36mconst[39m availableTemplates [33m=[39m [36mthis[39m[33m.[39mtemplatesService[33m.[39mgetAllTemplates[33m?[39m[33m.[39m() [33m||[39m [][33m;[39m
   [90m    |[39m                                                      [31m[1m^[22m[39m[31m[1m^[22m[39m[31m[1m^[22m[39m[31m[1m^[22m[39m[31m[1m^[22m[39m[31m[1m^[22m[39m[31m[1m^[22m[39m[31m[1m^[22m[39m[31m[1m^[22m[39m[31m[1m^[22m[39m[31m[1m^[22m[39m[31m[1m^[22m[39m[31m[1m^[22m[39m[31m[1m^[22m[39m[31m[1m^[22m[39m
   [90m 28 |[39m
   [90m 29 |[39m     [36mif[39m ([33mObject[39m[33m.[39mkeys(categoryEngagement)[33m.[39mlength [33m===[39m [35m0[39m [33m||[39m userStats[33m.[39mtotalCompletions [33m===[39m [35m0[39m) {
   [90m 30 |[39m       [36mreturn[39m [36mthis[39m[33m.[39mgetDefaultRecommendations(limit)[33m;[39m[0m

[1m[31mERROR[39m[22m in [1m./src/modules/health-tasks/services/task-recommendation.service.ts:29:67[39m[22m
TS2339: Property 'totalCompletions' does not exist on type '{}'.
  [0m [90m 27 |[39m     [36mconst[39m availableTemplates [33m=[39m [36mthis[39m[33m.[39mtemplatesService[33m.[39mgetAllTemplates[33m?[39m[33m.[39m() [33m||[39m [][33m;[39m
   [90m 28 |[39m
  [31m[1m>[22m[39m[90m 29 |[39m     [36mif[39m ([33mObject[39m[33m.[39mkeys(categoryEngagement)[33m.[39mlength [33m===[39m [35m0[39m [33m||[39m userStats[33m.[39mtotalCompletions [33m===[39m [35m0[39m) {
   [90m    |[39m                                                                   [31m[1m^[22m[39m[31m[1m^[22m[39m[31m[1m^[22m[39m[31m[1m^[22m[39m[31m[1m^[22m[39m[31m[1m^[22m[39m[31m[1m^[22m[39m[31m[1m^[22m[39m[31m[1m^[22m[39m[31m[1m^[22m[39m[31m[1m^[22m[39m[31m[1m^[22m[39m[31m[1m^[22m[39m[31m[1m^[22m[39m[31m[1m^[22m[39m[31m[1m^[22m[39m
   [90m 30 |[39m       [36mreturn[39m [36mthis[39m[33m.[39mgetDefaultRecommendations(limit)[33m;[39m
   [90m 31 |[39m     }
   [90m 32 |[39m[0m

[1m[31mERROR[39m[22m in [1m./src/modules/health-tasks/services/task-recommendation.service.ts:53:5[39m[22m
TS2739: Type '{}' is missing the following properties from type 'Record<TaskCategory, number>': nutrition, fitness, mental, sleep, hydration
  [0m [90m 51 |[39m   [36mprivate[39m [36masync[39m getCategoryEngagement(userId[33m:[39m string)[33m:[39m [33mPromise[39m[33m<[39m[33mRecord[39m[33m<[39m[33mTaskCategory[39m[33m,[39m number[33m>>[39m {
   [90m 52 |[39m     [90m// Extend analytics in future for real data[39m
  [31m[1m>[22m[39m[90m 53 |[39m     [36mreturn[39m {}[33m;[39m
   [90m    |[39m     [31m[1m^[22m[39m[31m[1m^[22m[39m[31m[1m^[22m[39m[31m[1m^[22m[39m[31m[1m^[22m[39m[31m[1m^[22m[39m
   [90m 54 |[39m   }
   [90m 55 |[39m
   [90m 56 |[39m   [36mprivate[39m calculateMatchScore(template[33m:[39m any[33m,[39m engagement[33m:[39m [33mRecord[39m[33m<[39m[33mTaskCategory[39m[33m,[39m number[33m>[39m)[33m:[39m number {[0m

[1m[31mERROR[39m[22m in [1m./src/modules/health-tasks/services/task-recommendation.service.ts:68:104[39m[22m
TS2339: Property 'WELLNESS' does not exist on type 'typeof TaskCategory'.
  [0m [90m 66 |[39m   [36mprivate[39m getDefaultRecommendations(limit[33m:[39m number)[33m:[39m [33mRecommendedTask[39m[] {
   [90m 67 |[39m     [36mconst[39m defaults[33m:[39m [33mRecommendedTask[39m[] [33m=[39m [
  [31m[1m>[22m[39m[90m 68 |[39m       { id[33m:[39m [32m'def-1'[39m[33m,[39m title[33m:[39m [32m'Daily Hydration'[39m[33m,[39m description[33m:[39m [32m'Log water intake'[39m[33m,[39m category[33m:[39m [33mTaskCategory[39m[33m.[39m[33mWELLNESS[39m[33m,[39m xlmReward[33m:[39m [35m5[39m[33m,[39m matchScore[33m:[39m [35m0.9[39m[33m,[39m reason[33m:[39m [32m'Core wellness habit'[39m }[33m,[39m
   [90m    |[39m                                                                                                        [31m[1m^[22m[39m[31m[1m^[22m[39m[31m[1m^[22m[39m[31m[1m^[22m[39m[31m[1m^[22m[39m[31m[1m^[22m[39m[31m[1m^[22m[39m[31m[1m^[22m[39m
   [90m 69 |[39m       { id[33m:[39m [32m'def-2'[39m[33m,[39m title[33m:[39m [32m'Morning Movement'[39m[33m,[39m description[33m:[39m [32m'Light stretch or walk'[39m[33m,[39m category[33m:[39m [33mTaskCategory[39m[33m.[39m[33mPHYSICAL[39m[33m,[39m xlmReward[33m:[39m [35m7[39m[33m,[39m matchScore[33m:[39m [35m0.85[39m[33m,[39m reason[33m:[39m [32m'Build healthy routine'[39m }[33m,[39m
   [90m 70 |[39m       { id[33m:[39m [32m'def-3'[39m[33m,[39m title[33m:[39m [32m'Mindful Moment'[39m[33m,[39m description[33m:[39m [32m'5 min breathing'[39m[33m,[39m category[33m:[39m [33mTaskCategory[39m[33m.[39m[33mMINDFULNESS[39m[33m,[39m xlmReward[33m:[39m [35m6[39m[33m,[39m matchScore[33m:[39m [35m0.8[39m[33m,[39m reason[33m:[39m [32m'Mental health foundation'[39m }[33m,[39m
   [90m 71 |[39m     ][33m;[39m[0m

[1m[31mERROR[39m[22m in [1m./src/modules/health-tasks/services/task-recommendation.service.ts:69:110[39m[22m
TS2339: Property 'PHYSICAL' does not exist on type 'typeof TaskCategory'.
  [0m [90m 67 |[39m     [36mconst[39m defaults[33m:[39m [33mRecommendedTask[39m[] [33m=[39m [
   [90m 68 |[39m       { id[33m:[39m [32m'def-1'[39m[33m,[39m title[33m:[39m [32m'Daily Hydration'[39m[33m,[39m description[33m:[39m [32m'Log water intake'[39m[33m,[39m category[33m:[39m [33mTaskCategory[39m[33m.[39m[33mWELLNESS[39m[33m,[39m xlmReward[33m:[39m [35m5[39m[33m,[39m matchScore[33m:[39m [35m0.9[39m[33m,[39m reason[33m:[39m [32m'Core wellness habit'[39m }[33m,[39m
  [31m[1m>[22m[39m[90m 69 |[39m       { id[33m:[39m [32m'def-2'[39m[33m,[39m title[33m:[39m [32m'Morning Movement'[39m[33m,[39m description[33m:[39m [32m'Light stretch or walk'[39m[33m,[39m category[33m:[39m [33mTaskCategory[39m[33m.[39m[33mPHYSICAL[39m[33m,[39m xlmReward[33m:[39m [35m7[39m[33m,[39m matchScore[33m:[39m [35m0.85[39m[33m,[39m reason[33m:[39m [32m'Build healthy routine'[39m }[33m,[39m
   [90m    |[39m                                                                                                              [31m[1m^[22m[39m[31m[1m^[22m[39m[31m[1m^[22m[39m[31m[1m^[22m[39m[31m[1m^[22m[39m[31m[1m^[22m[39m[31m[1m^[22m[39m[31m[1m^[22m[39m
   [90m 70 |[39m       { id[33m:[39m [32m'def-3'[39m[33m,[39m title[33m:[39m [32m'Mindful Moment'[39m[33m,[39m description[33m:[39m [32m'5 min breathing'[39m[33m,[39m category[33m:[39m [33mTaskCategory[39m[33m.[39m[33mMINDFULNESS[39m[33m,[39m xlmReward[33m:[39m [35m6[39m[33m,[39m matchScore[33m:[39m [35m0.8[39m[33m,[39m reason[33m:[39m [32m'Mental health foundation'[39m }[33m,[39m
   [90m 71 |[39m     ][33m;[39m
   [90m 72 |[39m     [36mreturn[39m defaults[33m.[39mslice([35m0[39m[33m,[39m limit)[33m;[39m[0m

[1m[31mERROR[39m[22m in [1m./src/modules/health-tasks/services/task-recommendation.service.ts:70:102[39m[22m
TS2339: Property 'MINDFULNESS' does not exist on type 'typeof TaskCategory'.
  [0m [90m 68 |[39m       { id[33m:[39m [32m'def-1'[39m[33m,[39m title[33m:[39m [32m'Daily Hydration'[39m[33m,[39m description[33m:[39m [32m'Log water intake'[39m[33m,[39m category[33m:[39m [33mTaskCategory[39m[33m.[39m[33mWELLNESS[39m[33m,[39m xlmReward[33m:[39m [35m5[39m[33m,[39m matchScore[33m:[39m [35m0.9[39m[33m,[39m reason[33m:[39m [32m'Core wellness habit'[39m }[33m,[39m
   [90m 69 |[39m       { id[33m:[39m [32m'def-2'[39m[33m,[39m title[33m:[39m [32m'Morning Movement'[39m[33m,[39m description[33m:[39m [32m'Light stretch or walk'[39m[33m,[39m category[33m:[39m [33mTaskCategory[39m[33m.[39m[33mPHYSICAL[39m[33m,[39m xlmReward[33m:[39m [35m7[39m[33m,[39m matchScore[33m:[39m [35m0.85[39m[33m,[39m reason[33m:[39m [32m'Build healthy routine'[39m }[33m,[39m
  [31m[1m>[22m[39m[90m 70 |[39m       { id[33m:[39m [32m'def-3'[39m[33m,[39m title[33m:[39m [32m'Mindful Moment'[39m[33m,[39m description[33m:[39m [32m'5 min breathing'[39m[33m,[39m category[33m:[39m [33mTaskCategory[39m[33m.[39m[33mMINDFULNESS[39m[33m,[39m xlmReward[33m:[39m [35m6[39m[33m,[39m matchScore[33m:[39m [35m0.8[39m[33m,[39m reason[33m:[39m [32m'Mental health foundation'[39m }[33m,[39m
   [90m    |[39m                                                                                                      [31m[1m^[22m[39m[31m[1m^[22m[39m[31m[1m^[22m[39m[31m[1m^[22m[39m[31m[1m^[22m[39m[31m[1m^[22m[39m[31m[1m^[22m[39m[31m[1m^[22m[39m[31m[1m^[22m[39m[31m[1m^[22m[39m[31m[1m^[22m[39m
   [90m 71 |[39m     ][33m;[39m
   [90m 72 |[39m     [36mreturn[39m defaults[33m.[39mslice([35m0[39m[33m,[39m limit)[33m;[39m
   [90m 73 |[39m   }[0m

[1m[31mERROR[39m[22m in [1m./src/modules/reports/report-export.service.ts:37:27[39m[22m
TS2345: Argument of type '(row: Record<string, unknown>) => void' is not assignable to parameter of type '(chunk: string | Buffer<ArrayBufferLike>) => void'.
  Types of parameters 'row' and 'chunk' are incompatible.
    Type 'string | Buffer<ArrayBufferLike>' is not assignable to type 'Record<string, unknown>'.
      Type 'string' is not assignable to type 'Record<string, unknown>'.
  [0m [90m 35 |[39m       [33m.[39mstream()
   [90m 36 |[39m       [33m.[39mthen((cursor) [33m=>[39m {
  [31m[1m>[22m[39m[90m 37 |[39m         cursor[33m.[39mon([32m'data'[39m[33m,[39m (row[33m:[39m [33mRecord[39m[33m<[39m[33mstring[39m[33m,[39m unknown[33m>[39m) [33m=>[39m {
   [90m    |[39m                           [31m[1m^[22m[39m[31m[1m^[22m[39m[31m[1m^[22m[39m[31m[1m^[22m[39m[31m[1m^[22m[39m[31m[1m^[22m[39m[31m[1m^[22m[39m[31m[1m^[22m[39m[31m[1m^[22m[39m[31m[1m^[22m[39m[31m[1m^[22m[39m[31m[1m^[22m[39m[31m[1m^[22m[39m[31m[1m^[22m[39m[31m[1m^[22m[39m[31m[1m^[22m[39m[31m[1m^[22m[39m[31m[1m^[22m[39m[31m[1m^[22m[39m[31m[1m^[22m[39m[31m[1m^[22m[39m[31m[1m^[22m[39m[31m[1m^[22m[39m[31m[1m^[22m[39m[31m[1m^[22m[39m[31m[1m^[22m[39m[31m[1m^[22m[39m[31m[1m^[22m[39m[31m[1m^[22m[39m[31m[1m^[22m[39m[31m[1m^[22m[39m[31m[1m^[22m[39m[31m[1m^[22m[39m[31m[1m^[22m[39m[31m[1m^[22m[39m
   [90m 38 |[39m           [36mconst[39m line [33m=[39m [
   [90m 39 |[39m             row[[32m'rt_id'[39m] [33m?[39m[33m?[39m [32m''[39m[33m,[39m
   [90m 40 |[39m             row[[32m'rt_userId'[39m] [33m?[39m[33m?[39m [32m''[39m[33m,[39m[0m

[1m[31mERROR[39m[22m in [1m./src/modules/reports/reports.controller.ts:142:16[39m[22m
TS18046: 'error' is of type 'unknown'.
  [0m [90m 140 |[39m         statusCode[33m:[39m [35m400[39m[33m,[39m
   [90m 141 |[39m         message[33m:[39m [32m'Failed to generate CSV report'[39m[33m,[39m
  [31m[1m>[22m[39m[90m 142 |[39m         error[33m:[39m error[33m.[39mmessage[33m,[39m
   [90m     |[39m                [31m[1m^[22m[39m[31m[1m^[22m[39m[31m[1m^[22m[39m[31m[1m^[22m[39m[31m[1m^[22m[39m
   [90m 143 |[39m       })[33m;[39m
   [90m 144 |[39m     }
   [90m 145 |[39m   }[0m

[1m[31mERROR[39m[22m in [1m./src/modules/usage/usage.service.ts:5:38[39m[22m
TS2307: Cannot find module '../../notifications/notifications.service' or its corresponding type declarations.
  [0m [90m 3 |[39m [36mimport[39m { [33mRepository[39m[33m,[39m [33mBetween[39m } [36mfrom[39m [32m'typeorm'[39m[33m;[39m
   [90m 4 |[39m [36mimport[39m { [33mUsage[39m } [36mfrom[39m [32m'./entities/usage.entity'[39m[33m;[39m
  [31m[1m>[22m[39m[90m 5 |[39m [36mimport[39m { [33mNotificationsService[39m } [36mfrom[39m [32m'../../notifications/notifications.service'[39m[33m;[39m [90m// Assuming exists[39m
   [90m   |[39m                                      [31m[1m^[22m[39m[31m[1m^[22m[39m[31m[1m^[22m[39m[31m[1m^[22m[39m[31m[1m^[22m[39m[31m[1m^[22m[39m[31m[1m^[22m[39m[31m[1m^[22m[39m[31m[1m^[22m[39m[31m[1m^[22m[39m[31m[1m^[22m[39m[31m[1m^[22m[39m[31m[1m^[22m[39m[31m[1m^[22m[39m[31m[1m^[22m[39m[31m[1m^[22m[39m[31m[1m^[22m[39m[31m[1m^[22m[39m[31m[1m^[22m[39m[31m[1m^[22m[39m[31m[1m^[22m[39m[31m[1m^[22m[39m[31m[1m^[22m[39m[31m[1m^[22m[39m[31m[1m^[22m[39m[31m[1m^[22m[39m[31m[1m^[22m[39m[31m[1m^[22m[39m[31m[1m^[22m[39m[31m[1m^[22m[39m[31m[1m^[22m[39m[31m[1m^[22m[39m[31m[1m^[22m[39m[31m[1m^[22m[39m[31m[1m^[22m[39m[31m[1m^[22m[39m[31m[1m^[22m[39m[31m[1m^[22m[39m[31m[1m^[22m[39m[31m[1m^[22m[39m[31m[1m^[22m[39m[31m[1m^[22m[39m[31m[1m^[22m[39m
   [90m 6 |[39m
   [90m 7 |[39m [33m@[39m[33mInjectable[39m()
   [90m 8 |[39m [36mexport[39m [36mclass[39m [33mUsageService[39m {[0m

[1m[31mERROR[39m[22m in [1m./src/modules/usage/usage.service.ts:17:40[39m[22m
TS2769: No overload matches this call.
  Overload 1 of 3, '(entityLikeArray: DeepPartial<Usage>[]): Usage[]', gave the following error.
    Object literal may only specify known properties, and 'userId' does not exist in type 'DeepPartial<Usage>[]'.
  Overload 2 of 3, '(entityLike: DeepPartial<Usage>): Usage', gave the following error.
    Type 'string | null' is not assignable to type 'string | undefined'.
      Type 'null' is not assignable to type 'string | undefined'.
  [0m [90m 15 |[39m
   [90m 16 |[39m   [36masync[39m trackUsage(userId[33m:[39m number[33m,[39m event[33m:[39m string[33m,[39m amount[33m:[39m number [33m=[39m [35m1[39m[33m,[39m metadata[33m?[39m[33m:[39m any)[33m:[39m [33mPromise[39m[33m<[39m[36mvoid[39m[33m>[39m {
  [31m[1m>[22m[39m[90m 17 |[39m     [36mconst[39m usage [33m=[39m [36mthis[39m[33m.[39musageRepository[33m.[39mcreate({
   [90m    |[39m                                        [31m[1m^[22m[39m[31m[1m^[22m[39m[31m[1m^[22m[39m[31m[1m^[22m[39m[31m[1m^[22m[39m[31m[1m^[22m[39m
   [90m 18 |[39m       userId[33m,[39m
   [90m 19 |[39m       event[33m,[39m
   [90m 20 |[39m       amount[33m,[39m[0m

[1m[31mERROR[39m[22m in [1m./src/modules/users/dto/preferences.dto.ts:4:41[39m[22m
TS2307: Cannot find module '../../database/entities/user-preferences.entity' or its corresponding type declarations.
  [0m [90m 2 |[39m [36mimport[39m { [33mIsString[39m[33m,[39m [33mIsOptional[39m[33m,[39m [33mIsEnum[39m[33m,[39m [33mIsBoolean[39m[33m,[39m [33mIsObject[39m[33m,[39m [33mIsNumber[39m[33m,[39m [33mMatches[39m[33m,[39m [33mMin[39m[33m,[39m [33mMax[39m } [36mfrom[39m [32m'class-validator'[39m[33m;[39m
   [90m 3 |[39m [36mimport[39m { [33mType[39m } [36mfrom[39m [32m'class-transformer'[39m[33m;[39m
  [31m[1m>[22m[39m[90m 4 |[39m [36mimport[39m { [33mTheme[39m[33m,[39m [33mNotificationType[39m } [36mfrom[39m [32m'../../database/entities/user-preferences.entity'[39m[33m;[39m
   [90m   |[39m                                         [31m[1m^[22m[39m[31m[1m^[22m[39m[31m[1m^[22m[39m[31m[1m^[22m[39m[31m[1m^[22m[39m[31m[1m^[22m[39m[31m[1m^[22m[39m[31m[1m^[22m[39m[31m[1m^[22m[39m[31m[1m^[22m[39m[31m[1m^[22m[39m[31m[1m^[22m[39m[31m[1m^[22m[39m[31m[1m^[22m[39m[31m[1m^[22m[39m[31m[1m^[22m[39m[31m[1m^[22m[39m[31m[1m^[22m[39m[31m[1m^[22m[39m[31m[1m^[22m[39m[31m[1m^[22m[39m[31m[1m^[22m[39m[31m[1m^[22m[39m[31m[1m^[22m[39m[31m[1m^[22m[39m[31m[1m^[22m[39m[31m[1m^[22m[39m[31m[1m^[22m[39m[31m[1m^[22m[39m[31m[1m^[22m[39m[31m[1m^[22m[39m[31m[1m^[22m[39m[31m[1m^[22m[39m[31m[1m^[22m[39m[31m[1m^[22m[39m[31m[1m^[22m[39m[31m[1m^[22m[39m[31m[1m^[22m[39m[31m[1m^[22m[39m[31m[1m^[22m[39m[31m[1m^[22m[39m[31m[1m^[22m[39m[31m[1m^[22m[39m[31m[1m^[22m[39m[31m[1m^[22m[39m[31m[1m^[22m[39m[31m[1m^[22m[39m[31m[1m^[22m[39m[31m[1m^[22m[39m
   [90m 5 |[39m
   [90m 6 |[39m [36mexport[39m [36mclass[39m [33mNotificationPreferencesDto[39m {
   [90m 7 |[39m   [33m@[39m[33mApiPropertyOptional[39m({[0m

[1m[31mERROR[39m[22m in [1m./src/modules/users/queues/data-export.processor.ts:71:92[39m[22m
TS2304: Cannot find name 'stack'.
  [0m [90m 69 |[39m       [36mthis[39m[33m.[39mlogger[33m.[39mlog([32m`Data export job ${job.id} completed for user ${userId}`[39m)[33m;[39m
   [90m 70 |[39m     } [36mcatch[39m (err) {
  [31m[1m>[22m[39m[90m 71 |[39m       [36mthis[39m[33m.[39mlogger[33m.[39merror([32m`Data export job ${job.id} failed for user ${userId}`[39m[33m,[39m err [36mas[39m any[33m?[39m[33m.[39mstack [33m||[39m [33mString[39m(err))[33m;[39m
   [90m    |[39m                                                                                            [31m[1m^[22m[39m[31m[1m^[22m[39m[31m[1m^[22m[39m[31m[1m^[22m[39m[31m[1m^[22m[39m
   [90m 72 |[39m       [36mthrow[39m err[33m;[39m
   [90m 73 |[39m     }
   [90m 74 |[39m   }[0m

[1m[31mERROR[39m[22m in [1m./src/modules/users/services/activity-feed.service.ts:10:24[39m[22m
TS2307: Cannot find module '../../../coupons/entities/coupon.entity' or its corresponding type declarations.
  [0m [90m  8 |[39m [36mimport[39m { [33mRewardTransaction[39m } [36mfrom[39m [32m'../../../rewards/entities/reward-transaction.entity'[39m[33m;[39m
   [90m  9 |[39m [36mimport[39m { [33mRewardStatus[39m } [36mfrom[39m [32m'../../../rewards/enums/reward-status.enum'[39m[33m;[39m
  [31m[1m>[22m[39m[90m 10 |[39m [36mimport[39m { [33mCoupon[39m } [36mfrom[39m [32m'../../../coupons/entities/coupon.entity'[39m[33m;[39m
   [90m    |[39m                        [31m[1m^[22m[39m[31m[1m^[22m[39m[31m[1m^[22m[39m[31m[1m^[22m[39m[31m[1m^[22m[39m[31m[1m^[22m[39m[31m[1m^[22m[39m[31m[1m^[22m[39m[31m[1m^[22m[39m[31m[1m^[22m[39m[31m[1m^[22m[39m[31m[1m^[22m[39m[31m[1m^[22m[39m[31m[1m^[22m[39m[31m[1m^[22m[39m[31m[1m^[22m[39m[31m[1m^[22m[39m[31m[1m^[22m[39m[31m[1m^[22m[39m[31m[1m^[22m[39m[31m[1m^[22m[39m[31m[1m^[22m[39m[31m[1m^[22m[39m[31m[1m^[22m[39m[31m[1m^[22m[39m[31m[1m^[22m[39m[31m[1m^[22m[39m[31m[1m^[22m[39m[31m[1m^[22m[39m[31m[1m^[22m[39m[31m[1m^[22m[39m[31m[1m^[22m[39m[31m[1m^[22m[39m[31m[1m^[22m[39m[31m[1m^[22m[39m[31m[1m^[22m[39m[31m[1m^[22m[39m[31m[1m^[22m[39m[31m[1m^[22m[39m[31m[1m^[22m[39m[31m[1m^[22m[39m
   [90m 11 |[39m [36mimport[39m { [33mPaginatedResponseDto[39m } [36mfrom[39m [32m'../../../common/dto/paginated-response.dto'[39m[33m;[39m
   [90m 12 |[39m
   [90m 13 |[39m [36mexport[39m type [33mActivityFeedType[39m [33m=[39m [32m'task_completed'[39m [33m|[39m [32m'reward_earned'[39m [33m|[39m [32m'badge_earned'[39m[33m;[39m[0m

[1m[31mERROR[39m[22m in [1m./src/modules/users/services/activity-feed.service.ts:67:5[39m[22m
TS2322: Type '{ id: string; type: "task_completed"; title: string; description: string; metadata: { taskId: string; xlmRewarded: number; }; occurredAt: Date | null; }[]' is not assignable to type 'ActivityFeedItem[]'.
  Type '{ id: string; type: "task_completed"; title: string; description: string; metadata: { taskId: string; xlmRewarded: number; }; occurredAt: Date | null; }' is not assignable to type 'ActivityFeedItem'.
    Types of property 'occurredAt' are incompatible.
      Type 'Date | null' is not assignable to type 'Date'.
        Type 'null' is not assignable to type 'Date'.
  [0m [90m 65 |[39m     })[33m;[39m
   [90m 66 |[39m
  [31m[1m>[22m[39m[90m 67 |[39m     [36mreturn[39m completions[33m.[39mmap((completion) [33m=>[39m ({
   [90m    |[39m     [31m[1m^[22m[39m[31m[1m^[22m[39m[31m[1m^[22m[39m[31m[1m^[22m[39m[31m[1m^[22m[39m[31m[1m^[22m[39m
   [90m 68 |[39m       id[33m:[39m [32m`task-${completion.id}`[39m[33m,[39m
   [90m 69 |[39m       type[33m:[39m [32m'task_completed'[39m [36mas[39m [36mconst[39m[33m,[39m
   [90m 70 |[39m       title[33m:[39m completion[33m.[39mtask[33m?[39m[33m.[39mtitle [33m?[39m[33m?[39m [32m'Health task completed'[39m[33m,[39m[0m

[1m[31mERROR[39m[22m in [1m./src/modules/users/services/activity-tracker.service.ts:7:11[39m[22m
TS2430: Interface 'AuthenticatedRequest' incorrectly extends interface 'Request<ParamsDictionary, any, any, ParsedQs, Record<string, any>>'.
  The types returned by 'get(...)' are incompatible between these types.
    Type 'string | undefined' is not assignable to type 'string[] | undefined'.
      Type 'string' is not assignable to type 'string[]'.
  [0m [90m  5 |[39m [36mimport[39m { [33mRequest[39m } [36mfrom[39m [32m'express'[39m[33m;[39m
   [90m  6 |[39m
  [31m[1m>[22m[39m[90m  7 |[39m [36minterface[39m [33mAuthenticatedRequest[39m [36mextends[39m [33mRequest[39m {
   [90m    |[39m           [31m[1m^[22m[39m[31m[1m^[22m[39m[31m[1m^[22m[39m[31m[1m^[22m[39m[31m[1m^[22m[39m[31m[1m^[22m[39m[31m[1m^[22m[39m[31m[1m^[22m[39m[31m[1m^[22m[39m[31m[1m^[22m[39m[31m[1m^[22m[39m[31m[1m^[22m[39m[31m[1m^[22m[39m[31m[1m^[22m[39m[31m[1m^[22m[39m[31m[1m^[22m[39m[31m[1m^[22m[39m[31m[1m^[22m[39m[31m[1m^[22m[39m[31m[1m^[22m[39m
   [90m  8 |[39m   user[33m:[39m { userId[33m:[39m string[33m;[39m role[33m?[39m[33m:[39m string }[33m;[39m
   [90m  9 |[39m   [36mget[39m(header[33m:[39m string)[33m:[39m string [33m|[39m undefined[33m;[39m
   [90m 10 |[39m   headers[33m:[39m [33mRecord[39m[33m<[39m[33mstring[39m[33m,[39m string [33m|[39m string[] [33m|[39m undefined[33m>[39m[33m;[39m[0m

[1m[31mERROR[39m[22m in [1m./src/modules/users/services/avatar.service.ts:38:31[39m[22m
TS2339: Property 'avatarUrl' does not exist on type 'User'.
  [0m [90m 36 |[39m     }
   [90m 37 |[39m
  [31m[1m>[22m[39m[90m 38 |[39m     [36mconst[39m oldAvatarUrl [33m=[39m user[33m.[39mavatarUrl[33m;[39m
   [90m    |[39m                               [31m[1m^[22m[39m[31m[1m^[22m[39m[31m[1m^[22m[39m[31m[1m^[22m[39m[31m[1m^[22m[39m[31m[1m^[22m[39m[31m[1m^[22m[39m[31m[1m^[22m[39m[31m[1m^[22m[39m
   [90m 39 |[39m
   [90m 40 |[39m     [36mconst[39m uploadResult [33m=[39m [36mawait[39m [36mthis[39m[33m.[39mstorageService[33m.[39msaveFile(
   [90m 41 |[39m       resizedImage[33m,[39m[0m

[1m[31mERROR[39m[22m in [1m./src/modules/users/services/avatar.service.ts:48:7[39m[22m
TS2353: Object literal may only specify known properties, and 'avatarUrl' does not exist in type '_QueryDeepPartialEntity<User>'.
  [0m [90m 46 |[39m
   [90m 47 |[39m     [36mawait[39m [36mthis[39m[33m.[39muserRepository[33m.[39mupdate(userId[33m,[39m {
  [31m[1m>[22m[39m[90m 48 |[39m       avatarUrl[33m:[39m uploadResult[33m.[39murl[33m,[39m
   [90m    |[39m       [31m[1m^[22m[39m[31m[1m^[22m[39m[31m[1m^[22m[39m[31m[1m^[22m[39m[31m[1m^[22m[39m[31m[1m^[22m[39m[31m[1m^[22m[39m[31m[1m^[22m[39m[31m[1m^[22m[39m
   [90m 49 |[39m     })[33m;[39m
   [90m 50 |[39m
   [90m 51 |[39m     [36mif[39m (oldAvatarUrl) {[0m

[1m[31mERROR[39m[22m in [1m./src/modules/users/services/avatar.service.ts:69:14[39m[22m
TS2339: Property 'avatarUrl' does not exist on type 'User'.
  [0m [90m 67 |[39m     }
   [90m 68 |[39m
  [31m[1m>[22m[39m[90m 69 |[39m     [36mif[39m (user[33m.[39mavatarUrl) {
   [90m    |[39m              [31m[1m^[22m[39m[31m[1m^[22m[39m[31m[1m^[22m[39m[31m[1m^[22m[39m[31m[1m^[22m[39m[31m[1m^[22m[39m[31m[1m^[22m[39m[31m[1m^[22m[39m[31m[1m^[22m[39m
   [90m 70 |[39m       [36mawait[39m [36mthis[39m[33m.[39mstorageService[33m.[39mdeleteFileByUrl(user[33m.[39mavatarUrl)[33m;[39m
   [90m 71 |[39m       [36mawait[39m [36mthis[39m[33m.[39muserRepository[33m.[39mupdate(userId[33m,[39m {
   [90m 72 |[39m         avatarUrl[33m:[39m [36mnull[39m[33m,[39m[0m

[1m[31mERROR[39m[22m in [1m./src/modules/users/services/avatar.service.ts:70:54[39m[22m
TS2339: Property 'avatarUrl' does not exist on type 'User'.
  [0m [90m 68 |[39m
   [90m 69 |[39m     [36mif[39m (user[33m.[39mavatarUrl) {
  [31m[1m>[22m[39m[90m 70 |[39m       [36mawait[39m [36mthis[39m[33m.[39mstorageService[33m.[39mdeleteFileByUrl(user[33m.[39mavatarUrl)[33m;[39m
   [90m    |[39m                                                      [31m[1m^[22m[39m[31m[1m^[22m[39m[31m[1m^[22m[39m[31m[1m^[22m[39m[31m[1m^[22m[39m[31m[1m^[22m[39m[31m[1m^[22m[39m[31m[1m^[22m[39m[31m[1m^[22m[39m
   [90m 71 |[39m       [36mawait[39m [36mthis[39m[33m.[39muserRepository[33m.[39mupdate(userId[33m,[39m {
   [90m 72 |[39m         avatarUrl[33m:[39m [36mnull[39m[33m,[39m
   [90m 73 |[39m       })[33m;[39m[0m

[1m[31mERROR[39m[22m in [1m./src/modules/users/services/avatar.service.ts:72:9[39m[22m
TS2353: Object literal may only specify known properties, and 'avatarUrl' does not exist in type '_QueryDeepPartialEntity<User>'.
  [0m [90m 70 |[39m       [36mawait[39m [36mthis[39m[33m.[39mstorageService[33m.[39mdeleteFileByUrl(user[33m.[39mavatarUrl)[33m;[39m
   [90m 71 |[39m       [36mawait[39m [36mthis[39m[33m.[39muserRepository[33m.[39mupdate(userId[33m,[39m {
  [31m[1m>[22m[39m[90m 72 |[39m         avatarUrl[33m:[39m [36mnull[39m[33m,[39m
   [90m    |[39m         [31m[1m^[22m[39m[31m[1m^[22m[39m[31m[1m^[22m[39m[31m[1m^[22m[39m[31m[1m^[22m[39m[31m[1m^[22m[39m[31m[1m^[22m[39m[31m[1m^[22m[39m[31m[1m^[22m[39m
   [90m 73 |[39m       })[33m;[39m
   [90m 74 |[39m
   [90m 75 |[39m       [36mawait[39m [36mthis[39m[33m.[39mactivityTracker[33m.[39mtrackAvatarUpdated(userId[33m,[39m [32m''[39m[33m,[39m request)[33m;[39m[0m

[1m[31mERROR[39m[22m in [1m./src/modules/users/services/avatar.service.ts:81:18[39m[22m
TS2339: Property 'avatarUrl' does not exist on type 'User'.
  [0m [90m 79 |[39m   [36masync[39m getAvatarUrl(userId[33m:[39m string)[33m:[39m [33mPromise[39m[33m<[39m[33mstring[39m [33m|[39m [36mnull[39m[33m>[39m {
   [90m 80 |[39m     [36mconst[39m user [33m=[39m [36mawait[39m [36mthis[39m[33m.[39muserRepository[33m.[39mfindOne({ where[33m:[39m { id[33m:[39m userId } })[33m;[39m
  [31m[1m>[22m[39m[90m 81 |[39m     [36mreturn[39m user[33m?[39m[33m.[39mavatarUrl [33m||[39m [36mnull[39m[33m;[39m
   [90m    |[39m                  [31m[1m^[22m[39m[31m[1m^[22m[39m[31m[1m^[22m[39m[31m[1m^[22m[39m[31m[1m^[22m[39m[31m[1m^[22m[39m[31m[1m^[22m[39m[31m[1m^[22m[39m[31m[1m^[22m[39m
   [90m 82 |[39m   }
   [90m 83 |[39m
   [90m 84 |[39m   [36mprivate[39m validateFile(file[33m:[39m [33mBuffer[39m[33m,[39m mimetype[33m:[39m string)[33m:[39m [36mvoid[39m {[0m

[1m[31mERROR[39m[22m in [1m./src/modules/users/users.controller.ts:69:1[39m[22m
TS1238: Unable to resolve signature of class decorator when called as an expression.
  The runtime will invoke the decorator with 1 arguments, but the decorator expects 3.
  [0m [90m 67 |[39m [33m@[39m[33mApiTags[39m([32m'users'[39m)
   [90m 68 |[39m [33m@[39m[33mApiBearerAuth[39m()
  [31m[1m>[22m[39m[90m 69 |[39m [33m@[39m[33mVersion[39m([32m'1'[39m)
   [90m    |[39m [31m[1m^[22m[39m[31m[1m^[22m[39m[31m[1m^[22m[39m[31m[1m^[22m[39m[31m[1m^[22m[39m[31m[1m^[22m[39m[31m[1m^[22m[39m[31m[1m^[22m[39m[31m[1m^[22m[39m[31m[1m^[22m[39m[31m[1m^[22m[39m[31m[1m^[22m[39m[31m[1m^[22m[39m
   [90m 70 |[39m [33m@[39m[33mController[39m({ path[33m:[39m [32m'users'[39m })
   [90m 71 |[39m [33m@[39m[33mUseGuards[39m([33mJwtAuthGuard[39m)
   [90m 72 |[39m [36mexport[39m [36mclass[39m [33mUsersController[39m {[0m

[1m[31mERROR[39m[22m in [1m./src/modules/users/users.controller.ts:69:2[39m[22m
TS1270: Decorator function return type 'void | TypedPropertyDescriptor<unknown>' is not assignable to type 'void | typeof UsersController'.
  Type 'TypedPropertyDescriptor<unknown>' is not assignable to type 'void | typeof UsersController'.
  [0m [90m 67 |[39m [33m@[39m[33mApiTags[39m([32m'users'[39m)
   [90m 68 |[39m [33m@[39m[33mApiBearerAuth[39m()
  [31m[1m>[22m[39m[90m 69 |[39m [33m@[39m[33mVersion[39m([32m'1'[39m)
   [90m    |[39m  [31m[1m^[22m[39m[31m[1m^[22m[39m[31m[1m^[22m[39m[31m[1m^[22m[39m[31m[1m^[22m[39m[31m[1m^[22m[39m[31m[1m^[22m[39m[31m[1m^[22m[39m[31m[1m^[22m[39m[31m[1m^[22m[39m[31m[1m^[22m[39m[31m[1m^[22m[39m
   [90m 70 |[39m [33m@[39m[33mController[39m({ path[33m:[39m [32m'users'[39m })
   [90m 71 |[39m [33m@[39m[33mUseGuards[39m([33mJwtAuthGuard[39m)
   [90m 72 |[39m [36mexport[39m [36mclass[39m [33mUsersController[39m {[0m

[1m[31mERROR[39m[22m in [1m./src/modules/users/users.module.ts:6:10[39m[22m
TS2300: Duplicate identifier 'UserActivity'.
  [0m [90m 4 |[39m [36mimport[39m { [33mUserStatusLog[39m } [36mfrom[39m [32m'../../entities/user-status-log.entity'[39m[33m;[39m
   [90m 5 |[39m [36mimport[39m { [33mUserPreferences[39m } [36mfrom[39m [32m'../../database/entities/user-preferences.entity'[39m[33m;[39m
  [31m[1m>[22m[39m[90m 6 |[39m [36mimport[39m { [33mUserActivity[39m } [36mfrom[39m [32m'../../database/entities/user-activity.entity'[39m[33m;[39m
   [90m   |[39m          [31m[1m^[22m[39m[31m[1m^[22m[39m[31m[1m^[22m[39m[31m[1m^[22m[39m[31m[1m^[22m[39m[31m[1m^[22m[39m[31m[1m^[22m[39m[31m[1m^[22m[39m[31m[1m^[22m[39m[31m[1m^[22m[39m[31m[1m^[22m[39m[31m[1m^[22m[39m
   [90m 7 |[39m [36mimport[39m { [33mPhoneVerificationService[39m } [36mfrom[39m [32m'./services/phone-verification.service'[39m[33m;[39m
   [90m 8 |[39m [36mimport[39m { [33mSmsService[39m } [36mfrom[39m [32m'../../shared/sms/sms.service'[39m[33m;[39m
   [90m 9 |[39m [36mimport[39m { [33mTypeOrmModule[39m } [36mfrom[39m [32m'@nestjs/typeorm'[39m[33m;[39m[0m

[1m[31mERROR[39m[22m in [1m./src/modules/users/users.module.ts:16:10[39m[22m
TS2300: Duplicate identifier 'UserActivity'.
  [0m [90m 14 |[39m [36mimport[39m { [33mUsersService[39m } [36mfrom[39m [32m'./users.service'[39m[33m;[39m
   [90m 15 |[39m [36mimport[39m { [33mQueueModule[39m } [36mfrom[39m [32m'../../queue/queue.module'[39m[33m;[39m
  [31m[1m>[22m[39m[90m 16 |[39m [36mimport[39m { [33mUserActivity[39m } [36mfrom[39m [32m'../../database/entities/user-activity.entity'[39m[33m;[39m
   [90m    |[39m          [31m[1m^[22m[39m[31m[1m^[22m[39m[31m[1m^[22m[39m[31m[1m^[22m[39m[31m[1m^[22m[39m[31m[1m^[22m[39m[31m[1m^[22m[39m[31m[1m^[22m[39m[31m[1m^[22m[39m[31m[1m^[22m[39m[31m[1m^[22m[39m[31m[1m^[22m[39m
   [90m 17 |[39m [36mimport[39m { [33mActivityTrackerService[39m } [36mfrom[39m [32m'./services/activity-tracker.service'[39m[33m;[39m
   [90m 18 |[39m [36mimport[39m { [33mAvatarService[39m } [36mfrom[39m [32m'./services/avatar.service'[39m[33m;[39m
   [90m 19 |[39m [36mimport[39m { [33mDataExportService[39m } [36mfrom[39m [32m'./services/data-export.service'[39m[33m;[39m[0m

[1m[31mERROR[39m[22m in [1m./src/modules/users/users.module.ts:44:7[39m[22m
TS2304: Cannot find name 'Coupon'.
  [0m [90m 42 |[39m       [33mNotification[39m[33m,[39m
   [90m 43 |[39m       [33mReferralRecord[39m[33m,[39m
  [31m[1m>[22m[39m[90m 44 |[39m       [33mCoupon[39m[33m,[39m
   [90m    |[39m       [31m[1m^[22m[39m[31m[1m^[22m[39m[31m[1m^[22m[39m[31m[1m^[22m[39m[31m[1m^[22m[39m[31m[1m^[22m[39m
   [90m 45 |[39m       [33mHealthTask[39m[33m,[39m
   [90m 46 |[39m       [33mNotification[39m[33m,[39m
   [90m 47 |[39m     ])[33m,[39m[0m

[1m[31mERROR[39m[22m in [1m./src/modules/users/users.module.ts:45:7[39m[22m
TS2304: Cannot find name 'HealthTask'.
  [0m [90m 43 |[39m       [33mReferralRecord[39m[33m,[39m
   [90m 44 |[39m       [33mCoupon[39m[33m,[39m
  [31m[1m>[22m[39m[90m 45 |[39m       [33mHealthTask[39m[33m,[39m
   [90m    |[39m       [31m[1m^[22m[39m[31m[1m^[22m[39m[31m[1m^[22m[39m[31m[1m^[22m[39m[31m[1m^[22m[39m[31m[1m^[22m[39m[31m[1m^[22m[39m[31m[1m^[22m[39m[31m[1m^[22m[39m[31m[1m^[22m[39m
   [90m 46 |[39m       [33mNotification[39m[33m,[39m
   [90m 47 |[39m     ])[33m,[39m
   [90m 48 |[39m     [33mCacheModule[39m[33m.[39mregister({[0m

[1m[31mERROR[39m[22m in [1m./src/modules/users/users.module.ts:73:5[39m[22m
TS18004: No value exists in scope for the shorthand property 'ActivityFeedService'. Either declare one or provide an initializer.
  [0m [90m 71 |[39m     [33mQueueService[39m[33m,[39m
   [90m 72 |[39m   ][33m,[39m
  [31m[1m>[22m[39m[90m 73 |[39m     [33mActivityFeedService[39m[33m,[39m
   [90m    |[39m     [31m[1m^[22m[39m[31m[1m^[22m[39m[31m[1m^[22m[39m[31m[1m^[22m[39m[31m[1m^[22m[39m[31m[1m^[22m[39m[31m[1m^[22m[39m[31m[1m^[22m[39m[31m[1m^[22m[39m[31m[1m^[22m[39m[31m[1m^[22m[39m[31m[1m^[22m[39m[31m[1m^[22m[39m[31m[1m^[22m[39m[31m[1m^[22m[39m[31m[1m^[22m[39m[31m[1m^[22m[39m[31m[1m^[22m[39m[31m[1m^[22m[39m
   [90m 74 |[39m     [33mAvatarService[39m[33m,[39m
   [90m 75 |[39m     [33mStorageService[39m[33m,[39m
   [90m 76 |[39m     [33mDataExportProcessor[39m[33m,[39m[0m

[1m[31mERROR[39m[22m in [1m./src/modules/users/users.module.ts:73:5[39m[22m
TS2353: Object literal may only specify known properties, and 'ActivityFeedService' does not exist in type 'ModuleMetadata'.
  [0m [90m 71 |[39m     [33mQueueService[39m[33m,[39m
   [90m 72 |[39m   ][33m,[39m
  [31m[1m>[22m[39m[90m 73 |[39m     [33mActivityFeedService[39m[33m,[39m
   [90m    |[39m     [31m[1m^[22m[39m[31m[1m^[22m[39m[31m[1m^[22m[39m[31m[1m^[22m[39m[31m[1m^[22m[39m[31m[1m^[22m[39m[31m[1m^[22m[39m[31m[1m^[22m[39m[31m[1m^[22m[39m[31m[1m^[22m[39m[31m[1m^[22m[39m[31m[1m^[22m[39m[31m[1m^[22m[39m[31m[1m^[22m[39m[31m[1m^[22m[39m[31m[1m^[22m[39m[31m[1m^[22m[39m[31m[1m^[22m[39m[31m[1m^[22m[39m
   [90m 74 |[39m     [33mAvatarService[39m[33m,[39m
   [90m 75 |[39m     [33mStorageService[39m[33m,[39m
   [90m 76 |[39m     [33mDataExportProcessor[39m[33m,[39m[0m

[1m[31mERROR[39m[22m in [1m./src/modules/users/users.module.ts:75:5[39m[22m
TS18004: No value exists in scope for the shorthand property 'StorageService'. Either declare one or provide an initializer.
  [0m [90m 73 |[39m     [33mActivityFeedService[39m[33m,[39m
   [90m 74 |[39m     [33mAvatarService[39m[33m,[39m
  [31m[1m>[22m[39m[90m 75 |[39m     [33mStorageService[39m[33m,[39m
   [90m    |[39m     [31m[1m^[22m[39m[31m[1m^[22m[39m[31m[1m^[22m[39m[31m[1m^[22m[39m[31m[1m^[22m[39m[31m[1m^[22m[39m[31m[1m^[22m[39m[31m[1m^[22m[39m[31m[1m^[22m[39m[31m[1m^[22m[39m[31m[1m^[22m[39m[31m[1m^[22m[39m[31m[1m^[22m[39m[31m[1m^[22m[39m
   [90m 76 |[39m     [33mDataExportProcessor[39m[33m,[39m
   [90m 77 |[39m   ][33m,[39m
   [90m 78 |[39m   exports[33m:[39m [[33mUsersService[39m[33m,[39m [33mUserSearchService[39m[33m,[39m [33mPhoneVerificationService[39m][33m,[39m[0m

[1m[31mERROR[39m[22m in [1m./src/modules/users/users.service.ts:285:9[39m[22m
TS2393: Duplicate function implementation.
  [0m [90m 283 |[39m   }
   [90m 284 |[39m
  [31m[1m>[22m[39m[90m 285 |[39m   [36masync[39m deactivateUser(userId[33m:[39m string)[33m:[39m [33mPromise[39m[33m<[39m[36mvoid[39m[33m>[39m {
   [90m     |[39m         [31m[1m^[22m[39m[31m[1m^[22m[39m[31m[1m^[22m[39m[31m[1m^[22m[39m[31m[1m^[22m[39m[31m[1m^[22m[39m[31m[1m^[22m[39m[31m[1m^[22m[39m[31m[1m^[22m[39m[31m[1m^[22m[39m[31m[1m^[22m[39m[31m[1m^[22m[39m[31m[1m^[22m[39m[31m[1m^[22m[39m
   [90m 286 |[39m     [36mconst[39m user [33m=[39m [36mawait[39m [36mthis[39m[33m.[39mfindOne(userId)[33m;[39m
   [90m 287 |[39m     [36mif[39m ([33m![39muser) {
   [90m 288 |[39m       [36mthrow[39m [36mnew[39m [33mNotFoundException[39m([32m'User not found'[39m)[33m;[39m[0m

[1m[31mERROR[39m[22m in [1m./src/modules/users/users.service.ts:581:7[39m[22m
TS2322: Type 'string | null' is not assignable to type 'string | undefined'.
  Type 'null' is not assignable to type 'string | undefined'.
  [0m [90m 579 |[39m       preferredLanguage[33m:[39m user[33m.[39mpreferredLanguage[33m,[39m
   [90m 580 |[39m       country[33m:[39m user[33m.[39mcountry[33m,[39m
  [31m[1m>[22m[39m[90m 581 |[39m       address[33m:[39m user[33m.[39maddress[33m,[39m
   [90m     |[39m       [31m[1m^[22m[39m[31m[1m^[22m[39m[31m[1m^[22m[39m[31m[1m^[22m[39m[31m[1m^[22m[39m[31m[1m^[22m[39m[31m[1m^[22m[39m
   [90m 582 |[39m       city[33m:[39m user[33m.[39mcity[33m,[39m
   [90m 583 |[39m       postalCode[33m:[39m user[33m.[39mpostalCode[33m,[39m
   [90m 584 |[39m       role[33m:[39m user[33m.[39mrole[33m,[39m[0m

[1m[31mERROR[39m[22m in [1m./src/modules/users/users.service.ts:582:7[39m[22m
TS2322: Type 'string | null' is not assignable to type 'string | undefined'.
  Type 'null' is not assignable to type 'string | undefined'.
  [0m [90m 580 |[39m       country[33m:[39m user[33m.[39mcountry[33m,[39m
   [90m 581 |[39m       address[33m:[39m user[33m.[39maddress[33m,[39m
  [31m[1m>[22m[39m[90m 582 |[39m       city[33m:[39m user[33m.[39mcity[33m,[39m
   [90m     |[39m       [31m[1m^[22m[39m[31m[1m^[22m[39m[31m[1m^[22m[39m[31m[1m^[22m[39m
   [90m 583 |[39m       postalCode[33m:[39m user[33m.[39mpostalCode[33m,[39m
   [90m 584 |[39m       role[33m:[39m user[33m.[39mrole[33m,[39m
   [90m 585 |[39m       status[33m:[39m user[33m.[39mstatus[33m,[39m[0m

[1m[31mERROR[39m[22m in [1m./src/modules/users/users.service.ts:583:7[39m[22m
TS2322: Type 'string | null' is not assignable to type 'string | undefined'.
  Type 'null' is not assignable to type 'string | undefined'.
  [0m [90m 581 |[39m       address[33m:[39m user[33m.[39maddress[33m,[39m
   [90m 582 |[39m       city[33m:[39m user[33m.[39mcity[33m,[39m
  [31m[1m>[22m[39m[90m 583 |[39m       postalCode[33m:[39m user[33m.[39mpostalCode[33m,[39m
   [90m     |[39m       [31m[1m^[22m[39m[31m[1m^[22m[39m[31m[1m^[22m[39m[31m[1m^[22m[39m[31m[1m^[22m[39m[31m[1m^[22m[39m[31m[1m^[22m[39m[31m[1m^[22m[39m[31m[1m^[22m[39m[31m[1m^[22m[39m
   [90m 584 |[39m       role[33m:[39m user[33m.[39mrole[33m,[39m
   [90m 585 |[39m       status[33m:[39m user[33m.[39mstatus[33m,[39m
   [90m 586 |[39m       isVerified[33m:[39m user[33m.[39misVerified[33m,[39m[0m

[1m[31mERROR[39m[22m in [1m./src/modules/users/users.service.ts:657:9[39m[22m
TS2393: Duplicate function implementation.
  [0m [90m 655 |[39m [90m   * Deactivate a user (self-service deactivation)[39m
   [90m 656 |[39m [90m   */[39m
  [31m[1m>[22m[39m[90m 657 |[39m   [36masync[39m deactivateUser(userId[33m:[39m string)[33m:[39m [33mPromise[39m[33m<[39m[36mvoid[39m[33m>[39m {
   [90m     |[39m         [31m[1m^[22m[39m[31m[1m^[22m[39m[31m[1m^[22m[39m[31m[1m^[22m[39m[31m[1m^[22m[39m[31m[1m^[22m[39m[31m[1m^[22m[39m[31m[1m^[22m[39m[31m[1m^[22m[39m[31m[1m^[22m[39m[31m[1m^[22m[39m[31m[1m^[22m[39m[31m[1m^[22m[39m[31m[1m^[22m[39m
   [90m 658 |[39m     [36mconst[39m user [33m=[39m [36mawait[39m [36mthis[39m[33m.[39muserRepository[33m.[39mfindOne({ where[33m:[39m { id[33m:[39m userId } })[33m;[39m
   [90m 659 |[39m     [36mif[39m ([33m![39muser) {
   [90m 660 |[39m       [36mthrow[39m [36mnew[39m [33mNotFoundException[39m([32m'User not found'[39m)[33m;[39m[0m

[1m[31mERROR[39m[22m in [1m./src/notifications/preferences/notification-preferences.service.ts:40:13[39m[22m
TS18046: 'error' is of type 'unknown'.
  [0m [90m 38 |[39m           [36mthis[39m[33m.[39mlogger[33m.[39merror(
   [90m 39 |[39m             [32m`Failed to create default preferences for user ${data.userId}:`[39m[33m,[39m
  [31m[1m>[22m[39m[90m 40 |[39m             error[33m.[39mmessage[33m,[39m
   [90m    |[39m             [31m[1m^[22m[39m[31m[1m^[22m[39m[31m[1m^[22m[39m[31m[1m^[22m[39m[31m[1m^[22m[39m
   [90m 41 |[39m           )[33m;[39m
   [90m 42 |[39m         }
   [90m 43 |[39m       }[33m,[39m[0m

[1m[31mERROR[39m[22m in [1m./src/notifications/preferences/notification-preferences.service.ts:120:7[39m[22m
TS2769: No overload matches this call.
  Overload 1 of 3, '(entityLikeArray: DeepPartial<NotificationPreference>[]): NotificationPreference[]', gave the following error.
    Object literal may only specify known properties, and 'userId' does not exist in type 'DeepPartial<NotificationPreference>[]'.
  [0m [90m 118 |[39m   )[33m:[39m [33mPromise[39m[33m<[39m[33mNotificationPreference[39m[33m>[39m {
   [90m 119 |[39m     [36mconst[39m defaultPreferences [33m=[39m [36mthis[39m[33m.[39mpreferencesRepository[33m.[39mcreate({
  [31m[1m>[22m[39m[90m 120 |[39m       userId[33m,[39m
   [90m     |[39m       [31m[1m^[22m[39m[31m[1m^[22m[39m[31m[1m^[22m[39m[31m[1m^[22m[39m[31m[1m^[22m[39m[31m[1m^[22m[39m
   [90m 121 |[39m       taskReminders[33m:[39m [36mtrue[39m[33m,[39m
   [90m 122 |[39m       rewardAlerts[33m:[39m [36mtrue[39m[33m,[39m
   [90m 123 |[39m       streakAlerts[33m:[39m [36mtrue[39m[33m,[39m[0m

[1m[31mERROR[39m[22m in [1m./src/notifications/preferences/notification-preferences.service.ts:129:5[39m[22m
TS2740: Type 'NotificationPreference[]' is missing the following properties from type 'NotificationPreference': id, userId, user, taskReminders, and 11 more.
  [0m [90m 127 |[39m     })[33m;[39m
   [90m 128 |[39m
  [31m[1m>[22m[39m[90m 129 |[39m     [36mreturn[39m [36mthis[39m[33m.[39mpreferencesRepository[33m.[39msave(defaultPreferences)[33m;[39m
   [90m     |[39m     [31m[1m^[22m[39m[31m[1m^[22m[39m[31m[1m^[22m[39m[31m[1m^[22m[39m[31m[1m^[22m[39m[31m[1m^[22m[39m
   [90m 130 |[39m   }
   [90m 131 |[39m
   [90m 132 |[39m   [90m/**[39m[0m

[1m[31mERROR[39m[22m in [1m./src/notifications/services/notification.service.ts:123:25[39m[22m
TS2339: Property 'EMAIL_RATE_KEY' does not exist on type 'NotificationService'.
  [0m [90m 121 |[39m [90m   */[39m
   [90m 122 |[39m   [36mprivate[39m [36masync[39m checkEmailRateLimit(userId[33m:[39m string)[33m:[39m [33mPromise[39m[33m<[39m[33mboolean[39m[33m>[39m {
  [31m[1m>[22m[39m[90m 123 |[39m     [36mconst[39m key [33m=[39m [32m`${this.EMAIL_RATE_KEY}${userId}`[39m[33m;[39m
   [90m     |[39m                         [31m[1m^[22m[39m[31m[1m^[22m[39m[31m[1m^[22m[39m[31m[1m^[22m[39m[31m[1m^[22m[39m[31m[1m^[22m[39m[31m[1m^[22m[39m[31m[1m^[22m[39m[31m[1m^[22m[39m[31m[1m^[22m[39m[31m[1m^[22m[39m[31m[1m^[22m[39m[31m[1m^[22m[39m[31m[1m^[22m[39m
   [90m 124 |[39m     [36mconst[39m currentCount [33m=[39m [36mawait[39m [36mthis[39m[33m.[39mredis[33m.[39m[36mget[39m(key)[33m;[39m
   [90m 125 |[39m     [36mconst[39m count [33m=[39m currentCount [33m?[39m parseInt(currentCount[33m,[39m [35m10[39m) [33m:[39m [35m0[39m[33m;[39m
   [90m 126 |[39m[0m

[1m[31mERROR[39m[22m in [1m./src/notifications/services/notification.service.ts:124:37[39m[22m
TS2339: Property 'redis' does not exist on type 'NotificationService'.
  [0m [90m 122 |[39m   [36mprivate[39m [36masync[39m checkEmailRateLimit(userId[33m:[39m string)[33m:[39m [33mPromise[39m[33m<[39m[33mboolean[39m[33m>[39m {
   [90m 123 |[39m     [36mconst[39m key [33m=[39m [32m`${this.EMAIL_RATE_KEY}${userId}`[39m[33m;[39m
  [31m[1m>[22m[39m[90m 124 |[39m     [36mconst[39m currentCount [33m=[39m [36mawait[39m [36mthis[39m[33m.[39mredis[33m.[39m[36mget[39m(key)[33m;[39m
   [90m     |[39m                                     [31m[1m^[22m[39m[31m[1m^[22m[39m[31m[1m^[22m[39m[31m[1m^[22m[39m[31m[1m^[22m[39m
   [90m 125 |[39m     [36mconst[39m count [33m=[39m currentCount [33m?[39m parseInt(currentCount[33m,[39m [35m10[39m) [33m:[39m [35m0[39m[33m;[39m
   [90m 126 |[39m
   [90m 127 |[39m     [36mif[39m (count [33m>=[39m [36mthis[39m[33m.[39m[33mEMAIL_RATE_LIMIT[39m) {[0m

[1m[31mERROR[39m[22m in [1m./src/notifications/services/notification.service.ts:127:23[39m[22m
TS2339: Property 'EMAIL_RATE_LIMIT' does not exist on type 'NotificationService'.
  [0m [90m 125 |[39m     [36mconst[39m count [33m=[39m currentCount [33m?[39m parseInt(currentCount[33m,[39m [35m10[39m) [33m:[39m [35m0[39m[33m;[39m
   [90m 126 |[39m
  [31m[1m>[22m[39m[90m 127 |[39m     [36mif[39m (count [33m>=[39m [36mthis[39m[33m.[39m[33mEMAIL_RATE_LIMIT[39m) {
   [90m     |[39m                       [31m[1m^[22m[39m[31m[1m^[22m[39m[31m[1m^[22m[39m[31m[1m^[22m[39m[31m[1m^[22m[39m[31m[1m^[22m[39m[31m[1m^[22m[39m[31m[1m^[22m[39m[31m[1m^[22m[39m[31m[1m^[22m[39m[31m[1m^[22m[39m[31m[1m^[22m[39m[31m[1m^[22m[39m[31m[1m^[22m[39m[31m[1m^[22m[39m[31m[1m^[22m[39m
   [90m 128 |[39m       [36mthis[39m[33m.[39mlogger[33m.[39mwarn(
   [90m 129 |[39m         [32m`Email rate limit exceeded for user ${userId}. Count: ${count}/${this.EMAIL_RATE_LIMIT} per hour`[39m[33m,[39m
   [90m 130 |[39m       )[33m;[39m[0m

[1m[31mERROR[39m[22m in [1m./src/notifications/services/notification.service.ts:129:79[39m[22m
TS2339: Property 'EMAIL_RATE_LIMIT' does not exist on type 'NotificationService'.
  [0m [90m 127 |[39m     [36mif[39m (count [33m>=[39m [36mthis[39m[33m.[39m[33mEMAIL_RATE_LIMIT[39m) {
   [90m 128 |[39m       [36mthis[39m[33m.[39mlogger[33m.[39mwarn(
  [31m[1m>[22m[39m[90m 129 |[39m         [32m`Email rate limit exceeded for user ${userId}. Count: ${count}/${this.EMAIL_RATE_LIMIT} per hour`[39m[33m,[39m
   [90m     |[39m                                                                               [31m[1m^[22m[39m[31m[1m^[22m[39m[31m[1m^[22m[39m[31m[1m^[22m[39m[31m[1m^[22m[39m[31m[1m^[22m[39m[31m[1m^[22m[39m[31m[1m^[22m[39m[31m[1m^[22m[39m[31m[1m^[22m[39m[31m[1m^[22m[39m[31m[1m^[22m[39m[31m[1m^[22m[39m[31m[1m^[22m[39m[31m[1m^[22m[39m[31m[1m^[22m[39m
   [90m 130 |[39m       )[33m;[39m
   [90m 131 |[39m       [36mreturn[39m [36mfalse[39m[33m;[39m
   [90m 132 |[39m     }[0m

[1m[31mERROR[39m[22m in [1m./src/notifications/services/notification.service.ts:135:16[39m[22m
TS2339: Property 'redis' does not exist on type 'NotificationService'.
  [0m [90m 133 |[39m
   [90m 134 |[39m     [90m// Increment counter and set expiry[39m
  [31m[1m>[22m[39m[90m 135 |[39m     [36mawait[39m [36mthis[39m[33m.[39mredis[33m.[39mincr(key)[33m;[39m
   [90m     |[39m                [31m[1m^[22m[39m[31m[1m^[22m[39m[31m[1m^[22m[39m[31m[1m^[22m[39m[31m[1m^[22m[39m
   [90m 136 |[39m     [36mawait[39m [36mthis[39m[33m.[39mredis[33m.[39mexpire(key[33m,[39m [36mthis[39m[33m.[39m[33mEMAIL_WINDOW_SECONDS[39m)[33m;[39m
   [90m 137 |[39m
   [90m 138 |[39m     [36mreturn[39m [36mtrue[39m[33m;[39m[0m

[1m[31mERROR[39m[22m in [1m./src/notifications/services/notification.service.ts:136:16[39m[22m
TS2339: Property 'redis' does not exist on type 'NotificationService'.
  [0m [90m 134 |[39m     [90m// Increment counter and set expiry[39m
   [90m 135 |[39m     [36mawait[39m [36mthis[39m[33m.[39mredis[33m.[39mincr(key)[33m;[39m
  [31m[1m>[22m[39m[90m 136 |[39m     [36mawait[39m [36mthis[39m[33m.[39mredis[33m.[39mexpire(key[33m,[39m [36mthis[39m[33m.[39m[33mEMAIL_WINDOW_SECONDS[39m)[33m;[39m
   [90m     |[39m                [31m[1m^[22m[39m[31m[1m^[22m[39m[31m[1m^[22m[39m[31m[1m^[22m[39m[31m[1m^[22m[39m
   [90m 137 |[39m
   [90m 138 |[39m     [36mreturn[39m [36mtrue[39m[33m;[39m
   [90m 139 |[39m   }[0m

[1m[31mERROR[39m[22m in [1m./src/notifications/services/notification.service.ts:136:39[39m[22m
TS2339: Property 'EMAIL_WINDOW_SECONDS' does not exist on type 'NotificationService'.
  [0m [90m 134 |[39m     [90m// Increment counter and set expiry[39m
   [90m 135 |[39m     [36mawait[39m [36mthis[39m[33m.[39mredis[33m.[39mincr(key)[33m;[39m
  [31m[1m>[22m[39m[90m 136 |[39m     [36mawait[39m [36mthis[39m[33m.[39mredis[33m.[39mexpire(key[33m,[39m [36mthis[39m[33m.[39m[33mEMAIL_WINDOW_SECONDS[39m)[33m;[39m
   [90m     |[39m                                       [31m[1m^[22m[39m[31m[1m^[22m[39m[31m[1m^[22m[39m[31m[1m^[22m[39m[31m[1m^[22m[39m[31m[1m^[22m[39m[31m[1m^[22m[39m[31m[1m^[22m[39m[31m[1m^[22m[39m[31m[1m^[22m[39m[31m[1m^[22m[39m[31m[1m^[22m[39m[31m[1m^[22m[39m[31m[1m^[22m[39m[31m[1m^[22m[39m[31m[1m^[22m[39m[31m[1m^[22m[39m[31m[1m^[22m[39m[31m[1m^[22m[39m[31m[1m^[22m[39m
   [90m 137 |[39m
   [90m 138 |[39m     [36mreturn[39m [36mtrue[39m[33m;[39m
   [90m 139 |[39m   }[0m

[1m[31mERROR[39m[22m in [1m./src/notifications/services/notification.service.ts:146:25[39m[22m
TS2339: Property 'SMS_RATE_KEY' does not exist on type 'NotificationService'.
  [0m [90m 144 |[39m [90m   */[39m
   [90m 145 |[39m   [36mprivate[39m [36masync[39m checkSMSRateLimit(userId[33m:[39m string)[33m:[39m [33mPromise[39m[33m<[39m[33mboolean[39m[33m>[39m {
  [31m[1m>[22m[39m[90m 146 |[39m     [36mconst[39m key [33m=[39m [32m`${this.SMS_RATE_KEY}${userId}`[39m[33m;[39m
   [90m     |[39m                         [31m[1m^[22m[39m[31m[1m^[22m[39m[31m[1m^[22m[39m[31m[1m^[22m[39m[31m[1m^[22m[39m[31m[1m^[22m[39m[31m[1m^[22m[39m[31m[1m^[22m[39m[31m[1m^[22m[39m[31m[1m^[22m[39m[31m[1m^[22m[39m[31m[1m^[22m[39m
   [90m 147 |[39m     [36mconst[39m currentCount [33m=[39m [36mawait[39m [36mthis[39m[33m.[39mredis[33m.[39m[36mget[39m(key)[33m;[39m
   [90m 148 |[39m     [36mconst[39m count [33m=[39m currentCount [33m?[39m parseInt(currentCount[33m,[39m [35m10[39m) [33m:[39m [35m0[39m[33m;[39m
   [90m 149 |[39m[0m

[1m[31mERROR[39m[22m in [1m./src/notifications/services/notification.service.ts:147:37[39m[22m
TS2339: Property 'redis' does not exist on type 'NotificationService'.
  [0m [90m 145 |[39m   [36mprivate[39m [36masync[39m checkSMSRateLimit(userId[33m:[39m string)[33m:[39m [33mPromise[39m[33m<[39m[33mboolean[39m[33m>[39m {
   [90m 146 |[39m     [36mconst[39m key [33m=[39m [32m`${this.SMS_RATE_KEY}${userId}`[39m[33m;[39m
  [31m[1m>[22m[39m[90m 147 |[39m     [36mconst[39m currentCount [33m=[39m [36mawait[39m [36mthis[39m[33m.[39mredis[33m.[39m[36mget[39m(key)[33m;[39m
   [90m     |[39m                                     [31m[1m^[22m[39m[31m[1m^[22m[39m[31m[1m^[22m[39m[31m[1m^[22m[39m[31m[1m^[22m[39m
   [90m 148 |[39m     [36mconst[39m count [33m=[39m currentCount [33m?[39m parseInt(currentCount[33m,[39m [35m10[39m) [33m:[39m [35m0[39m[33m;[39m
   [90m 149 |[39m
   [90m 150 |[39m     [36mif[39m (count [33m>=[39m [36mthis[39m[33m.[39m[33mSMS_RATE_LIMIT[39m) {[0m

[1m[31mERROR[39m[22m in [1m./src/notifications/services/notification.service.ts:150:23[39m[22m
TS2339: Property 'SMS_RATE_LIMIT' does not exist on type 'NotificationService'.
  [0m [90m 148 |[39m     [36mconst[39m count [33m=[39m currentCount [33m?[39m parseInt(currentCount[33m,[39m [35m10[39m) [33m:[39m [35m0[39m[33m;[39m
   [90m 149 |[39m
  [31m[1m>[22m[39m[90m 150 |[39m     [36mif[39m (count [33m>=[39m [36mthis[39m[33m.[39m[33mSMS_RATE_LIMIT[39m) {
   [90m     |[39m                       [31m[1m^[22m[39m[31m[1m^[22m[39m[31m[1m^[22m[39m[31m[1m^[22m[39m[31m[1m^[22m[39m[31m[1m^[22m[39m[31m[1m^[22m[39m[31m[1m^[22m[39m[31m[1m^[22m[39m[31m[1m^[22m[39m[31m[1m^[22m[39m[31m[1m^[22m[39m[31m[1m^[22m[39m[31m[1m^[22m[39m
   [90m 151 |[39m       [36mthis[39m[33m.[39mlogger[33m.[39mwarn(
   [90m 152 |[39m         [32m`SMS rate limit exceeded for user ${userId}. Count: ${count}/${this.SMS_RATE_LIMIT} per day`[39m[33m,[39m
   [90m 153 |[39m       )[33m;[39m[0m

[1m[31mERROR[39m[22m in [1m./src/notifications/services/notification.service.ts:152:77[39m[22m
TS2339: Property 'SMS_RATE_LIMIT' does not exist on type 'NotificationService'.
  [0m [90m 150 |[39m     [36mif[39m (count [33m>=[39m [36mthis[39m[33m.[39m[33mSMS_RATE_LIMIT[39m) {
   [90m 151 |[39m       [36mthis[39m[33m.[39mlogger[33m.[39mwarn(
  [31m[1m>[22m[39m[90m 152 |[39m         [32m`SMS rate limit exceeded for user ${userId}. Count: ${count}/${this.SMS_RATE_LIMIT} per day`[39m[33m,[39m
   [90m     |[39m                                                                             [31m[1m^[22m[39m[31m[1m^[22m[39m[31m[1m^[22m[39m[31m[1m^[22m[39m[31m[1m^[22m[39m[31m[1m^[22m[39m[31m[1m^[22m[39m[31m[1m^[22m[39m[31m[1m^[22m[39m[31m[1m^[22m[39m[31m[1m^[22m[39m[31m[1m^[22m[39m[31m[1m^[22m[39m[31m[1m^[22m[39m
   [90m 153 |[39m       )[33m;[39m
   [90m 154 |[39m       [36mreturn[39m [36mfalse[39m[33m;[39m
   [90m 155 |[39m     }[0m

[1m[31mERROR[39m[22m in [1m./src/notifications/services/notification.service.ts:158:16[39m[22m
TS2339: Property 'redis' does not exist on type 'NotificationService'.
  [0m [90m 156 |[39m
   [90m 157 |[39m     [90m// Increment counter and set expiry[39m
  [31m[1m>[22m[39m[90m 158 |[39m     [36mawait[39m [36mthis[39m[33m.[39mredis[33m.[39mincr(key)[33m;[39m
   [90m     |[39m                [31m[1m^[22m[39m[31m[1m^[22m[39m[31m[1m^[22m[39m[31m[1m^[22m[39m[31m[1m^[22m[39m
   [90m 159 |[39m     [36mawait[39m [36mthis[39m[33m.[39mredis[33m.[39mexpire(key[33m,[39m [36mthis[39m[33m.[39m[33mSMS_WINDOW_SECONDS[39m)[33m;[39m
   [90m 160 |[39m
   [90m 161 |[39m     [36mreturn[39m [36mtrue[39m[33m;[39m[0m

[1m[31mERROR[39m[22m in [1m./src/notifications/services/notification.service.ts:159:16[39m[22m
TS2339: Property 'redis' does not exist on type 'NotificationService'.
  [0m [90m 157 |[39m     [90m// Increment counter and set expiry[39m
   [90m 158 |[39m     [36mawait[39m [36mthis[39m[33m.[39mredis[33m.[39mincr(key)[33m;[39m
  [31m[1m>[22m[39m[90m 159 |[39m     [36mawait[39m [36mthis[39m[33m.[39mredis[33m.[39mexpire(key[33m,[39m [36mthis[39m[33m.[39m[33mSMS_WINDOW_SECONDS[39m)[33m;[39m
   [90m     |[39m                [31m[1m^[22m[39m[31m[1m^[22m[39m[31m[1m^[22m[39m[31m[1m^[22m[39m[31m[1m^[22m[39m
   [90m 160 |[39m
   [90m 161 |[39m     [36mreturn[39m [36mtrue[39m[33m;[39m
   [90m 162 |[39m   }[0m

[1m[31mERROR[39m[22m in [1m./src/notifications/services/notification.service.ts:159:39[39m[22m
TS2339: Property 'SMS_WINDOW_SECONDS' does not exist on type 'NotificationService'.
  [0m [90m 157 |[39m     [90m// Increment counter and set expiry[39m
   [90m 158 |[39m     [36mawait[39m [36mthis[39m[33m.[39mredis[33m.[39mincr(key)[33m;[39m
  [31m[1m>[22m[39m[90m 159 |[39m     [36mawait[39m [36mthis[39m[33m.[39mredis[33m.[39mexpire(key[33m,[39m [36mthis[39m[33m.[39m[33mSMS_WINDOW_SECONDS[39m)[33m;[39m
   [90m     |[39m                                       [31m[1m^[22m[39m[31m[1m^[22m[39m[31m[1m^[22m[39m[31m[1m^[22m[39m[31m[1m^[22m[39m[31m[1m^[22m[39m[31m[1m^[22m[39m[31m[1m^[22m[39m[31m[1m^[22m[39m[31m[1m^[22m[39m[31m[1m^[22m[39m[31m[1m^[22m[39m[31m[1m^[22m[39m[31m[1m^[22m[39m[31m[1m^[22m[39m[31m[1m^[22m[39m[31m[1m^[22m[39m[31m[1m^[22m[39m
   [90m 160 |[39m
   [90m 161 |[39m     [36mreturn[39m [36mtrue[39m[33m;[39m
   [90m 162 |[39m   }[0m

[1m[31mERROR[39m[22m in [1m./src/notifications/services/notification.service.ts:174:25[39m[22m
TS2339: Property 'PUSH_DEBOUNCE_KEY' does not exist on type 'NotificationService'.
  [0m [90m 172 |[39m     [90m// Use a default type if none provided[39m
   [90m 173 |[39m     [36mconst[39m type [33m=[39m notificationType [33m||[39m [32m'default'[39m[33m;[39m
  [31m[1m>[22m[39m[90m 174 |[39m     [36mconst[39m key [33m=[39m [32m`${this.PUSH_DEBOUNCE_KEY}${userId}:${type}`[39m[33m;[39m
   [90m     |[39m                         [31m[1m^[22m[39m[31m[1m^[22m[39m[31m[1m^[22m[39m[31m[1m^[22m[39m[31m[1m^[22m[39m[31m[1m^[22m[39m[31m[1m^[22m[39m[31m[1m^[22m[39m[31m[1m^[22m[39m[31m[1m^[22m[39m[31m[1m^[22m[39m[31m[1m^[22m[39m[31m[1m^[22m[39m[31m[1m^[22m[39m[31m[1m^[22m[39m[31m[1m^[22m[39m[31m[1m^[22m[39m
   [90m 175 |[39m
   [90m 176 |[39m     [36mconst[39m exists [33m=[39m [36mawait[39m [36mthis[39m[33m.[39mredis[33m.[39mexists(key)[33m;[39m
   [90m 177 |[39m     [36mif[39m (exists) {[0m

[1m[31mERROR[39m[22m in [1m./src/notifications/services/notification.service.ts:176:31[39m[22m
TS2339: Property 'redis' does not exist on type 'NotificationService'.
  [0m [90m 174 |[39m     [36mconst[39m key [33m=[39m [32m`${this.PUSH_DEBOUNCE_KEY}${userId}:${type}`[39m[33m;[39m
   [90m 175 |[39m
  [31m[1m>[22m[39m[90m 176 |[39m     [36mconst[39m exists [33m=[39m [36mawait[39m [36mthis[39m[33m.[39mredis[33m.[39mexists(key)[33m;[39m
   [90m     |[39m                               [31m[1m^[22m[39m[31m[1m^[22m[39m[31m[1m^[22m[39m[31m[1m^[22m[39m[31m[1m^[22m[39m
   [90m 177 |[39m     [36mif[39m (exists) {
   [90m 178 |[39m       [36mthis[39m[33m.[39mlogger[33m.[39mdebug(
   [90m 179 |[39m         [32m`Push notification debounced for user ${userId}, type: ${type}`[39m[33m,[39m[0m

[1m[31mERROR[39m[22m in [1m./src/notifications/services/notification.service.ts:185:16[39m[22m
TS2339: Property 'redis' does not exist on type 'NotificationService'.
  [0m [90m 183 |[39m
   [90m 184 |[39m     [90m// Set key with expiry to allow next notification after debounce period[39m
  [31m[1m>[22m[39m[90m 185 |[39m     [36mawait[39m [36mthis[39m[33m.[39mredis[33m.[39m[36mset[39m(key[33m,[39m [32m'1'[39m[33m,[39m [32m'EX'[39m[33m,[39m [36mthis[39m[33m.[39m[33mPUSH_DEBOUNCE_SECONDS[39m)[33m;[39m
   [90m     |[39m                [31m[1m^[22m[39m[31m[1m^[22m[39m[31m[1m^[22m[39m[31m[1m^[22m[39m[31m[1m^[22m[39m
   [90m 186 |[39m
   [90m 187 |[39m     [36mreturn[39m [36mtrue[39m[33m;[39m
   [90m 188 |[39m   }[0m

[1m[31mERROR[39m[22m in [1m./src/notifications/services/notification.service.ts:185:47[39m[22m
TS2339: Property 'PUSH_DEBOUNCE_SECONDS' does not exist on type 'NotificationService'.
  [0m [90m 183 |[39m
   [90m 184 |[39m     [90m// Set key with expiry to allow next notification after debounce period[39m
  [31m[1m>[22m[39m[90m 185 |[39m     [36mawait[39m [36mthis[39m[33m.[39mredis[33m.[39m[36mset[39m(key[33m,[39m [32m'1'[39m[33m,[39m [32m'EX'[39m[33m,[39m [36mthis[39m[33m.[39m[33mPUSH_DEBOUNCE_SECONDS[39m)[33m;[39m
   [90m     |[39m                                               [31m[1m^[22m[39m[31m[1m^[22m[39m[31m[1m^[22m[39m[31m[1m^[22m[39m[31m[1m^[22m[39m[31m[1m^[22m[39m[31m[1m^[22m[39m[31m[1m^[22m[39m[31m[1m^[22m[39m[31m[1m^[22m[39m[31m[1m^[22m[39m[31m[1m^[22m[39m[31m[1m^[22m[39m[31m[1m^[22m[39m[31m[1m^[22m[39m[31m[1m^[22m[39m[31m[1m^[22m[39m[31m[1m^[22m[39m[31m[1m^[22m[39m[31m[1m^[22m[39m[31m[1m^[22m[39m
   [90m 186 |[39m
   [90m 187 |[39m     [36mreturn[39m [36mtrue[39m[33m;[39m
   [90m 188 |[39m   }[0m

[1m[31mERROR[39m[22m in [1m./src/notifications/services/notification.service.ts:349:9[39m[22m
TS2554: Expected 3 arguments, but got 4.
  [0m [90m 347 |[39m         options[33m.[39memail[33m.[39mtemplate[33m,[39m
   [90m 348 |[39m         options[33m.[39memail[33m.[39mdata[33m,[39m
  [31m[1m>[22m[39m[90m 349 |[39m         options[33m.[39misCritical[33m,[39m
   [90m     |[39m         [31m[1m^[22m[39m[31m[1m^[22m[39m[31m[1m^[22m[39m[31m[1m^[22m[39m[31m[1m^[22m[39m[31m[1m^[22m[39m[31m[1m^[22m[39m[31m[1m^[22m[39m[31m[1m^[22m[39m[31m[1m^[22m[39m[31m[1m^[22m[39m[31m[1m^[22m[39m[31m[1m^[22m[39m[31m[1m^[22m[39m[31m[1m^[22m[39m[31m[1m^[22m[39m[31m[1m^[22m[39m[31m[1m^[22m[39m
   [90m 350 |[39m       )[33m;[39m
   [90m 351 |[39m     }
   [90m 352 |[39m[0m

[1m[31mERROR[39m[22m in [1m./src/notifications/services/notification.service.ts:366:9[39m[22m
TS2554: Expected 3 arguments, but got 5.
  [0m [90m 364 |[39m         options[33m.[39mpush[33m.[39mtitle[33m,[39m
   [90m 365 |[39m         options[33m.[39mpush[33m.[39mbody[33m,[39m
  [31m[1m>[22m[39m[90m 366 |[39m         options[33m.[39misCritical[33m,[39m
   [90m     |[39m         [31m[1m^[22m[39m[31m[1m^[22m[39m[31m[1m^[22m[39m[31m[1m^[22m[39m[31m[1m^[22m[39m[31m[1m^[22m[39m[31m[1m^[22m[39m[31m[1m^[22m[39m[31m[1m^[22m[39m[31m[1m^[22m[39m[31m[1m^[22m[39m[31m[1m^[22m[39m[31m[1m^[22m[39m[31m[1m^[22m[39m[31m[1m^[22m[39m[31m[1m^[22m[39m[31m[1m^[22m[39m[31m[1m^[22m[39m[31m[1m^[22m[39m
  [31m[1m>[22m[39m[90m 367 |[39m         options[33m.[39mpush[33m.[39mtype[33m,[39m
   [90m     |[39m [31m[1m^[22m[39m[31m[1m^[22m[39m[31m[1m^[22m[39m[31m[1m^[22m[39m[31m[1m^[22m[39m[31m[1m^[22m[39m[31m[1m^[22m[39m[31m[1m^[22m[39m[31m[1m^[22m[39m[31m[1m^[22m[39m[31m[1m^[22m[39m[31m[1m^[22m[39m[31m[1m^[22m[39m[31m[1m^[22m[39m[31m[1m^[22m[39m[31m[1m^[22m[39m[31m[1m^[22m[39m[31m[1m^[22m[39m[31m[1m^[22m[39m[31m[1m^[22m[39m[31m[1m^[22m[39m[31m[1m^[22m[39m[31m[1m^[22m[39m[31m[1m^[22m[39m[31m[1m^[22m[39m[31m[1m^[22m[39m
   [90m 368 |[39m       )[33m;[39m
   [90m 369 |[39m     }
   [90m 370 |[39m[0m

[1m[31mERROR[39m[22m in [1m./src/otp/otp.service.ts:111:28[39m[22m
TS2304: Cannot find name 'cooldownKey'.
  [0m [90m 109 |[39m
   [90m 110 |[39m     [90m// Set resend cooldown[39m
  [31m[1m>[22m[39m[90m 111 |[39m     [36mawait[39m [36mthis[39m[33m.[39mredis[33m.[39msetex(cooldownKey[33m,[39m [36mthis[39m[33m.[39m[33mRESEND_COOLDOWN[39m[33m,[39m [32m'1'[39m)[33m;[39m
   [90m     |[39m                            [31m[1m^[22m[39m[31m[1m^[22m[39m[31m[1m^[22m[39m[31m[1m^[22m[39m[31m[1m^[22m[39m[31m[1m^[22m[39m[31m[1m^[22m[39m[31m[1m^[22m[39m[31m[1m^[22m[39m[31m[1m^[22m[39m[31m[1m^[22m[39m
   [90m 112 |[39m
   [90m 113 |[39m     [36mconst[39m newCount [33m=[39m currentCount [33m+[39m [35m1[39m[33m;[39m
   [90m 114 |[39m     [36mconst[39m remainingAttempts [33m=[39m [36mthis[39m[33m.[39m[33mMAX_REQUESTS_PER_HOUR[39m [33m-[39m newCount[33m;[39m[0m

[1m[31mERROR[39m[22m in [1m./src/otp/payout-history-query.dto.ts:3:30[39m[22m
TS2307: Cannot find module '../enums/reward-status.enum' or its corresponding type declarations.
  [0m [90m 1 |[39m [36mimport[39m { [33mIsOptional[39m[33m,[39m [33mIsEnum[39m[33m,[39m [33mIsDateString[39m[33m,[39m [33mIsInt[39m[33m,[39m [33mMin[39m } [36mfrom[39m [32m'class-validator'[39m[33m;[39m
   [90m 2 |[39m [36mimport[39m { [33mType[39m } [36mfrom[39m [32m'class-transformer'[39m[33m;[39m
  [31m[1m>[22m[39m[90m 3 |[39m [36mimport[39m { [33mRewardStatus[39m } [36mfrom[39m [32m'../enums/reward-status.enum'[39m[33m;[39m
   [90m   |[39m                              [31m[1m^[22m[39m[31m[1m^[22m[39m[31m[1m^[22m[39m[31m[1m^[22m[39m[31m[1m^[22m[39m[31m[1m^[22m[39m[31m[1m^[22m[39m[31m[1m^[22m[39m[31m[1m^[22m[39m[31m[1m^[22m[39m[31m[1m^[22m[39m[31m[1m^[22m[39m[31m[1m^[22m[39m[31m[1m^[22m[39m[31m[1m^[22m[39m[31m[1m^[22m[39m[31m[1m^[22m[39m[31m[1m^[22m[39m[31m[1m^[22m[39m[31m[1m^[22m[39m[31m[1m^[22m[39m[31m[1m^[22m[39m[31m[1m^[22m[39m[31m[1m^[22m[39m[31m[1m^[22m[39m[31m[1m^[22m[39m[31m[1m^[22m[39m[31m[1m^[22m[39m[31m[1m^[22m[39m
   [90m 4 |[39m
   [90m 5 |[39m [36mexport[39m [36mclass[39m [33mPayoutHistoryQueryDto[39m {
   [90m 6 |[39m   [33m@[39m[33mIsOptional[39m()[0m

[1m[31mERROR[39m[22m in [1m./src/rewards/badges/badge.controller.ts:27:30[39m[22m
TS2339: Property 'getAllBadges' does not exist on type 'BadgeService'.
  [0m [90m 25 |[39m   [33m@[39m[33mApiResponse[39m({ status[33m:[39m [35m401[39m[33m,[39m description[33m:[39m [32m'Unauthorized'[39m })
   [90m 26 |[39m   [36masync[39m getAllBadges()[33m:[39m [33mPromise[39m[33m<[39m[33mBadgeListResponseDto[39m[33m>[39m {
  [31m[1m>[22m[39m[90m 27 |[39m     [36mreturn[39m [36mthis[39m[33m.[39mbadgeService[33m.[39mgetAllBadges()[33m;[39m
   [90m    |[39m                              [31m[1m^[22m[39m[31m[1m^[22m[39m[31m[1m^[22m[39m[31m[1m^[22m[39m[31m[1m^[22m[39m[31m[1m^[22m[39m[31m[1m^[22m[39m[31m[1m^[22m[39m[31m[1m^[22m[39m[31m[1m^[22m[39m[31m[1m^[22m[39m[31m[1m^[22m[39m
   [90m 28 |[39m   }
   [90m 29 |[39m
   [90m 30 |[39m   [33m@[39m[33mGet[39m([32m'user/:userId'[39m)[0m

[1m[31mERROR[39m[22m in [1m./src/rewards/badges/badge.controller.ts:49:5[39m[22m
TS2739: Type 'BadgeType[]' is missing the following properties from type 'UserBadgesResponseDto': userId, badges, totalBadges
  [0m [90m 47 |[39m   [33m@[39m[33mApiResponse[39m({ status[33m:[39m [35m404[39m[33m,[39m description[33m:[39m [32m'User not found'[39m })
   [90m 48 |[39m   [36masync[39m getUserBadges([33m@[39m[33mParam[39m([32m'userId'[39m) userId[33m:[39m string)[33m:[39m [33mPromise[39m[33m<[39m[33mUserBadgesResponseDto[39m[33m>[39m {
  [31m[1m>[22m[39m[90m 49 |[39m     [36mreturn[39m [36mthis[39m[33m.[39mbadgeService[33m.[39mgetUserBadges(userId)[33m;[39m
   [90m    |[39m     [31m[1m^[22m[39m[31m[1m^[22m[39m[31m[1m^[22m[39m[31m[1m^[22m[39m[31m[1m^[22m[39m[31m[1m^[22m[39m
   [90m 50 |[39m   }
   [90m 51 |[39m
   [90m 52 |[39m   [33m@[39m[33mGet[39m([32m'me'[39m)[0m

[1m[31mERROR[39m[22m in [1m./src/rewards/badges/badge.controller.ts:68:5[39m[22m
TS2739: Type 'BadgeType[]' is missing the following properties from type 'UserBadgesResponseDto': userId, badges, totalBadges
  [0m [90m 66 |[39m   )[33m:[39m [33mPromise[39m[33m<[39m[33mUserBadgesResponseDto[39m[33m>[39m {
   [90m 67 |[39m     [36mconst[39m userId [33m=[39m req[33m.[39muser[33m.[39msub [33m?[39m[33m?[39m req[33m.[39muser[33m.[39mid[33m;[39m
  [31m[1m>[22m[39m[90m 68 |[39m     [36mreturn[39m [36mthis[39m[33m.[39mbadgeService[33m.[39mgetUserBadges(userId)[33m;[39m
   [90m    |[39m     [31m[1m^[22m[39m[31m[1m^[22m[39m[31m[1m^[22m[39m[31m[1m^[22m[39m[31m[1m^[22m[39m[31m[1m^[22m[39m
   [90m 69 |[39m   }
   [90m 70 |[39m }
   [90m 71 |[39m[0m

[1m[31mERROR[39m[22m in [1m./src/rewards/badges/badge.module.ts:22:29[39m[22m
TS2339: Property 'initializeBadges' does not exist on type 'BadgeService'.
  [0m [90m 20 |[39m   [36masync[39m onModuleInit() {
   [90m 21 |[39m     [90m// Initialize default badges on module startup[39m
  [31m[1m>[22m[39m[90m 22 |[39m     [36mawait[39m [36mthis[39m[33m.[39mbadgeService[33m.[39minitializeBadges()[33m;[39m
   [90m    |[39m                             [31m[1m^[22m[39m[31m[1m^[22m[39m[31m[1m^[22m[39m[31m[1m^[22m[39m[31m[1m^[22m[39m[31m[1m^[22m[39m[31m[1m^[22m[39m[31m[1m^[22m[39m[31m[1m^[22m[39m[31m[1m^[22m[39m[31m[1m^[22m[39m[31m[1m^[22m[39m[31m[1m^[22m[39m[31m[1m^[22m[39m[31m[1m^[22m[39m[31m[1m^[22m[39m
   [90m 23 |[39m   }
   [90m 24 |[39m }
   [90m 25 |[39m[0m

[1m[31mERROR[39m[22m in [1m./src/rewards/badges/badge.service.ts:1:2[39m[22m
TS2304: Cannot find name 'feat'.
  [0m[31m[1m>[22m[39m[90m 1 |[39m  feat[33m/[39mall[33m-[39missues[33m-[39mghost
   [90m   |[39m  [31m[1m^[22m[39m[31m[1m^[22m[39m[31m[1m^[22m[39m[31m[1m^[22m[39m
   [90m 2 |[39m [36mimport[39m { [33mInjectable[39m[33m,[39m [33mLogger[39m } [36mfrom[39m [32m'@nestjs/common'[39m[33m;[39m
   [90m 3 |[39m [36mimport[39m { [33mBadgeType[39m } [36mfrom[39m [32m'./badge-type.enum'[39m[33m;[39m
   [90m 4 |[39m[0m

[1m[31mERROR[39m[22m in [1m./src/rewards/badges/badge.service.ts:1:7[39m[22m
TS2304: Cannot find name 'all'.
  [0m[31m[1m>[22m[39m[90m 1 |[39m  feat[33m/[39mall[33m-[39missues[33m-[39mghost
   [90m   |[39m       [31m[1m^[22m[39m[31m[1m^[22m[39m[31m[1m^[22m[39m
   [90m 2 |[39m [36mimport[39m { [33mInjectable[39m[33m,[39m [33mLogger[39m } [36mfrom[39m [32m'@nestjs/common'[39m[33m;[39m
   [90m 3 |[39m [36mimport[39m { [33mBadgeType[39m } [36mfrom[39m [32m'./badge-type.enum'[39m[33m;[39m
   [90m 4 |[39m[0m

[1m[31mERROR[39m[22m in [1m./src/rewards/badges/badge.service.ts:1:11[39m[22m
TS2304: Cannot find name 'issues'.
  [0m[31m[1m>[22m[39m[90m 1 |[39m  feat[33m/[39mall[33m-[39missues[33m-[39mghost
   [90m   |[39m           [31m[1m^[22m[39m[31m[1m^[22m[39m[31m[1m^[22m[39m[31m[1m^[22m[39m[31m[1m^[22m[39m[31m[1m^[22m[39m
   [90m 2 |[39m [36mimport[39m { [33mInjectable[39m[33m,[39m [33mLogger[39m } [36mfrom[39m [32m'@nestjs/common'[39m[33m;[39m
   [90m 3 |[39m [36mimport[39m { [33mBadgeType[39m } [36mfrom[39m [32m'./badge-type.enum'[39m[33m;[39m
   [90m 4 |[39m[0m

[1m[31mERROR[39m[22m in [1m./src/rewards/badges/badge.service.ts:1:18[39m[22m
TS2304: Cannot find name 'ghost'.
  [0m[31m[1m>[22m[39m[90m 1 |[39m  feat[33m/[39mall[33m-[39missues[33m-[39mghost
   [90m   |[39m                  [31m[1m^[22m[39m[31m[1m^[22m[39m[31m[1m^[22m[39m[31m[1m^[22m[39m[31m[1m^[22m[39m
   [90m 2 |[39m [36mimport[39m { [33mInjectable[39m[33m,[39m [33mLogger[39m } [36mfrom[39m [32m'@nestjs/common'[39m[33m;[39m
   [90m 3 |[39m [36mimport[39m { [33mBadgeType[39m } [36mfrom[39m [32m'./badge-type.enum'[39m[33m;[39m
   [90m 4 |[39m[0m

[1m[31mERROR[39m[22m in [1m./src/rewards/badges/badge.service.ts:65:34[39m[22m
TS2307: Cannot find module '@nestjs/typeorm' or its corresponding type declarations.
  [0m [90m 63 |[39m
   [90m 64 |[39m [36mimport[39m { [33mInjectable[39m } [36mfrom[39m [32m'@nestjs/common'[39m[33m;[39m
  [31m[1m>[22m[39m[90m 65 |[39m [36mimport[39m { [33mInjectRepository[39m } [36mfrom[39m [32m'@nestjs/typeorm'[39m[33m;[39m
   [90m    |[39m                                  [31m[1m^[22m[39m[31m[1m^[22m[39m[31m[1m^[22m[39m[31m[1m^[22m[39m[31m[1m^[22m[39m[31m[1m^[22m[39m[31m[1m^[22m[39m[31m[1m^[22m[39m[31m[1m^[22m[39m[31m[1m^[22m[39m[31m[1m^[22m[39m[31m[1m^[22m[39m[31m[1m^[22m[39m[31m[1m^[22m[39m[31m[1m^[22m[39m[31m[1m^[22m[39m[31m[1m^[22m[39m
   [90m 66 |[39m [36mimport[39m { [33mRepository[39m } [36mfrom[39m [32m'typeorm'[39m[33m;[39m
   [90m 67 |[39m [36mimport[39m { [33mBadge[39m[33m,[39m [33mBadgeType[39m } [36mfrom[39m [32m'../../database/entities/badge.entity'[39m[33m;[39m
   [90m 68 |[39m [36mimport[39m { [33mUserBadge[39m } [36mfrom[39m [32m'../../database/entities/user-badge.entity'[39m[33m;[39m[0m

[1m[31mERROR[39m[22m in [1m./src/rewards/badges/badge.service.ts:66:28[39m[22m
TS2307: Cannot find module 'typeorm' or its corresponding type declarations.
  [0m [90m 64 |[39m [36mimport[39m { [33mInjectable[39m } [36mfrom[39m [32m'@nestjs/common'[39m[33m;[39m
   [90m 65 |[39m [36mimport[39m { [33mInjectRepository[39m } [36mfrom[39m [32m'@nestjs/typeorm'[39m[33m;[39m
  [31m[1m>[22m[39m[90m 66 |[39m [36mimport[39m { [33mRepository[39m } [36mfrom[39m [32m'typeorm'[39m[33m;[39m
   [90m    |[39m                            [31m[1m^[22m[39m[31m[1m^[22m[39m[31m[1m^[22m[39m[31m[1m^[22m[39m[31m[1m^[22m[39m[31m[1m^[22m[39m[31m[1m^[22m[39m[31m[1m^[22m[39m[31m[1m^[22m[39m
   [90m 67 |[39m [36mimport[39m { [33mBadge[39m[33m,[39m [33mBadgeType[39m } [36mfrom[39m [32m'../../database/entities/badge.entity'[39m[33m;[39m
   [90m 68 |[39m [36mimport[39m { [33mUserBadge[39m } [36mfrom[39m [32m'../../database/entities/user-badge.entity'[39m[33m;[39m
   [90m 69 |[39m[0m

[1m[31mERROR[39m[22m in [1m./src/rewards/badges/badge.service.ts:67:34[39m[22m
TS2307: Cannot find module '../../database/entities/badge.entity' or its corresponding type declarations.
  [0m [90m 65 |[39m [36mimport[39m { [33mInjectRepository[39m } [36mfrom[39m [32m'@nestjs/typeorm'[39m[33m;[39m
   [90m 66 |[39m [36mimport[39m { [33mRepository[39m } [36mfrom[39m [32m'typeorm'[39m[33m;[39m
  [31m[1m>[22m[39m[90m 67 |[39m [36mimport[39m { [33mBadge[39m[33m,[39m [33mBadgeType[39m } [36mfrom[39m [32m'../../database/entities/badge.entity'[39m[33m;[39m
   [90m    |[39m                                  [31m[1m^[22m[39m[31m[1m^[22m[39m[31m[1m^[22m[39m[31m[1m^[22m[39m[31m[1m^[22m[39m[31m[1m^[22m[39m[31m[1m^[22m[39m[31m[1m^[22m[39m[31m[1m^[22m[39m[31m[1m^[22m[39m[31m[1m^[22m[39m[31m[1m^[22m[39m[31m[1m^[22m[39m[31m[1m^[22m[39m[31m[1m^[22m[39m[31m[1m^[22m[39m[31m[1m^[22m[39m[31m[1m^[22m[39m[31m[1m^[22m[39m[31m[1m^[22m[39m[31m[1m^[22m[39m[31m[1m^[22m[39m[31m[1m^[22m[39m[31m[1m^[22m[39m[31m[1m^[22m[39m[31m[1m^[22m[39m[31m[1m^[22m[39m[31m[1m^[22m[39m[31m[1m^[22m[39m[31m[1m^[22m[39m[31m[1m^[22m[39m[31m[1m^[22m[39m[31m[1m^[22m[39m[31m[1m^[22m[39m[31m[1m^[22m[39m[31m[1m^[22m[39m[31m[1m^[22m[39m[31m[1m^[22m[39m
   [90m 68 |[39m [36mimport[39m { [33mUserBadge[39m } [36mfrom[39m [32m'../../database/entities/user-badge.entity'[39m[33m;[39m
   [90m 69 |[39m
   [90m 70 |[39m [36mconst[39m [33mBADGE_DEFINITIONS[39m [33m=[39m [[0m

[1m[31mERROR[39m[22m in [1m./src/rewards/badges/badge.service.ts:68:27[39m[22m
TS2307: Cannot find module '../../database/entities/user-badge.entity' or its corresponding type declarations.
  [0m [90m 66 |[39m [36mimport[39m { [33mRepository[39m } [36mfrom[39m [32m'typeorm'[39m[33m;[39m
   [90m 67 |[39m [36mimport[39m { [33mBadge[39m[33m,[39m [33mBadgeType[39m } [36mfrom[39m [32m'../../database/entities/badge.entity'[39m[33m;[39m
  [31m[1m>[22m[39m[90m 68 |[39m [36mimport[39m { [33mUserBadge[39m } [36mfrom[39m [32m'../../database/entities/user-badge.entity'[39m[33m;[39m
   [90m    |[39m                           [31m[1m^[22m[39m[31m[1m^[22m[39m[31m[1m^[22m[39m[31m[1m^[22m[39m[31m[1m^[22m[39m[31m[1m^[22m[39m[31m[1m^[22m[39m[31m[1m^[22m[39m[31m[1m^[22m[39m[31m[1m^[22m[39m[31m[1m^[22m[39m[31m[1m^[22m[39m[31m[1m^[22m[39m[31m[1m^[22m[39m[31m[1m^[22m[39m[31m[1m^[22m[39m[31m[1m^[22m[39m[31m[1m^[22m[39m[31m[1m^[22m[39m[31m[1m^[22m[39m[31m[1m^[22m[39m[31m[1m^[22m[39m[31m[1m^[22m[39m[31m[1m^[22m[39m[31m[1m^[22m[39m[31m[1m^[22m[39m[31m[1m^[22m[39m[31m[1m^[22m[39m[31m[1m^[22m[39m[31m[1m^[22m[39m[31m[1m^[22m[39m[31m[1m^[22m[39m[31m[1m^[22m[39m[31m[1m^[22m[39m[31m[1m^[22m[39m[31m[1m^[22m[39m[31m[1m^[22m[39m[31m[1m^[22m[39m[31m[1m^[22m[39m[31m[1m^[22m[39m[31m[1m^[22m[39m[31m[1m^[22m[39m[31m[1m^[22m[39m
   [90m 69 |[39m
   [90m 70 |[39m [36mconst[39m [33mBADGE_DEFINITIONS[39m [33m=[39m [
   [90m 71 |[39m   { type[33m:[39m [33mBadgeType[39m[33m.[39m[33mFIRST_TASK[39m[33m,[39m name[33m:[39m [32m'First Step'[39m[33m,[39m description[33m:[39m [32m'Completed your first health task'[39m[33m,[39m iconUrl[33m:[39m [32m'/badges/first-task.svg'[39m }[33m,[39m[0m

[1m[31mERROR[39m[22m in [1m./src/rewards/badges/badge.service.ts:107:2[39m[22m
TS2304: Cannot find name 'main'.
  [0m [90m 105 |[39m     [36mif[39m (currentStreak [33m>=[39m [35m7[39m) [36mawait[39m [36mthis[39m[33m.[39mawardBadge(userId[33m,[39m [33mBadgeType[39m[33m.[39m[33mSTREAK_7[39m)[33m;[39m
   [90m 106 |[39m     [36mif[39m (currentStreak [33m>=[39m [35m30[39m) [36mawait[39m [36mthis[39m[33m.[39mawardBadge(userId[33m,[39m [33mBadgeType[39m[33m.[39m[33mSTREAK_30[39m)[33m;[39m
  [31m[1m>[22m[39m[90m 107 |[39m  main
   [90m     |[39m  [31m[1m^[22m[39m[31m[1m^[22m[39m[31m[1m^[22m[39m[31m[1m^[22m[39m
   [90m 108 |[39m   }
   [90m 109 |[39m }[0m

[1m[31mERROR[39m[22m in [1m./src/rewards/reward.controller.ts:4:30[39m[22m
TS2307: Cannot find module '../auth/guards/jwt-auth.guard' or its corresponding type declarations.
  [0m [90m 2 |[39m [36mimport[39m { [33mApiTags[39m[33m,[39m [33mApiOperation[39m[33m,[39m [33mApiResponse[39m[33m,[39m [33mApiBearerAuth[39m } [36mfrom[39m [32m'@nestjs/swagger'[39m[33m;[39m
   [90m 3 |[39m [36mimport[39m { [33mRewardService[39m } [36mfrom[39m [32m'./reward.service'[39m[33m;[39m
  [31m[1m>[22m[39m[90m 4 |[39m [36mimport[39m { [33mJwtAuthGuard[39m } [36mfrom[39m [32m'../auth/guards/jwt-auth.guard'[39m[33m;[39m
   [90m   |[39m                              [31m[1m^[22m[39m[31m[1m^[22m[39m[31m[1m^[22m[39m[31m[1m^[22m[39m[31m[1m^[22m[39m[31m[1m^[22m[39m[31m[1m^[22m[39m[31m[1m^[22m[39m[31m[1m^[22m[39m[31m[1m^[22m[39m[31m[1m^[22m[39m[31m[1m^[22m[39m[31m[1m^[22m[39m[31m[1m^[22m[39m[31m[1m^[22m[39m[31m[1m^[22m[39m[31m[1m^[22m[39m[31m[1m^[22m[39m[31m[1m^[22m[39m[31m[1m^[22m[39m[31m[1m^[22m[39m[31m[1m^[22m[39m[31m[1m^[22m[39m[31m[1m^[22m[39m[31m[1m^[22m[39m[31m[1m^[22m[39m[31m[1m^[22m[39m[31m[1m^[22m[39m[31m[1m^[22m[39m[31m[1m^[22m[39m[31m[1m^[22m[39m
   [90m 5 |[39m [36mimport[39m { [33mGetUser[39m } [36mfrom[39m [32m'../auth/decorators/get-user.decorator'[39m[33m;[39m
   [90m 6 |[39m [36mimport[39m { [33mPayoutHistoryQueryDto[39m } [36mfrom[39m [32m'./dto/payout-history-query.dto'[39m[33m;[39m
   [90m 7 |[39m[0m

[1m[31mERROR[39m[22m in [1m./src/rewards/reward.controller.ts:5:25[39m[22m
TS2307: Cannot find module '../auth/decorators/get-user.decorator' or its corresponding type declarations.
  [0m [90m 3 |[39m [36mimport[39m { [33mRewardService[39m } [36mfrom[39m [32m'./reward.service'[39m[33m;[39m
   [90m 4 |[39m [36mimport[39m { [33mJwtAuthGuard[39m } [36mfrom[39m [32m'../auth/guards/jwt-auth.guard'[39m[33m;[39m
  [31m[1m>[22m[39m[90m 5 |[39m [36mimport[39m { [33mGetUser[39m } [36mfrom[39m [32m'../auth/decorators/get-user.decorator'[39m[33m;[39m
   [90m   |[39m                         [31m[1m^[22m[39m[31m[1m^[22m[39m[31m[1m^[22m[39m[31m[1m^[22m[39m[31m[1m^[22m[39m[31m[1m^[22m[39m[31m[1m^[22m[39m[31m[1m^[22m[39m[31m[1m^[22m[39m[31m[1m^[22m[39m[31m[1m^[22m[39m[31m[1m^[22m[39m[31m[1m^[22m[39m[31m[1m^[22m[39m[31m[1m^[22m[39m[31m[1m^[22m[39m[31m[1m^[22m[39m[31m[1m^[22m[39m[31m[1m^[22m[39m[31m[1m^[22m[39m[31m[1m^[22m[39m[31m[1m^[22m[39m[31m[1m^[22m[39m[31m[1m^[22m[39m[31m[1m^[22m[39m[31m[1m^[22m[39m[31m[1m^[22m[39m[31m[1m^[22m[39m[31m[1m^[22m[39m[31m[1m^[22m[39m[31m[1m^[22m[39m[31m[1m^[22m[39m[31m[1m^[22m[39m[31m[1m^[22m[39m[31m[1m^[22m[39m[31m[1m^[22m[39m[31m[1m^[22m[39m[31m[1m^[22m[39m[31m[1m^[22m[39m
   [90m 6 |[39m [36mimport[39m { [33mPayoutHistoryQueryDto[39m } [36mfrom[39m [32m'./dto/payout-history-query.dto'[39m[33m;[39m
   [90m 7 |[39m
   [90m 8 |[39m [33m@[39m[33mApiTags[39m([32m'Rewards'[39m)[0m

[1m[31mERROR[39m[22m in [1m./src/rewards/reward.controller.ts:6:39[39m[22m
TS2307: Cannot find module './dto/payout-history-query.dto' or its corresponding type declarations.
  [0m [90m 4 |[39m [36mimport[39m { [33mJwtAuthGuard[39m } [36mfrom[39m [32m'../auth/guards/jwt-auth.guard'[39m[33m;[39m
   [90m 5 |[39m [36mimport[39m { [33mGetUser[39m } [36mfrom[39m [32m'../auth/decorators/get-user.decorator'[39m[33m;[39m
  [31m[1m>[22m[39m[90m 6 |[39m [36mimport[39m { [33mPayoutHistoryQueryDto[39m } [36mfrom[39m [32m'./dto/payout-history-query.dto'[39m[33m;[39m
   [90m   |[39m                                       [31m[1m^[22m[39m[31m[1m^[22m[39m[31m[1m^[22m[39m[31m[1m^[22m[39m[31m[1m^[22m[39m[31m[1m^[22m[39m[31m[1m^[22m[39m[31m[1m^[22m[39m[31m[1m^[22m[39m[31m[1m^[22m[39m[31m[1m^[22m[39m[31m[1m^[22m[39m[31m[1m^[22m[39m[31m[1m^[22m[39m[31m[1m^[22m[39m[31m[1m^[22m[39m[31m[1m^[22m[39m[31m[1m^[22m[39m[31m[1m^[22m[39m[31m[1m^[22m[39m[31m[1m^[22m[39m[31m[1m^[22m[39m[31m[1m^[22m[39m[31m[1m^[22m[39m[31m[1m^[22m[39m[31m[1m^[22m[39m[31m[1m^[22m[39m[31m[1m^[22m[39m[31m[1m^[22m[39m[31m[1m^[22m[39m[31m[1m^[22m[39m[31m[1m^[22m[39m
   [90m 7 |[39m
   [90m 8 |[39m [33m@[39m[33mApiTags[39m([32m'Rewards'[39m)
   [90m 9 |[39m [33m@[39m[33mApiBearerAuth[39m()[0m

[1m[31mERROR[39m[22m in [1m./src/rewards/reward.processor.ts:49:30[39m[22m
TS2339: Property 'processRewardJob' does not exist on type 'RewardService'.
  [0m [90m 47 |[39m     )[33m;[39m
   [90m 48 |[39m     [36mconst[39m { completionId[33m,[39m userId[33m,[39m xlmAmount } [33m=[39m job[33m.[39mdata[33m;[39m
  [31m[1m>[22m[39m[90m 49 |[39m     [36mawait[39m [36mthis[39m[33m.[39mrewardService[33m.[39mprocessRewardJob(completionId[33m,[39m userId[33m,[39m xlmAmount)[33m;[39m
   [90m    |[39m                              [31m[1m^[22m[39m[31m[1m^[22m[39m[31m[1m^[22m[39m[31m[1m^[22m[39m[31m[1m^[22m[39m[31m[1m^[22m[39m[31m[1m^[22m[39m[31m[1m^[22m[39m[31m[1m^[22m[39m[31m[1m^[22m[39m[31m[1m^[22m[39m[31m[1m^[22m[39m[31m[1m^[22m[39m[31m[1m^[22m[39m[31m[1m^[22m[39m[31m[1m^[22m[39m
   [90m 50 |[39m   }
   [90m 51 |[39m
   [90m 52 |[39m   [33m@[39m[33mOnQueueFailed[39m()[0m

[1m[31mERROR[39m[22m in [1m./src/rewards/reward.processor.ts:60:32[39m[22m
TS2339: Property 'handleRewardFailure' does not exist on type 'RewardService'.
  [0m [90m 58 |[39m     [90m// If we've reached max attempts limit, move to dead letter queue[39m
   [90m 59 |[39m     [36mif[39m (job[33m.[39mattemptsMade [33m>=[39m (job[33m.[39mopts[33m.[39mattempts [33m||[39m [35m3[39m)) {
  [31m[1m>[22m[39m[90m 60 |[39m       [36mawait[39m [36mthis[39m[33m.[39mrewardService[33m.[39mhandleRewardFailure(job[33m.[39mdata[33m.[39mcompletionId)[33m;[39m
   [90m    |[39m                                [31m[1m^[22m[39m[31m[1m^[22m[39m[31m[1m^[22m[39m[31m[1m^[22m[39m[31m[1m^[22m[39m[31m[1m^[22m[39m[31m[1m^[22m[39m[31m[1m^[22m[39m[31m[1m^[22m[39m[31m[1m^[22m[39m[31m[1m^[22m[39m[31m[1m^[22m[39m[31m[1m^[22m[39m[31m[1m^[22m[39m[31m[1m^[22m[39m[31m[1m^[22m[39m[31m[1m^[22m[39m[31m[1m^[22m[39m[31m[1m^[22m[39m
   [90m 61 |[39m
   [90m 62 |[39m       [90m// Add to dead letter queue for persistence and admin review[39m
   [90m 63 |[39m       [36mawait[39m [36mthis[39m[33m.[39mdlq[33m.[39madd([32m'process'[39m[33m,[39m {[0m

[1m[31mERROR[39m[22m in [1m./src/rewards/reward.service.ts:8:39[39m[22m
TS2307: Cannot find module './dto/payout-history-query.dto' or its corresponding type declarations.
  [0m [90m  6 |[39m [36mimport[39m { [33mRewardTransaction[39m } [36mfrom[39m [32m'./entities/reward-transaction.entity'[39m[33m;[39m
   [90m  7 |[39m [36mimport[39m { [33mRewardStatus[39m } [36mfrom[39m [32m'./enums/reward-status.enum'[39m[33m;[39m
  [31m[1m>[22m[39m[90m  8 |[39m [36mimport[39m { [33mPayoutHistoryQueryDto[39m } [36mfrom[39m [32m'./dto/payout-history-query.dto'[39m[33m;[39m
   [90m    |[39m                                       [31m[1m^[22m[39m[31m[1m^[22m[39m[31m[1m^[22m[39m[31m[1m^[22m[39m[31m[1m^[22m[39m[31m[1m^[22m[39m[31m[1m^[22m[39m[31m[1m^[22m[39m[31m[1m^[22m[39m[31m[1m^[22m[39m[31m[1m^[22m[39m[31m[1m^[22m[39m[31m[1m^[22m[39m[31m[1m^[22m[39m[31m[1m^[22m[39m[31m[1m^[22m[39m[31m[1m^[22m[39m[31m[1m^[22m[39m[31m[1m^[22m[39m[31m[1m^[22m[39m[31m[1m^[22m[39m[31m[1m^[22m[39m[31m[1m^[22m[39m[31m[1m^[22m[39m[31m[1m^[22m[39m[31m[1m^[22m[39m[31m[1m^[22m[39m[31m[1m^[22m[39m[31m[1m^[22m[39m[31m[1m^[22m[39m[31m[1m^[22m[39m[31m[1m^[22m[39m
   [90m  9 |[39m
   [90m 10 |[39m [33m@[39m[33mInjectable[39m()
   [90m 11 |[39m [36mexport[39m [36mclass[39m [33mRewardService[39m {[0m

[1m[31mERROR[39m[22m in [1m./src/rewards/reward.service.ts:65:38[39m[22m
TS2339: Property 'health_task' does not exist on type 'TaskCompletion'.
  [0m [90m 63 |[39m       [90m// Mask transaction hash if not successful to prevent confusion[39m
   [90m 64 |[39m       stellarTxHash[33m:[39m tx[33m.[39mstatus [33m===[39m [33mRewardStatus[39m[33m.[39m[33mSUCCESS[39m [33m?[39m tx[33m.[39mstellarTxHash [33m:[39m undefined[33m,[39m
  [31m[1m>[22m[39m[90m 65 |[39m       taskTitle[33m:[39m tx[33m.[39mtask_completion[33m?[39m[33m.[39mhealth_task[33m?[39m[33m.[39mtitle [33m||[39m [32m'Unknown Task'[39m[33m,[39m
   [90m    |[39m                                      [31m[1m^[22m[39m[31m[1m^[22m[39m[31m[1m^[22m[39m[31m[1m^[22m[39m[31m[1m^[22m[39m[31m[1m^[22m[39m[31m[1m^[22m[39m[31m[1m^[22m[39m[31m[1m^[22m[39m[31m[1m^[22m[39m[31m[1m^[22m[39m
   [90m 66 |[39m     }))[33m;[39m
   [90m 67 |[39m
   [90m 68 |[39m     [36mconst[39m result [33m=[39m {[0m

[1m[31mERROR[39m[22m in [1m./src/rewards/rewards.controller.ts:2:32[39m[22m
TS2307: Cannot find module './rewards.service' or its corresponding type declarations.
  [0m [90m 1 |[39m [36mimport[39m { [33mController[39m[33m,[39m [33mGet[39m[33m,[39m [33mQuery[39m[33m,[39m [33mUseGuards[39m[33m,[39m [33mReq[39m } [36mfrom[39m [32m'@nestjs/common'[39m[33m;[39m
  [31m[1m>[22m[39m[90m 2 |[39m [36mimport[39m { [33mRewardsService[39m } [36mfrom[39m [32m'./rewards.service'[39m[33m;[39m
   [90m   |[39m                                [31m[1m^[22m[39m[31m[1m^[22m[39m[31m[1m^[22m[39m[31m[1m^[22m[39m[31m[1m^[22m[39m[31m[1m^[22m[39m[31m[1m^[22m[39m[31m[1m^[22m[39m[31m[1m^[22m[39m[31m[1m^[22m[39m[31m[1m^[22m[39m[31m[1m^[22m[39m[31m[1m^[22m[39m[31m[1m^[22m[39m[31m[1m^[22m[39m[31m[1m^[22m[39m[31m[1m^[22m[39m[31m[1m^[22m[39m[31m[1m^[22m[39m
   [90m 3 |[39m [36mimport[39m { [33mJwtAuthGuard[39m } [36mfrom[39m [32m'@modules/auth/guards/jwt-auth.guard'[39m[33m;[39m
   [90m 4 |[39m [36mimport[39m { [33mGetPayoutHistoryDto[39m[33m,[39m [33mPaginatedPayoutHistoryDto[39m } [36mfrom[39m [32m'./dto/payout-history.dto'[39m[33m;[39m
   [90m 5 |[39m[0m

[1m[31mERROR[39m[22m in [1m./src/rewards/rewards.scheduler.ts:70:71[39m[22m
TS18046: 'error' is of type 'unknown'.
  [0m [90m 68 |[39m       } [36mcatch[39m (error) {
   [90m 69 |[39m         [36mthis[39m[33m.[39mlogger[33m.[39merror(
  [31m[1m>[22m[39m[90m 70 |[39m           [32m`[${trigger}] Failed resetting batch at offset ${offset}: ${error.message}`[39m[33m,[39m
   [90m    |[39m                                                                       [31m[1m^[22m[39m[31m[1m^[22m[39m[31m[1m^[22m[39m[31m[1m^[22m[39m[31m[1m^[22m[39m
   [90m 71 |[39m           error[33m.[39mstack[33m,[39m
   [90m 72 |[39m         )[33m;[39m
   [90m 73 |[39m[0m

[1m[31mERROR[39m[22m in [1m./src/rewards/rewards.scheduler.ts:71:11[39m[22m
TS18046: 'error' is of type 'unknown'.
  [0m [90m 69 |[39m         [36mthis[39m[33m.[39mlogger[33m.[39merror(
   [90m 70 |[39m           [32m`[${trigger}] Failed resetting batch at offset ${offset}: ${error.message}`[39m[33m,[39m
  [31m[1m>[22m[39m[90m 71 |[39m           error[33m.[39mstack[33m,[39m
   [90m    |[39m           [31m[1m^[22m[39m[31m[1m^[22m[39m[31m[1m^[22m[39m[31m[1m^[22m[39m[31m[1m^[22m[39m
   [90m 72 |[39m         )[33m;[39m
   [90m 73 |[39m
   [90m 74 |[39m         [36mfor[39m ([36mconst[39m userId [36mof[39m userIds) {[0m

[1m[31mERROR[39m[22m in [1m./src/rewards/rewards.scheduler.ts:84:82[39m[22m
TS18046: 'userError' is of type 'unknown'.
  [0m [90m 82 |[39m             failedCount [33m+=[39m [35m1[39m[33m;[39m
   [90m 83 |[39m             [36mthis[39m[33m.[39mlogger[33m.[39merror(
  [31m[1m>[22m[39m[90m 84 |[39m               [32m`[${trigger}] Failed resetting daily rewards for user ${userId}: ${userError.message}`[39m[33m,[39m
   [90m    |[39m                                                                                  [31m[1m^[22m[39m[31m[1m^[22m[39m[31m[1m^[22m[39m[31m[1m^[22m[39m[31m[1m^[22m[39m[31m[1m^[22m[39m[31m[1m^[22m[39m[31m[1m^[22m[39m[31m[1m^[22m[39m
   [90m 85 |[39m               userError[33m.[39mstack[33m,[39m
   [90m 86 |[39m             )[33m;[39m
   [90m 87 |[39m           }[0m

[1m[31mERROR[39m[22m in [1m./src/rewards/rewards.scheduler.ts:85:15[39m[22m
TS18046: 'userError' is of type 'unknown'.
  [0m [90m 83 |[39m             [36mthis[39m[33m.[39mlogger[33m.[39merror(
   [90m 84 |[39m               [32m`[${trigger}] Failed resetting daily rewards for user ${userId}: ${userError.message}`[39m[33m,[39m
  [31m[1m>[22m[39m[90m 85 |[39m               userError[33m.[39mstack[33m,[39m
   [90m    |[39m               [31m[1m^[22m[39m[31m[1m^[22m[39m[31m[1m^[22m[39m[31m[1m^[22m[39m[31m[1m^[22m[39m[31m[1m^[22m[39m[31m[1m^[22m[39m[31m[1m^[22m[39m[31m[1m^[22m[39m
   [90m 86 |[39m             )[33m;[39m
   [90m 87 |[39m           }
   [90m 88 |[39m         }[0m

[1m[31mERROR[39m[22m in [1m./src/shared/analytics/analytics.module.ts:10:10[39m[22m
TS2459: Module '"./task-analytics.service"' declares 'TaskAnalyticsService' locally, but it is not exported.
  [0m [90m  8 |[39m   [33mExternalAnalyticsProvider[39m[33m,[39m
   [90m  9 |[39m } [36mfrom[39m [32m'./analytics.service'[39m[33m;[39m
  [31m[1m>[22m[39m[90m 10 |[39m [36mimport[39m { [33mTaskAnalyticsService[39m } [36mfrom[39m [32m'./task-analytics.service'[39m[33m;[39m
   [90m    |[39m          [31m[1m^[22m[39m[31m[1m^[22m[39m[31m[1m^[22m[39m[31m[1m^[22m[39m[31m[1m^[22m[39m[31m[1m^[22m[39m[31m[1m^[22m[39m[31m[1m^[22m[39m[31m[1m^[22m[39m[31m[1m^[22m[39m[31m[1m^[22m[39m[31m[1m^[22m[39m[31m[1m^[22m[39m[31m[1m^[22m[39m[31m[1m^[22m[39m[31m[1m^[22m[39m[31m[1m^[22m[39m[31m[1m^[22m[39m[31m[1m^[22m[39m[31m[1m^[22m[39m
   [90m 11 |[39m [36mimport[39m { [33mTaskCompletion[39m } [36mfrom[39m [32m'../../tasks/entities/task-completion.entity'[39m[33m;[39m
   [90m 12 |[39m [36mimport[39m { [33mHealthTask[39m } [36mfrom[39m [32m'../../tasks/entities/health-task.entity'[39m[33m;[39m
   [90m 13 |[39m[0m

[1m[31mERROR[39m[22m in [1m./src/shared/analytics/analytics.service.ts:3:10[39m[22m
TS2300: Duplicate identifier 'Inject'.
  [0m [90m 1 |[39m [90m// src/shared/analytics/analytics.service.ts[39m
   [90m 2 |[39m
  [31m[1m>[22m[39m[90m 3 |[39m [36mimport[39m { [33mInject[39m[33m,[39m [33mInjectable[39m[33m,[39m [33mLogger[39m } [36mfrom[39m [32m'@nestjs/common'[39m[33m;[39m
   [90m   |[39m          [31m[1m^[22m[39m[31m[1m^[22m[39m[31m[1m^[22m[39m[31m[1m^[22m[39m[31m[1m^[22m[39m[31m[1m^[22m[39m
   [90m 4 |[39m
   [90m 5 |[39m [90m/**[39m
   [90m 6 |[39m [90m * Interface representing logged user interactions across the application platform.[39m[0m

[1m[31mERROR[39m[22m in [1m./src/shared/analytics/analytics.service.ts:3:18[39m[22m
TS2300: Duplicate identifier 'Injectable'.
  [0m [90m 1 |[39m [90m// src/shared/analytics/analytics.service.ts[39m
   [90m 2 |[39m
  [31m[1m>[22m[39m[90m 3 |[39m [36mimport[39m { [33mInject[39m[33m,[39m [33mInjectable[39m[33m,[39m [33mLogger[39m } [36mfrom[39m [32m'@nestjs/common'[39m[33m;[39m
   [90m   |[39m                  [31m[1m^[22m[39m[31m[1m^[22m[39m[31m[1m^[22m[39m[31m[1m^[22m[39m[31m[1m^[22m[39m[31m[1m^[22m[39m[31m[1m^[22m[39m[31m[1m^[22m[39m[31m[1m^[22m[39m[31m[1m^[22m[39m
   [90m 4 |[39m
   [90m 5 |[39m [90m/**[39m
   [90m 6 |[39m [90m * Interface representing logged user interactions across the application platform.[39m[0m

[1m[31mERROR[39m[22m in [1m./src/shared/analytics/analytics.service.ts:3:30[39m[22m
TS2300: Duplicate identifier 'Logger'.
  [0m [90m 1 |[39m [90m// src/shared/analytics/analytics.service.ts[39m
   [90m 2 |[39m
  [31m[1m>[22m[39m[90m 3 |[39m [36mimport[39m { [33mInject[39m[33m,[39m [33mInjectable[39m[33m,[39m [33mLogger[39m } [36mfrom[39m [32m'@nestjs/common'[39m[33m;[39m
   [90m   |[39m                              [31m[1m^[22m[39m[31m[1m^[22m[39m[31m[1m^[22m[39m[31m[1m^[22m[39m[31m[1m^[22m[39m[31m[1m^[22m[39m
   [90m 4 |[39m
   [90m 5 |[39m [90m/**[39m
   [90m 6 |[39m [90m * Interface representing logged user interactions across the application platform.[39m[0m

[1m[31mERROR[39m[22m in [1m./src/shared/analytics/analytics.service.ts:40:10[39m[22m
TS2300: Duplicate identifier 'Inject'.
  [0m [90m 38 |[39m }
   [90m 39 |[39m
  [31m[1m>[22m[39m[90m 40 |[39m [36mimport[39m { [33mInject[39m[33m,[39m [33mInjectable[39m[33m,[39m [33mLogger[39m } [36mfrom[39m [32m'@nestjs/common'[39m[33m;[39m
   [90m    |[39m          [31m[1m^[22m[39m[31m[1m^[22m[39m[31m[1m^[22m[39m[31m[1m^[22m[39m[31m[1m^[22m[39m[31m[1m^[22m[39m
   [90m 41 |[39m
   [90m 42 |[39m [36mexport[39m [36mconst[39m [33mANALYTICS_PROVIDERS[39m [33m=[39m [32m'ANALYTICS_PROVIDERS'[39m[33m;[39m
   [90m 43 |[39m[0m

[1m[31mERROR[39m[22m in [1m./src/shared/analytics/analytics.service.ts:40:18[39m[22m
TS2300: Duplicate identifier 'Injectable'.
  [0m [90m 38 |[39m }
   [90m 39 |[39m
  [31m[1m>[22m[39m[90m 40 |[39m [36mimport[39m { [33mInject[39m[33m,[39m [33mInjectable[39m[33m,[39m [33mLogger[39m } [36mfrom[39m [32m'@nestjs/common'[39m[33m;[39m
   [90m    |[39m                  [31m[1m^[22m[39m[31m[1m^[22m[39m[31m[1m^[22m[39m[31m[1m^[22m[39m[31m[1m^[22m[39m[31m[1m^[22m[39m[31m[1m^[22m[39m[31m[1m^[22m[39m[31m[1m^[22m[39m[31m[1m^[22m[39m
   [90m 41 |[39m
   [90m 42 |[39m [36mexport[39m [36mconst[39m [33mANALYTICS_PROVIDERS[39m [33m=[39m [32m'ANALYTICS_PROVIDERS'[39m[33m;[39m
   [90m 43 |[39m[0m

[1m[31mERROR[39m[22m in [1m./src/shared/analytics/analytics.service.ts:40:30[39m[22m
TS2300: Duplicate identifier 'Logger'.
  [0m [90m 38 |[39m }
   [90m 39 |[39m
  [31m[1m>[22m[39m[90m 40 |[39m [36mimport[39m { [33mInject[39m[33m,[39m [33mInjectable[39m[33m,[39m [33mLogger[39m } [36mfrom[39m [32m'@nestjs/common'[39m[33m;[39m
   [90m    |[39m                              [31m[1m^[22m[39m[31m[1m^[22m[39m[31m[1m^[22m[39m[31m[1m^[22m[39m[31m[1m^[22m[39m[31m[1m^[22m[39m
   [90m 41 |[39m
   [90m 42 |[39m [36mexport[39m [36mconst[39m [33mANALYTICS_PROVIDERS[39m [33m=[39m [32m'ANALYTICS_PROVIDERS'[39m[33m;[39m
   [90m 43 |[39m[0m

[1m[31mERROR[39m[22m in [1m./src/shared/analytics/analytics.service.ts:90:2[39m[22m
TS1240: Unable to resolve signature of property decorator when called as an expression.
  The runtime will invoke the decorator with 2 arguments, but the decorator expects 1.
  [0m [90m 88 |[39m   [36mprivate[39m systemMetricsLog[33m:[39m [33mSystemMetricPayload[39m[] [33m=[39m [][33m;[39m
   [90m 89 |[39m
  [31m[1m>[22m[39m[90m 90 |[39m [33m@[39m[33mInjectable[39m()
   [90m    |[39m  [31m[1m^[22m[39m[31m[1m^[22m[39m[31m[1m^[22m[39m[31m[1m^[22m[39m[31m[1m^[22m[39m[31m[1m^[22m[39m[31m[1m^[22m[39m[31m[1m^[22m[39m[31m[1m^[22m[39m[31m[1m^[22m[39m[31m[1m^[22m[39m[31m[1m^[22m[39m
   [90m 91 |[39m [36mexport[39m [36mclass[39m [33mAnalyticsService[39m {
   [90m 92 |[39m   constructor(
   [90m 93 |[39m     [33m@[39m[33mInject[39m([33mANALYTICS_PROVIDERS[39m)[0m

[1m[31mERROR[39m[22m in [1m./src/shared/analytics/analytics.service.ts:90:2[39m[22m
TS1271: Decorator function return type is 'void | Function' but is expected to be 'void' or 'any'.
  Type 'Function' is not assignable to type 'void'.
  [0m [90m 88 |[39m   [36mprivate[39m systemMetricsLog[33m:[39m [33mSystemMetricPayload[39m[] [33m=[39m [][33m;[39m
   [90m 89 |[39m
  [31m[1m>[22m[39m[90m 90 |[39m [33m@[39m[33mInjectable[39m()
   [90m    |[39m  [31m[1m^[22m[39m[31m[1m^[22m[39m[31m[1m^[22m[39m[31m[1m^[22m[39m[31m[1m^[22m[39m[31m[1m^[22m[39m[31m[1m^[22m[39m[31m[1m^[22m[39m[31m[1m^[22m[39m[31m[1m^[22m[39m[31m[1m^[22m[39m[31m[1m^[22m[39m
   [90m 91 |[39m [36mexport[39m [36mclass[39m [33mAnalyticsService[39m {
   [90m 92 |[39m   constructor(
   [90m 93 |[39m     [33m@[39m[33mInject[39m([33mANALYTICS_PROVIDERS[39m)[0m

[1m[31mERROR[39m[22m in [1m./src/shared/analytics/analytics.service.ts:92:3[39m[22m
TS2304: Cannot find name 'constructor'.
  [0m [90m 90 |[39m [33m@[39m[33mInjectable[39m()
   [90m 91 |[39m [36mexport[39m [36mclass[39m [33mAnalyticsService[39m {
  [31m[1m>[22m[39m[90m 92 |[39m   constructor(
   [90m    |[39m   [31m[1m^[22m[39m[31m[1m^[22m[39m[31m[1m^[22m[39m[31m[1m^[22m[39m[31m[1m^[22m[39m[31m[1m^[22m[39m[31m[1m^[22m[39m[31m[1m^[22m[39m[31m[1m^[22m[39m[31m[1m^[22m[39m[31m[1m^[22m[39m
   [90m 93 |[39m     [33m@[39m[33mInject[39m([33mANALYTICS_PROVIDERS[39m)
   [90m 94 |[39m     [36mprivate[39m readonly providers[33m:[39m [33mAnalyticsProvider[39m[][33m,[39m
   [90m 95 |[39m   ) {}[0m

[1m[31mERROR[39m[22m in [1m./src/shared/analytics/analytics.service.ts:94:22[39m[22m
TS2304: Cannot find name 'providers'.
  [0m [90m 92 |[39m   constructor(
   [90m 93 |[39m     [33m@[39m[33mInject[39m([33mANALYTICS_PROVIDERS[39m)
  [31m[1m>[22m[39m[90m 94 |[39m     [36mprivate[39m readonly providers[33m:[39m [33mAnalyticsProvider[39m[][33m,[39m
   [90m    |[39m                      [31m[1m^[22m[39m[31m[1m^[22m[39m[31m[1m^[22m[39m[31m[1m^[22m[39m[31m[1m^[22m[39m[31m[1m^[22m[39m[31m[1m^[22m[39m[31m[1m^[22m[39m[31m[1m^[22m[39m
   [90m 95 |[39m   ) {}
   [90m 96 |[39m
   [90m 97 |[39m   [90m/**[39m[0m

[1m[31mERROR[39m[22m in [1m./src/shared/analytics/analytics.service.ts:94:33[39m[22m
TS2693: 'AnalyticsProvider' only refers to a type, but is being used as a value here.
  [0m [90m 92 |[39m   constructor(
   [90m 93 |[39m     [33m@[39m[33mInject[39m([33mANALYTICS_PROVIDERS[39m)
  [31m[1m>[22m[39m[90m 94 |[39m     [36mprivate[39m readonly providers[33m:[39m [33mAnalyticsProvider[39m[][33m,[39m
   [90m    |[39m                                 [31m[1m^[22m[39m[31m[1m^[22m[39m[31m[1m^[22m[39m[31m[1m^[22m[39m[31m[1m^[22m[39m[31m[1m^[22m[39m[31m[1m^[22m[39m[31m[1m^[22m[39m[31m[1m^[22m[39m[31m[1m^[22m[39m[31m[1m^[22m[39m[31m[1m^[22m[39m[31m[1m^[22m[39m[31m[1m^[22m[39m[31m[1m^[22m[39m[31m[1m^[22m[39m[31m[1m^[22m[39m
   [90m 95 |[39m   ) {}
   [90m 96 |[39m
   [90m 97 |[39m   [90m/**[39m[0m

[1m[31mERROR[39m[22m in [1m./src/shared/analytics/analytics.service.ts:101:3[39m[22m
TS2304: Cannot find name 'async'.
  [0m [90m  99 |[39m [90m   * Provider failures are logged and swallowed so analytics never break business flows.[39m
   [90m 100 |[39m [90m   */[39m
  [31m[1m>[22m[39m[90m 101 |[39m   [36masync[39m trackEvent(eventName[33m:[39m string[33m,[39m payload[33m:[39m [33mRecord[39m[33m<[39m[33mstring[39m[33m,[39m unknown[33m>[39m [33m=[39m {})[33m:[39m [33mPromise[39m[33m<[39m[36mvoid[39m[33m>[39m {
   [90m     |[39m   [31m[1m^[22m[39m[31m[1m^[22m[39m[31m[1m^[22m[39m[31m[1m^[22m[39m[31m[1m^[22m[39m
   [90m 102 |[39m     [36mawait[39m [33mPromise[39m[33m.[39mall(
   [90m 103 |[39m       [36mthis[39m[33m.[39mproviders[33m.[39mmap((provider) [33m=>[39m
   [90m 104 |[39m         provider[33m.[39mtrackEvent(eventName[33m,[39m payload)[33m.[39m[36mcatch[39m((error) [33m=>[39m {[0m

[1m[31mERROR[39m[22m in [1m./src/shared/analytics/analytics.service.ts:101:9[39m[22m
TS2304: Cannot find name 'trackEvent'.
  [0m [90m  99 |[39m [90m   * Provider failures are logged and swallowed so analytics never break business flows.[39m
   [90m 100 |[39m [90m   */[39m
  [31m[1m>[22m[39m[90m 101 |[39m   [36masync[39m trackEvent(eventName[33m:[39m string[33m,[39m payload[33m:[39m [33mRecord[39m[33m<[39m[33mstring[39m[33m,[39m unknown[33m>[39m [33m=[39m {})[33m:[39m [33mPromise[39m[33m<[39m[36mvoid[39m[33m>[39m {
   [90m     |[39m         [31m[1m^[22m[39m[31m[1m^[22m[39m[31m[1m^[22m[39m[31m[1m^[22m[39m[31m[1m^[22m[39m[31m[1m^[22m[39m[31m[1m^[22m[39m[31m[1m^[22m[39m[31m[1m^[22m[39m[31m[1m^[22m[39m
   [90m 102 |[39m     [36mawait[39m [33mPromise[39m[33m.[39mall(
   [90m 103 |[39m       [36mthis[39m[33m.[39mproviders[33m.[39mmap((provider) [33m=>[39m
   [90m 104 |[39m         provider[33m.[39mtrackEvent(eventName[33m,[39m payload)[33m.[39m[36mcatch[39m((error) [33m=>[39m {[0m

[1m[31mERROR[39m[22m in [1m./src/shared/analytics/analytics.service.ts:101:20[39m[22m
TS2304: Cannot find name 'eventName'.
  [0m [90m  99 |[39m [90m   * Provider failures are logged and swallowed so analytics never break business flows.[39m
   [90m 100 |[39m [90m   */[39m
  [31m[1m>[22m[39m[90m 101 |[39m   [36masync[39m trackEvent(eventName[33m:[39m string[33m,[39m payload[33m:[39m [33mRecord[39m[33m<[39m[33mstring[39m[33m,[39m unknown[33m>[39m [33m=[39m {})[33m:[39m [33mPromise[39m[33m<[39m[36mvoid[39m[33m>[39m {
   [90m     |[39m                    [31m[1m^[22m[39m[31m[1m^[22m[39m[31m[1m^[22m[39m[31m[1m^[22m[39m[31m[1m^[22m[39m[31m[1m^[22m[39m[31m[1m^[22m[39m[31m[1m^[22m[39m[31m[1m^[22m[39m
   [90m 102 |[39m     [36mawait[39m [33mPromise[39m[33m.[39mall(
   [90m 103 |[39m       [36mthis[39m[33m.[39mproviders[33m.[39mmap((provider) [33m=>[39m
   [90m 104 |[39m         provider[33m.[39mtrackEvent(eventName[33m,[39m payload)[33m.[39m[36mcatch[39m((error) [33m=>[39m {[0m

[1m[31mERROR[39m[22m in [1m./src/shared/analytics/analytics.service.ts:101:31[39m[22m
TS2693: 'string' only refers to a type, but is being used as a value here.
  [0m [90m  99 |[39m [90m   * Provider failures are logged and swallowed so analytics never break business flows.[39m
   [90m 100 |[39m [90m   */[39m
  [31m[1m>[22m[39m[90m 101 |[39m   [36masync[39m trackEvent(eventName[33m:[39m string[33m,[39m payload[33m:[39m [33mRecord[39m[33m<[39m[33mstring[39m[33m,[39m unknown[33m>[39m [33m=[39m {})[33m:[39m [33mPromise[39m[33m<[39m[36mvoid[39m[33m>[39m {
   [90m     |[39m                               [31m[1m^[22m[39m[31m[1m^[22m[39m[31m[1m^[22m[39m[31m[1m^[22m[39m[31m[1m^[22m[39m[31m[1m^[22m[39m
   [90m 102 |[39m     [36mawait[39m [33mPromise[39m[33m.[39mall(
   [90m 103 |[39m       [36mthis[39m[33m.[39mproviders[33m.[39mmap((provider) [33m=>[39m
   [90m 104 |[39m         provider[33m.[39mtrackEvent(eventName[33m,[39m payload)[33m.[39m[36mcatch[39m((error) [33m=>[39m {[0m

[1m[31mERROR[39m[22m in [1m./src/shared/analytics/analytics.service.ts:101:39[39m[22m
TS2304: Cannot find name 'payload'.
  [0m [90m  99 |[39m [90m   * Provider failures are logged and swallowed so analytics never break business flows.[39m
   [90m 100 |[39m [90m   */[39m
  [31m[1m>[22m[39m[90m 101 |[39m   [36masync[39m trackEvent(eventName[33m:[39m string[33m,[39m payload[33m:[39m [33mRecord[39m[33m<[39m[33mstring[39m[33m,[39m unknown[33m>[39m [33m=[39m {})[33m:[39m [33mPromise[39m[33m<[39m[36mvoid[39m[33m>[39m {
   [90m     |[39m                                       [31m[1m^[22m[39m[31m[1m^[22m[39m[31m[1m^[22m[39m[31m[1m^[22m[39m[31m[1m^[22m[39m[31m[1m^[22m[39m[31m[1m^[22m[39m
   [90m 102 |[39m     [36mawait[39m [33mPromise[39m[33m.[39mall(
   [90m 103 |[39m       [36mthis[39m[33m.[39mproviders[33m.[39mmap((provider) [33m=>[39m
   [90m 104 |[39m         provider[33m.[39mtrackEvent(eventName[33m,[39m payload)[33m.[39m[36mcatch[39m((error) [33m=>[39m {[0m

[1m[31mERROR[39m[22m in [1m./src/shared/analytics/analytics.service.ts:101:48[39m[22m
TS2693: 'Record' only refers to a type, but is being used as a value here.
  [0m [90m  99 |[39m [90m   * Provider failures are logged and swallowed so analytics never break business flows.[39m
   [90m 100 |[39m [90m   */[39m
  [31m[1m>[22m[39m[90m 101 |[39m   [36masync[39m trackEvent(eventName[33m:[39m string[33m,[39m payload[33m:[39m [33mRecord[39m[33m<[39m[33mstring[39m[33m,[39m unknown[33m>[39m [33m=[39m {})[33m:[39m [33mPromise[39m[33m<[39m[36mvoid[39m[33m>[39m {
   [90m     |[39m                                                [31m[1m^[22m[39m[31m[1m^[22m[39m[31m[1m^[22m[39m[31m[1m^[22m[39m[31m[1m^[22m[39m[31m[1m^[22m[39m
   [90m 102 |[39m     [36mawait[39m [33mPromise[39m[33m.[39mall(
   [90m 103 |[39m       [36mthis[39m[33m.[39mproviders[33m.[39mmap((provider) [33m=>[39m
   [90m 104 |[39m         provider[33m.[39mtrackEvent(eventName[33m,[39m payload)[33m.[39m[36mcatch[39m((error) [33m=>[39m {[0m

[1m[31mERROR[39m[22m in [1m./src/shared/analytics/analytics.service.ts:101:48[39m[22m
TS2364: The left-hand side of an assignment expression must be a variable or a property access.
  [0m [90m  99 |[39m [90m   * Provider failures are logged and swallowed so analytics never break business flows.[39m
   [90m 100 |[39m [90m   */[39m
  [31m[1m>[22m[39m[90m 101 |[39m   [36masync[39m trackEvent(eventName[33m:[39m string[33m,[39m payload[33m:[39m [33mRecord[39m[33m<[39m[33mstring[39m[33m,[39m unknown[33m>[39m [33m=[39m {})[33m:[39m [33mPromise[39m[33m<[39m[36mvoid[39m[33m>[39m {
   [90m     |[39m                                                [31m[1m^[22m[39m[31m[1m^[22m[39m[31m[1m^[22m[39m[31m[1m^[22m[39m[31m[1m^[22m[39m[31m[1m^[22m[39m[31m[1m^[22m[39m[31m[1m^[22m[39m[31m[1m^[22m[39m[31m[1m^[22m[39m[31m[1m^[22m[39m[31m[1m^[22m[39m[31m[1m^[22m[39m[31m[1m^[22m[39m[31m[1m^[22m[39m[31m[1m^[22m[39m[31m[1m^[22m[39m[31m[1m^[22m[39m[31m[1m^[22m[39m[31m[1m^[22m[39m[31m[1m^[22m[39m[31m[1m^[22m[39m[31m[1m^[22m[39m
   [90m 102 |[39m     [36mawait[39m [33mPromise[39m[33m.[39mall(
   [90m 103 |[39m       [36mthis[39m[33m.[39mproviders[33m.[39mmap((provider) [33m=>[39m
   [90m 104 |[39m         provider[33m.[39mtrackEvent(eventName[33m,[39m payload)[33m.[39m[36mcatch[39m((error) [33m=>[39m {[0m

[1m[31mERROR[39m[22m in [1m./src/shared/analytics/analytics.service.ts:101:79[39m[22m
TS2365: Operator '>' cannot be applied to types 'boolean' and '{ await: any; Promise: PromiseConstructor; "": any; }'.
  [0m [90m  99 |[39m [90m   * Provider failures are logged and swallowed so analytics never break business flows.[39m
   [90m 100 |[39m [90m   */[39m
  [31m[1m>[22m[39m[90m 101 |[39m   [36masync[39m trackEvent(eventName[33m:[39m string[33m,[39m payload[33m:[39m [33mRecord[39m[33m<[39m[33mstring[39m[33m,[39m unknown[33m>[39m [33m=[39m {})[33m:[39m [33mPromise[39m[33m<[39m[36mvoid[39m[33m>[39m {
   [90m     |[39m                                                                               [31m[1m^[22m[39m[31m[1m^[22m[39m[31m[1m^[22m[39m[31m[1m^[22m[39m[31m[1m^[22m[39m[31m[1m^[22m[39m[31m[1m^[22m[39m[31m[1m^[22m[39m[31m[1m^[22m[39m[31m[1m^[22m[39m[31m[1m^[22m[39m[31m[1m^[22m[39m[31m[1m^[22m[39m[31m[1m^[22m[39m[31m[1m^[22m[39m
  [31m[1m>[22m[39m[90m 102 |[39m     [36mawait[39m [33mPromise[39m[33m.[39mall(
   [90m     |[39m [31m[1m^[22m[39m[31m[1m^[22m[39m[31m[1m^[22m[39m[31m[1m^[22m[39m[31m[1m^[22m[39m[31m[1m^[22m[39m[31m[1m^[22m[39m[31m[1m^[22m[39m[31m[1m^[22m[39m[31m[1m^[22m[39m[31m[1m^[22m[39m[31m[1m^[22m[39m[31m[1m^[22m[39m[31m[1m^[22m[39m[31m[1m^[22m[39m[31m[1m^[22m[39m[31m[1m^[22m[39m[31m[1m^[22m[39m[31m[1m^[22m[39m[31m[1m^[22m[39m[31m[1m^[22m[39m[31m[1m^[22m[39m
  [31m[1m>[22m[39m[90m 103 |[39m       [36mthis[39m[33m.[39mproviders[33m.[39mmap((provider) [33m=>[39m
   [90m     |[39m [31m[1m^[22m[39m[31m[1m^[22m[39m[31m[1m^[22m[39m[31m[1m^[22m[39m[31m[1m^[22m[39m[31m[1m^[22m[39m[31m[1m^[22m[39m[31m[1m^[22m[39m[31m[1m^[22m[39m[31m[1m^[22m[39m[31m[1m^[22m[39m[31m[1m^[22m[39m[31m[1m^[22m[39m[31m[1m^[22m[39m[31m[1m^[22m[39m[31m[1m^[22m[39m[31m[1m^[22m[39m[31m[1m^[22m[39m[31m[1m^[22m[39m[31m[1m^[22m[39m[31m[1m^[22m[39m[31m[1m^[22m[39m
  [31m[1m>[22m[39m[90m 104 |[39m         provider[33m.[39mtrackEvent(eventName[33m,[39m payload)[33m.[39m[36mcatch[39m((error) [33m=>[39m {
   [90m     |[39m [31m[1m^[22m[39m[31m[1m^[22m[39m[31m[1m^[22m[39m[31m[1m^[22m[39m[31m[1m^[22m[39m[31m[1m^[22m[39m[31m[1m^[22m[39m[31m[1m^[22m[39m[31m[1m^[22m[39m[31m[1m^[22m[39m[31m[1m^[22m[39m[31m[1m^[22m[39m[31m[1m^[22m[39m[31m[1m^[22m[39m[31m[1m^[22m[39m[31m[1m^[22m[39m[31m[1m^[22m[39m[31m[1m^[22m[39m[31m[1m^[22m[39m[31m[1m^[22m[39m[31m[1m^[22m[39m[31m[1m^[22m[39m
  [31m[1m>[22m[39m[90m 105 |[39m           console[33m.[39merror([32m`[AnalyticsService] provider failed to track ${eventName}`[39m[33m,[39m error)[33m;[39m
   [90m     |[39m [31m[1m^[22m[39m[31m[1m^[22m[39m[31m[1m^[22m[39m[31m[1m^[22m[39m[31m[1m^[22m[39m[31m[1m^[22m[39m[31m[1m^[22m[39m[31m[1m^[22m[39m[31m[1m^[22m[39m[31m[1m^[22m[39m[31m[1m^[22m[39m[31m[1m^[22m[39m[31m[1m^[22m[39m[31m[1m^[22m[39m[31m[1m^[22m[39m[31m[1m^[22m[39m[31m[1m^[22m[39m[31m[1m^[22m[39m[31m[1m^[22m[39m[31m[1m^[22m[39m[31m[1m^[22m[39m[31m[1m^[22m[39m
  [31m[1m>[22m[39m[90m 106 |[39m         })[33m,[39m
   [90m     |[39m [31m[1m^[22m[39m[31m[1m^[22m[39m[31m[1m^[22m[39m[31m[1m^[22m[39m[31m[1m^[22m[39m[31m[1m^[22m[39m[31m[1m^[22m[39m[31m[1m^[22m[39m[31m[1m^[22m[39m[31m[1m^[22m[39m[31m[1m^[22m[39m[31m[1m^[22m[39m[31m[1m^[22m[39m[31m[1m^[22m[39m[31m[1m^[22m[39m[31m[1m^[22m[39m[31m[1m^[22m[39m[31m[1m^[22m[39m[31m[1m^[22m[39m[31m[1m^[22m[39m[31m[1m^[22m[39m[31m[1m^[22m[39m
  [31m[1m>[22m[39m[90m 107 |[39m       )[33m,[39m
   [90m     |[39m [31m[1m^[22m[39m[31m[1m^[22m[39m[31m[1m^[22m[39m[31m[1m^[22m[39m[31m[1m^[22m[39m[31m[1m^[22m[39m[31m[1m^[22m[39m[31m[1m^[22m[39m[31m[1m^[22m[39m[31m[1m^[22m[39m[31m[1m^[22m[39m[31m[1m^[22m[39m[31m[1m^[22m[39m[31m[1m^[22m[39m[31m[1m^[22m[39m[31m[1m^[22m[39m[31m[1m^[22m[39m[31m[1m^[22m[39m[31m[1m^[22m[39m[31m[1m^[22m[39m[31m[1m^[22m[39m[31m[1m^[22m[39m
  [31m[1m>[22m[39m[90m 108 |[39m     )[33m;[39m
   [90m     |[39m [31m[1m^[22m[39m[31m[1m^[22m[39m[31m[1m^[22m[39m[31m[1m^[22m[39m[31m[1m^[22m[39m[31m[1m^[22m[39m[31m[1m^[22m[39m[31m[1m^[22m[39m[31m[1m^[22m[39m[31m[1m^[22m[39m[31m[1m^[22m[39m[31m[1m^[22m[39m[31m[1m^[22m[39m[31m[1m^[22m[39m[31m[1m^[22m[39m[31m[1m^[22m[39m[31m[1m^[22m[39m[31m[1m^[22m[39m[31m[1m^[22m[39m[31m[1m^[22m[39m[31m[1m^[22m[39m[31m[1m^[22m[39m
  [31m[1m>[22m[39m[90m 109 |[39m   }
   [90m     |[39m [31m[1m^[22m[39m[31m[1m^[22m[39m[31m[1m^[22m[39m[31m[1m^[22m[39m
   [90m 110 |[39m
   [90m 111 |[39m   [90m/**[39m
   [90m 112 |[39m [90m   * Requirement: Track user actions[39m[0m

[1m[31mERROR[39m[22m in [1m./src/shared/analytics/analytics.service.ts:101:87[39m[22m
TS2532: Object is possibly 'undefined'.
  [0m [90m  99 |[39m [90m   * Provider failures are logged and swallowed so analytics never break business flows.[39m
   [90m 100 |[39m [90m   */[39m
  [31m[1m>[22m[39m[90m 101 |[39m   [36masync[39m trackEvent(eventName[33m:[39m string[33m,[39m payload[33m:[39m [33mRecord[39m[33m<[39m[33mstring[39m[33m,[39m unknown[33m>[39m [33m=[39m {})[33m:[39m [33mPromise[39m[33m<[39m[36mvoid[39m[33m>[39m {
   [90m     |[39m                                                                                       [31m[1m^[22m[39m[31m[1m^[22m[39m[31m[1m^[22m[39m[31m[1m^[22m[39m
   [90m 102 |[39m     [36mawait[39m [33mPromise[39m[33m.[39mall(
   [90m 103 |[39m       [36mthis[39m[33m.[39mproviders[33m.[39mmap((provider) [33m=>[39m
   [90m 104 |[39m         provider[33m.[39mtrackEvent(eventName[33m,[39m payload)[33m.[39m[36mcatch[39m((error) [33m=>[39m {[0m

[1m[31mERROR[39m[22m in [1m./src/shared/analytics/analytics.service.ts:102:5[39m[22m
TS18004: No value exists in scope for the shorthand property 'await'. Either declare one or provide an initializer.
  [0m [90m 100 |[39m [90m   */[39m
   [90m 101 |[39m   [36masync[39m trackEvent(eventName[33m:[39m string[33m,[39m payload[33m:[39m [33mRecord[39m[33m<[39m[33mstring[39m[33m,[39m unknown[33m>[39m [33m=[39m {})[33m:[39m [33mPromise[39m[33m<[39m[36mvoid[39m[33m>[39m {
  [31m[1m>[22m[39m[90m 102 |[39m     [36mawait[39m [33mPromise[39m[33m.[39mall(
   [90m     |[39m     [31m[1m^[22m[39m[31m[1m^[22m[39m[31m[1m^[22m[39m[31m[1m^[22m[39m[31m[1m^[22m[39m
   [90m 103 |[39m       [36mthis[39m[33m.[39mproviders[33m.[39mmap((provider) [33m=>[39m
   [90m 104 |[39m         provider[33m.[39mtrackEvent(eventName[33m,[39m payload)[33m.[39m[36mcatch[39m((error) [33m=>[39m {
   [90m 105 |[39m           console[33m.[39merror([32m`[AnalyticsService] provider failed to track ${eventName}`[39m[33m,[39m error)[33m;[39m[0m

[1m[31mERROR[39m[22m in [1m./src/shared/analytics/analytics.service.ts:103:7[39m[22m
TS2532: Object is possibly 'undefined'.
  [0m [90m 101 |[39m   [36masync[39m trackEvent(eventName[33m:[39m string[33m,[39m payload[33m:[39m [33mRecord[39m[33m<[39m[33mstring[39m[33m,[39m unknown[33m>[39m [33m=[39m {})[33m:[39m [33mPromise[39m[33m<[39m[36mvoid[39m[33m>[39m {
   [90m 102 |[39m     [36mawait[39m [33mPromise[39m[33m.[39mall(
  [31m[1m>[22m[39m[90m 103 |[39m       [36mthis[39m[33m.[39mproviders[33m.[39mmap((provider) [33m=>[39m
   [90m     |[39m       [31m[1m^[22m[39m[31m[1m^[22m[39m[31m[1m^[22m[39m[31m[1m^[22m[39m
   [90m 104 |[39m         provider[33m.[39mtrackEvent(eventName[33m,[39m payload)[33m.[39m[36mcatch[39m((error) [33m=>[39m {
   [90m 105 |[39m           console[33m.[39merror([32m`[AnalyticsService] provider failed to track ${eventName}`[39m[33m,[39m error)[33m;[39m
   [90m 106 |[39m         })[33m,[39m[0m

[1m[31mERROR[39m[22m in [1m./src/shared/analytics/analytics.service.ts:104:29[39m[22m
TS2304: Cannot find name 'eventName'.
  [0m [90m 102 |[39m     [36mawait[39m [33mPromise[39m[33m.[39mall(
   [90m 103 |[39m       [36mthis[39m[33m.[39mproviders[33m.[39mmap((provider) [33m=>[39m
  [31m[1m>[22m[39m[90m 104 |[39m         provider[33m.[39mtrackEvent(eventName[33m,[39m payload)[33m.[39m[36mcatch[39m((error) [33m=>[39m {
   [90m     |[39m                             [31m[1m^[22m[39m[31m[1m^[22m[39m[31m[1m^[22m[39m[31m[1m^[22m[39m[31m[1m^[22m[39m[31m[1m^[22m[39m[31m[1m^[22m[39m[31m[1m^[22m[39m[31m[1m^[22m[39m
   [90m 105 |[39m           console[33m.[39merror([32m`[AnalyticsService] provider failed to track ${eventName}`[39m[33m,[39m error)[33m;[39m
   [90m 106 |[39m         })[33m,[39m
   [90m 107 |[39m       )[33m,[39m[0m

[1m[31mERROR[39m[22m in [1m./src/shared/analytics/analytics.service.ts:104:40[39m[22m
TS2304: Cannot find name 'payload'.
  [0m [90m 102 |[39m     [36mawait[39m [33mPromise[39m[33m.[39mall(
   [90m 103 |[39m       [36mthis[39m[33m.[39mproviders[33m.[39mmap((provider) [33m=>[39m
  [31m[1m>[22m[39m[90m 104 |[39m         provider[33m.[39mtrackEvent(eventName[33m,[39m payload)[33m.[39m[36mcatch[39m((error) [33m=>[39m {
   [90m     |[39m                                        [31m[1m^[22m[39m[31m[1m^[22m[39m[31m[1m^[22m[39m[31m[1m^[22m[39m[31m[1m^[22m[39m[31m[1m^[22m[39m[31m[1m^[22m[39m
   [90m 105 |[39m           console[33m.[39merror([32m`[AnalyticsService] provider failed to track ${eventName}`[39m[33m,[39m error)[33m;[39m
   [90m 106 |[39m         })[33m,[39m
   [90m 107 |[39m       )[33m,[39m[0m

[1m[31mERROR[39m[22m in [1m./src/shared/analytics/analytics.service.ts:105:72[39m[22m
TS2304: Cannot find name 'eventName'.
  [0m [90m 103 |[39m       [36mthis[39m[33m.[39mproviders[33m.[39mmap((provider) [33m=>[39m
   [90m 104 |[39m         provider[33m.[39mtrackEvent(eventName[33m,[39m payload)[33m.[39m[36mcatch[39m((error) [33m=>[39m {
  [31m[1m>[22m[39m[90m 105 |[39m           console[33m.[39merror([32m`[AnalyticsService] provider failed to track ${eventName}`[39m[33m,[39m error)[33m;[39m
   [90m     |[39m                                                                        [31m[1m^[22m[39m[31m[1m^[22m[39m[31m[1m^[22m[39m[31m[1m^[22m[39m[31m[1m^[22m[39m[31m[1m^[22m[39m[31m[1m^[22m[39m[31m[1m^[22m[39m[31m[1m^[22m[39m
   [90m 106 |[39m         })[33m,[39m
   [90m 107 |[39m       )[33m,[39m
   [90m 108 |[39m     )[33m;[39m[0m

[1m[31mERROR[39m[22m in [1m./src/shared/analytics/analytics.service.ts:115:10[39m[22m
TS2304: Cannot find name 'trackUserAction'.
  [0m [90m 113 |[39m [90m   * Acceptance Criteria: Analytics tracked[39m
   [90m 114 |[39m [90m   */[39m
  [31m[1m>[22m[39m[90m 115 |[39m   [36mpublic[39m trackUserAction(userId[33m:[39m string[33m,[39m action[33m:[39m string[33m,[39m metadata[33m?[39m[33m:[39m [33mRecord[39m[33m<[39m[33mstring[39m[33m,[39m any[33m>[39m)[33m:[39m [36mvoid[39m {
   [90m     |[39m          [31m[1m^[22m[39m[31m[1m^[22m[39m[31m[1m^[22m[39m[31m[1m^[22m[39m[31m[1m^[22m[39m[31m[1m^[22m[39m[31m[1m^[22m[39m[31m[1m^[22m[39m[31m[1m^[22m[39m[31m[1m^[22m[39m[31m[1m^[22m[39m[31m[1m^[22m[39m[31m[1m^[22m[39m[31m[1m^[22m[39m[31m[1m^[22m[39m
   [90m 116 |[39m     [36mthis[39m[33m.[39muserActionsLog[33m.[39mpush({
   [90m 117 |[39m       userId[33m,[39m
   [90m 118 |[39m       action[33m,[39m[0m

[1m[31mERROR[39m[22m in [1m./src/shared/analytics/analytics.service.ts:115:26[39m[22m
TS2304: Cannot find name 'userId'.
  [0m [90m 113 |[39m [90m   * Acceptance Criteria: Analytics tracked[39m
   [90m 114 |[39m [90m   */[39m
  [31m[1m>[22m[39m[90m 115 |[39m   [36mpublic[39m trackUserAction(userId[33m:[39m string[33m,[39m action[33m:[39m string[33m,[39m metadata[33m?[39m[33m:[39m [33mRecord[39m[33m<[39m[33mstring[39m[33m,[39m any[33m>[39m)[33m:[39m [36mvoid[39m {
   [90m     |[39m                          [31m[1m^[22m[39m[31m[1m^[22m[39m[31m[1m^[22m[39m[31m[1m^[22m[39m[31m[1m^[22m[39m[31m[1m^[22m[39m
   [90m 116 |[39m     [36mthis[39m[33m.[39muserActionsLog[33m.[39mpush({
   [90m 117 |[39m       userId[33m,[39m
   [90m 118 |[39m       action[33m,[39m[0m

[1m[31mERROR[39m[22m in [1m./src/shared/analytics/analytics.service.ts:115:34[39m[22m
TS2693: 'string' only refers to a type, but is being used as a value here.
  [0m [90m 113 |[39m [90m   * Acceptance Criteria: Analytics tracked[39m
   [90m 114 |[39m [90m   */[39m
  [31m[1m>[22m[39m[90m 115 |[39m   [36mpublic[39m trackUserAction(userId[33m:[39m string[33m,[39m action[33m:[39m string[33m,[39m metadata[33m?[39m[33m:[39m [33mRecord[39m[33m<[39m[33mstring[39m[33m,[39m any[33m>[39m)[33m:[39m [36mvoid[39m {
   [90m     |[39m                                  [31m[1m^[22m[39m[31m[1m^[22m[39m[31m[1m^[22m[39m[31m[1m^[22m[39m[31m[1m^[22m[39m[31m[1m^[22m[39m
   [90m 116 |[39m     [36mthis[39m[33m.[39muserActionsLog[33m.[39mpush({
   [90m 117 |[39m       userId[33m,[39m
   [90m 118 |[39m       action[33m,[39m[0m

[1m[31mERROR[39m[22m in [1m./src/shared/analytics/analytics.service.ts:115:42[39m[22m
TS2304: Cannot find name 'action'.
  [0m [90m 113 |[39m [90m   * Acceptance Criteria: Analytics tracked[39m
   [90m 114 |[39m [90m   */[39m
  [31m[1m>[22m[39m[90m 115 |[39m   [36mpublic[39m trackUserAction(userId[33m:[39m string[33m,[39m action[33m:[39m string[33m,[39m metadata[33m?[39m[33m:[39m [33mRecord[39m[33m<[39m[33mstring[39m[33m,[39m any[33m>[39m)[33m:[39m [36mvoid[39m {
   [90m     |[39m                                          [31m[1m^[22m[39m[31m[1m^[22m[39m[31m[1m^[22m[39m[31m[1m^[22m[39m[31m[1m^[22m[39m[31m[1m^[22m[39m
   [90m 116 |[39m     [36mthis[39m[33m.[39muserActionsLog[33m.[39mpush({
   [90m 117 |[39m       userId[33m,[39m
   [90m 118 |[39m       action[33m,[39m[0m

[1m[31mERROR[39m[22m in [1m./src/shared/analytics/analytics.service.ts:115:50[39m[22m
TS2693: 'string' only refers to a type, but is being used as a value here.
  [0m [90m 113 |[39m [90m   * Acceptance Criteria: Analytics tracked[39m
   [90m 114 |[39m [90m   */[39m
  [31m[1m>[22m[39m[90m 115 |[39m   [36mpublic[39m trackUserAction(userId[33m:[39m string[33m,[39m action[33m:[39m string[33m,[39m metadata[33m?[39m[33m:[39m [33mRecord[39m[33m<[39m[33mstring[39m[33m,[39m any[33m>[39m)[33m:[39m [36mvoid[39m {
   [90m     |[39m                                                  [31m[1m^[22m[39m[31m[1m^[22m[39m[31m[1m^[22m[39m[31m[1m^[22m[39m[31m[1m^[22m[39m[31m[1m^[22m[39m
   [90m 116 |[39m     [36mthis[39m[33m.[39muserActionsLog[33m.[39mpush({
   [90m 117 |[39m       userId[33m,[39m
   [90m 118 |[39m       action[33m,[39m[0m

[1m[31mERROR[39m[22m in [1m./src/shared/analytics/analytics.service.ts:115:58[39m[22m
TS2304: Cannot find name 'metadata'.
  [0m [90m 113 |[39m [90m   * Acceptance Criteria: Analytics tracked[39m
   [90m 114 |[39m [90m   */[39m
  [31m[1m>[22m[39m[90m 115 |[39m   [36mpublic[39m trackUserAction(userId[33m:[39m string[33m,[39m action[33m:[39m string[33m,[39m metadata[33m?[39m[33m:[39m [33mRecord[39m[33m<[39m[33mstring[39m[33m,[39m any[33m>[39m)[33m:[39m [36mvoid[39m {
   [90m     |[39m                                                          [31m[1m^[22m[39m[31m[1m^[22m[39m[31m[1m^[22m[39m[31m[1m^[22m[39m[31m[1m^[22m[39m[31m[1m^[22m[39m[31m[1m^[22m[39m[31m[1m^[22m[39m
   [90m 116 |[39m     [36mthis[39m[33m.[39muserActionsLog[33m.[39mpush({
   [90m 117 |[39m       userId[33m,[39m
   [90m 118 |[39m       action[33m,[39m[0m

[1m[31mERROR[39m[22m in [1m./src/shared/analytics/analytics.service.ts:115:69[39m[22m
TS2693: 'Record' only refers to a type, but is being used as a value here.
  [0m [90m 113 |[39m [90m   * Acceptance Criteria: Analytics tracked[39m
   [90m 114 |[39m [90m   */[39m
  [31m[1m>[22m[39m[90m 115 |[39m   [36mpublic[39m trackUserAction(userId[33m:[39m string[33m,[39m action[33m:[39m string[33m,[39m metadata[33m?[39m[33m:[39m [33mRecord[39m[33m<[39m[33mstring[39m[33m,[39m any[33m>[39m)[33m:[39m [36mvoid[39m {
   [90m     |[39m                                                                     [31m[1m^[22m[39m[31m[1m^[22m[39m[31m[1m^[22m[39m[31m[1m^[22m[39m[31m[1m^[22m[39m[31m[1m^[22m[39m
   [90m 116 |[39m     [36mthis[39m[33m.[39muserActionsLog[33m.[39mpush({
   [90m 117 |[39m       userId[33m,[39m
   [90m 118 |[39m       action[33m,[39m[0m

[1m[31mERROR[39m[22m in [1m./src/shared/analytics/analytics.service.ts:117:7[39m[22m
TS18004: No value exists in scope for the shorthand property 'userId'. Either declare one or provide an initializer.
  [0m [90m 115 |[39m   [36mpublic[39m trackUserAction(userId[33m:[39m string[33m,[39m action[33m:[39m string[33m,[39m metadata[33m?[39m[33m:[39m [33mRecord[39m[33m<[39m[33mstring[39m[33m,[39m any[33m>[39m)[33m:[39m [36mvoid[39m {
   [90m 116 |[39m     [36mthis[39m[33m.[39muserActionsLog[33m.[39mpush({
  [31m[1m>[22m[39m[90m 117 |[39m       userId[33m,[39m
   [90m     |[39m       [31m[1m^[22m[39m[31m[1m^[22m[39m[31m[1m^[22m[39m[31m[1m^[22m[39m[31m[1m^[22m[39m[31m[1m^[22m[39m
   [90m 118 |[39m       action[33m,[39m
   [90m 119 |[39m       timestamp[33m:[39m [36mnew[39m [33mDate[39m()[33m,[39m
   [90m 120 |[39m       metadata[33m,[39m[0m

[1m[31mERROR[39m[22m in [1m./src/shared/analytics/analytics.service.ts:118:7[39m[22m
TS18004: No value exists in scope for the shorthand property 'action'. Either declare one or provide an initializer.
  [0m [90m 116 |[39m     [36mthis[39m[33m.[39muserActionsLog[33m.[39mpush({
   [90m 117 |[39m       userId[33m,[39m
  [31m[1m>[22m[39m[90m 118 |[39m       action[33m,[39m
   [90m     |[39m       [31m[1m^[22m[39m[31m[1m^[22m[39m[31m[1m^[22m[39m[31m[1m^[22m[39m[31m[1m^[22m[39m[31m[1m^[22m[39m
   [90m 119 |[39m       timestamp[33m:[39m [36mnew[39m [33mDate[39m()[33m,[39m
   [90m 120 |[39m       metadata[33m,[39m
   [90m 121 |[39m     })[33m;[39m[0m

[1m[31mERROR[39m[22m in [1m./src/shared/analytics/analytics.service.ts:120:7[39m[22m
TS18004: No value exists in scope for the shorthand property 'metadata'. Either declare one or provide an initializer.
  [0m [90m 118 |[39m       action[33m,[39m
   [90m 119 |[39m       timestamp[33m:[39m [36mnew[39m [33mDate[39m()[33m,[39m
  [31m[1m>[22m[39m[90m 120 |[39m       metadata[33m,[39m
   [90m     |[39m       [31m[1m^[22m[39m[31m[1m^[22m[39m[31m[1m^[22m[39m[31m[1m^[22m[39m[31m[1m^[22m[39m[31m[1m^[22m[39m[31m[1m^[22m[39m[31m[1m^[22m[39m
   [90m 121 |[39m     })[33m;[39m
   [90m 122 |[39m   }
   [90m 123 |[39m[0m

[1m[31mERROR[39m[22m in [1m./src/shared/analytics/analytics.service.ts:128:10[39m[22m
TS2304: Cannot find name 'trackSystemMetric'.
  [0m [90m 126 |[39m [90m   * Acceptance Criteria: Analytics tracked[39m
   [90m 127 |[39m [90m   */[39m
  [31m[1m>[22m[39m[90m 128 |[39m   [36mpublic[39m trackSystemMetric(metricName[33m:[39m string[33m,[39m value[33m:[39m number[33m,[39m context[33m?[39m[33m:[39m string)[33m:[39m [36mvoid[39m {
   [90m     |[39m          [31m[1m^[22m[39m[31m[1m^[22m[39m[31m[1m^[22m[39m[31m[1m^[22m[39m[31m[1m^[22m[39m[31m[1m^[22m[39m[31m[1m^[22m[39m[31m[1m^[22m[39m[31m[1m^[22m[39m[31m[1m^[22m[39m[31m[1m^[22m[39m[31m[1m^[22m[39m[31m[1m^[22m[39m[31m[1m^[22m[39m[31m[1m^[22m[39m[31m[1m^[22m[39m[31m[1m^[22m[39m
   [90m 129 |[39m     [36mthis[39m[33m.[39msystemMetricsLog[33m.[39mpush({
   [90m 130 |[39m       metricName[33m,[39m
   [90m 131 |[39m       value[33m,[39m[0m

[1m[31mERROR[39m[22m in [1m./src/shared/analytics/analytics.service.ts:128:28[39m[22m
TS2304: Cannot find name 'metricName'.
  [0m [90m 126 |[39m [90m   * Acceptance Criteria: Analytics tracked[39m
   [90m 127 |[39m [90m   */[39m
  [31m[1m>[22m[39m[90m 128 |[39m   [36mpublic[39m trackSystemMetric(metricName[33m:[39m string[33m,[39m value[33m:[39m number[33m,[39m context[33m?[39m[33m:[39m string)[33m:[39m [36mvoid[39m {
   [90m     |[39m                            [31m[1m^[22m[39m[31m[1m^[22m[39m[31m[1m^[22m[39m[31m[1m^[22m[39m[31m[1m^[22m[39m[31m[1m^[22m[39m[31m[1m^[22m[39m[31m[1m^[22m[39m[31m[1m^[22m[39m[31m[1m^[22m[39m
   [90m 129 |[39m     [36mthis[39m[33m.[39msystemMetricsLog[33m.[39mpush({
   [90m 130 |[39m       metricName[33m,[39m
   [90m 131 |[39m       value[33m,[39m[0m

[1m[31mERROR[39m[22m in [1m./src/shared/analytics/analytics.service.ts:128:40[39m[22m
TS2693: 'string' only refers to a type, but is being used as a value here.
  [0m [90m 126 |[39m [90m   * Acceptance Criteria: Analytics tracked[39m
   [90m 127 |[39m [90m   */[39m
  [31m[1m>[22m[39m[90m 128 |[39m   [36mpublic[39m trackSystemMetric(metricName[33m:[39m string[33m,[39m value[33m:[39m number[33m,[39m context[33m?[39m[33m:[39m string)[33m:[39m [36mvoid[39m {
   [90m     |[39m                                        [31m[1m^[22m[39m[31m[1m^[22m[39m[31m[1m^[22m[39m[31m[1m^[22m[39m[31m[1m^[22m[39m[31m[1m^[22m[39m
   [90m 129 |[39m     [36mthis[39m[33m.[39msystemMetricsLog[33m.[39mpush({
   [90m 130 |[39m       metricName[33m,[39m
   [90m 131 |[39m       value[33m,[39m[0m

[1m[31mERROR[39m[22m in [1m./src/shared/analytics/analytics.service.ts:128:48[39m[22m
TS2304: Cannot find name 'value'.
  [0m [90m 126 |[39m [90m   * Acceptance Criteria: Analytics tracked[39m
   [90m 127 |[39m [90m   */[39m
  [31m[1m>[22m[39m[90m 128 |[39m   [36mpublic[39m trackSystemMetric(metricName[33m:[39m string[33m,[39m value[33m:[39m number[33m,[39m context[33m?[39m[33m:[39m string)[33m:[39m [36mvoid[39m {
   [90m     |[39m                                                [31m[1m^[22m[39m[31m[1m^[22m[39m[31m[1m^[22m[39m[31m[1m^[22m[39m[31m[1m^[22m[39m
   [90m 129 |[39m     [36mthis[39m[33m.[39msystemMetricsLog[33m.[39mpush({
   [90m 130 |[39m       metricName[33m,[39m
   [90m 131 |[39m       value[33m,[39m[0m

[1m[31mERROR[39m[22m in [1m./src/shared/analytics/analytics.service.ts:128:55[39m[22m
TS2693: 'number' only refers to a type, but is being used as a value here.
  [0m [90m 126 |[39m [90m   * Acceptance Criteria: Analytics tracked[39m
   [90m 127 |[39m [90m   */[39m
  [31m[1m>[22m[39m[90m 128 |[39m   [36mpublic[39m trackSystemMetric(metricName[33m:[39m string[33m,[39m value[33m:[39m number[33m,[39m context[33m?[39m[33m:[39m string)[33m:[39m [36mvoid[39m {
   [90m     |[39m                                                       [31m[1m^[22m[39m[31m[1m^[22m[39m[31m[1m^[22m[39m[31m[1m^[22m[39m[31m[1m^[22m[39m[31m[1m^[22m[39m
   [90m 129 |[39m     [36mthis[39m[33m.[39msystemMetricsLog[33m.[39mpush({
   [90m 130 |[39m       metricName[33m,[39m
   [90m 131 |[39m       value[33m,[39m[0m

[1m[31mERROR[39m[22m in [1m./src/shared/analytics/analytics.service.ts:128:63[39m[22m
TS2304: Cannot find name 'context'.
  [0m [90m 126 |[39m [90m   * Acceptance Criteria: Analytics tracked[39m
   [90m 127 |[39m [90m   */[39m
  [31m[1m>[22m[39m[90m 128 |[39m   [36mpublic[39m trackSystemMetric(metricName[33m:[39m string[33m,[39m value[33m:[39m number[33m,[39m context[33m?[39m[33m:[39m string)[33m:[39m [36mvoid[39m {
   [90m     |[39m                                                               [31m[1m^[22m[39m[31m[1m^[22m[39m[31m[1m^[22m[39m[31m[1m^[22m[39m[31m[1m^[22m[39m[31m[1m^[22m[39m[31m[1m^[22m[39m
   [90m 129 |[39m     [36mthis[39m[33m.[39msystemMetricsLog[33m.[39mpush({
   [90m 130 |[39m       metricName[33m,[39m
   [90m 131 |[39m       value[33m,[39m[0m

[1m[31mERROR[39m[22m in [1m./src/shared/analytics/analytics.service.ts:128:73[39m[22m
TS2693: 'string' only refers to a type, but is being used as a value here.
  [0m [90m 126 |[39m [90m   * Acceptance Criteria: Analytics tracked[39m
   [90m 127 |[39m [90m   */[39m
  [31m[1m>[22m[39m[90m 128 |[39m   [36mpublic[39m trackSystemMetric(metricName[33m:[39m string[33m,[39m value[33m:[39m number[33m,[39m context[33m?[39m[33m:[39m string)[33m:[39m [36mvoid[39m {
   [90m     |[39m                                                                         [31m[1m^[22m[39m[31m[1m^[22m[39m[31m[1m^[22m[39m[31m[1m^[22m[39m[31m[1m^[22m[39m[31m[1m^[22m[39m
   [90m 129 |[39m     [36mthis[39m[33m.[39msystemMetricsLog[33m.[39mpush({
   [90m 130 |[39m       metricName[33m,[39m
   [90m 131 |[39m       value[33m,[39m[0m

[1m[31mERROR[39m[22m in [1m./src/shared/analytics/analytics.service.ts:130:7[39m[22m
TS18004: No value exists in scope for the shorthand property 'metricName'. Either declare one or provide an initializer.
  [0m [90m 128 |[39m   [36mpublic[39m trackSystemMetric(metricName[33m:[39m string[33m,[39m value[33m:[39m number[33m,[39m context[33m?[39m[33m:[39m string)[33m:[39m [36mvoid[39m {
   [90m 129 |[39m     [36mthis[39m[33m.[39msystemMetricsLog[33m.[39mpush({
  [31m[1m>[22m[39m[90m 130 |[39m       metricName[33m,[39m
   [90m     |[39m       [31m[1m^[22m[39m[31m[1m^[22m[39m[31m[1m^[22m[39m[31m[1m^[22m[39m[31m[1m^[22m[39m[31m[1m^[22m[39m[31m[1m^[22m[39m[31m[1m^[22m[39m[31m[1m^[22m[39m[31m[1m^[22m[39m
   [90m 131 |[39m       value[33m,[39m
   [90m 132 |[39m       timestamp[33m:[39m [36mnew[39m [33mDate[39m()[33m,[39m
   [90m 133 |[39m       context[33m,[39m[0m

[1m[31mERROR[39m[22m in [1m./src/shared/analytics/analytics.service.ts:131:7[39m[22m
TS18004: No value exists in scope for the shorthand property 'value'. Either declare one or provide an initializer.
  [0m [90m 129 |[39m     [36mthis[39m[33m.[39msystemMetricsLog[33m.[39mpush({
   [90m 130 |[39m       metricName[33m,[39m
  [31m[1m>[22m[39m[90m 131 |[39m       value[33m,[39m
   [90m     |[39m       [31m[1m^[22m[39m[31m[1m^[22m[39m[31m[1m^[22m[39m[31m[1m^[22m[39m[31m[1m^[22m[39m
   [90m 132 |[39m       timestamp[33m:[39m [36mnew[39m [33mDate[39m()[33m,[39m
   [90m 133 |[39m       context[33m,[39m
   [90m 134 |[39m     })[33m;[39m[0m

[1m[31mERROR[39m[22m in [1m./src/shared/analytics/analytics.service.ts:133:7[39m[22m
TS18004: No value exists in scope for the shorthand property 'context'. Either declare one or provide an initializer.
  [0m [90m 131 |[39m       value[33m,[39m
   [90m 132 |[39m       timestamp[33m:[39m [36mnew[39m [33mDate[39m()[33m,[39m
  [31m[1m>[22m[39m[90m 133 |[39m       context[33m,[39m
   [90m     |[39m       [31m[1m^[22m[39m[31m[1m^[22m[39m[31m[1m^[22m[39m[31m[1m^[22m[39m[31m[1m^[22m[39m[31m[1m^[22m[39m[31m[1m^[22m[39m
   [90m 134 |[39m     })[33m;[39m
   [90m 135 |[39m   }
   [90m 136 |[39m[0m

[1m[31mERROR[39m[22m in [1m./src/shared/analytics/analytics.service.ts:141:10[39m[22m
TS2304: Cannot find name 'analyzeActionPatterns'.
  [0m [90m 139 |[39m [90m   * Examines historical actions to calculate occurrence counts per specific action name.[39m
   [90m 140 |[39m [90m   */[39m
  [31m[1m>[22m[39m[90m 141 |[39m   [36mpublic[39m analyzeActionPatterns(start[33m:[39m [33mDate[39m[33m,[39m end[33m:[39m [33mDate[39m)[33m:[39m [33mRecord[39m[33m<[39m[33mstring[39m[33m,[39m number[33m>[39m {
   [90m     |[39m          [31m[1m^[22m[39m[31m[1m^[22m[39m[31m[1m^[22m[39m[31m[1m^[22m[39m[31m[1m^[22m[39m[31m[1m^[22m[39m[31m[1m^[22m[39m[31m[1m^[22m[39m[31m[1m^[22m[39m[31m[1m^[22m[39m[31m[1m^[22m[39m[31m[1m^[22m[39m[31m[1m^[22m[39m[31m[1m^[22m[39m[31m[1m^[22m[39m[31m[1m^[22m[39m[31m[1m^[22m[39m[31m[1m^[22m[39m[31m[1m^[22m[39m[31m[1m^[22m[39m[31m[1m^[22m[39m
   [90m 142 |[39m     [36mconst[39m targetActions [33m=[39m [36mthis[39m[33m.[39mqueryUserActions({ start[33m,[39m end })[33m;[39m
   [90m 143 |[39m     [36mconst[39m frequencyDistributionMap[33m:[39m [33mRecord[39m[33m<[39m[33mstring[39m[33m,[39m number[33m>[39m [33m=[39m {}[33m;[39m
   [90m 144 |[39m[0m

[1m[31mERROR[39m[22m in [1m./src/shared/analytics/analytics.service.ts:141:32[39m[22m
TS2304: Cannot find name 'start'.
  [0m [90m 139 |[39m [90m   * Examines historical actions to calculate occurrence counts per specific action name.[39m
   [90m 140 |[39m [90m   */[39m
  [31m[1m>[22m[39m[90m 141 |[39m   [36mpublic[39m analyzeActionPatterns(start[33m:[39m [33mDate[39m[33m,[39m end[33m:[39m [33mDate[39m)[33m:[39m [33mRecord[39m[33m<[39m[33mstring[39m[33m,[39m number[33m>[39m {
   [90m     |[39m                                [31m[1m^[22m[39m[31m[1m^[22m[39m[31m[1m^[22m[39m[31m[1m^[22m[39m[31m[1m^[22m[39m
   [90m 142 |[39m     [36mconst[39m targetActions [33m=[39m [36mthis[39m[33m.[39mqueryUserActions({ start[33m,[39m end })[33m;[39m
   [90m 143 |[39m     [36mconst[39m frequencyDistributionMap[33m:[39m [33mRecord[39m[33m<[39m[33mstring[39m[33m,[39m number[33m>[39m [33m=[39m {}[33m;[39m
   [90m 144 |[39m[0m

[1m[31mERROR[39m[22m in [1m./src/shared/analytics/analytics.service.ts:141:45[39m[22m
TS2304: Cannot find name 'end'.
  [0m [90m 139 |[39m [90m   * Examines historical actions to calculate occurrence counts per specific action name.[39m
   [90m 140 |[39m [90m   */[39m
  [31m[1m>[22m[39m[90m 141 |[39m   [36mpublic[39m analyzeActionPatterns(start[33m:[39m [33mDate[39m[33m,[39m end[33m:[39m [33mDate[39m)[33m:[39m [33mRecord[39m[33m<[39m[33mstring[39m[33m,[39m number[33m>[39m {
   [90m     |[39m                                             [31m[1m^[22m[39m[31m[1m^[22m[39m[31m[1m^[22m[39m
   [90m 142 |[39m     [36mconst[39m targetActions [33m=[39m [36mthis[39m[33m.[39mqueryUserActions({ start[33m,[39m end })[33m;[39m
   [90m 143 |[39m     [36mconst[39m frequencyDistributionMap[33m:[39m [33mRecord[39m[33m<[39m[33mstring[39m[33m,[39m number[33m>[39m [33m=[39m {}[33m;[39m
   [90m 144 |[39m[0m

[1m[31mERROR[39m[22m in [1m./src/shared/analytics/analytics.service.ts:141:57[39m[22m
TS2693: 'Record' only refers to a type, but is being used as a value here.
  [0m [90m 139 |[39m [90m   * Examines historical actions to calculate occurrence counts per specific action name.[39m
   [90m 140 |[39m [90m   */[39m
  [31m[1m>[22m[39m[90m 141 |[39m   [36mpublic[39m analyzeActionPatterns(start[33m:[39m [33mDate[39m[33m,[39m end[33m:[39m [33mDate[39m)[33m:[39m [33mRecord[39m[33m<[39m[33mstring[39m[33m,[39m number[33m>[39m {
   [90m     |[39m                                                         [31m[1m^[22m[39m[31m[1m^[22m[39m[31m[1m^[22m[39m[31m[1m^[22m[39m[31m[1m^[22m[39m[31m[1m^[22m[39m
   [90m 142 |[39m     [36mconst[39m targetActions [33m=[39m [36mthis[39m[33m.[39mqueryUserActions({ start[33m,[39m end })[33m;[39m
   [90m 143 |[39m     [36mconst[39m frequencyDistributionMap[33m:[39m [33mRecord[39m[33m<[39m[33mstring[39m[33m,[39m number[33m>[39m [33m=[39m {}[33m;[39m
   [90m 144 |[39m[0m

[1m[31mERROR[39m[22m in [1m./src/shared/analytics/analytics.service.ts:141:57[39m[22m
TS2695: Left side of comma operator is unused and has no side effects.
  [0m [90m 139 |[39m [90m   * Examines historical actions to calculate occurrence counts per specific action name.[39m
   [90m 140 |[39m [90m   */[39m
  [31m[1m>[22m[39m[90m 141 |[39m   [36mpublic[39m analyzeActionPatterns(start[33m:[39m [33mDate[39m[33m,[39m end[33m:[39m [33mDate[39m)[33m:[39m [33mRecord[39m[33m<[39m[33mstring[39m[33m,[39m number[33m>[39m {
   [90m     |[39m                                                         [31m[1m^[22m[39m[31m[1m^[22m[39m[31m[1m^[22m[39m[31m[1m^[22m[39m[31m[1m^[22m[39m[31m[1m^[22m[39m[31m[1m^[22m[39m[31m[1m^[22m[39m[31m[1m^[22m[39m[31m[1m^[22m[39m[31m[1m^[22m[39m[31m[1m^[22m[39m[31m[1m^[22m[39m
   [90m 142 |[39m     [36mconst[39m targetActions [33m=[39m [36mthis[39m[33m.[39mqueryUserActions({ start[33m,[39m end })[33m;[39m
   [90m 143 |[39m     [36mconst[39m frequencyDistributionMap[33m:[39m [33mRecord[39m[33m<[39m[33mstring[39m[33m,[39m number[33m>[39m [33m=[39m {}[33m;[39m
   [90m 144 |[39m[0m

[1m[31mERROR[39m[22m in [1m./src/shared/analytics/analytics.service.ts:141:64[39m[22m
TS2693: 'string' only refers to a type, but is being used as a value here.
  [0m [90m 139 |[39m [90m   * Examines historical actions to calculate occurrence counts per specific action name.[39m
   [90m 140 |[39m [90m   */[39m
  [31m[1m>[22m[39m[90m 141 |[39m   [36mpublic[39m analyzeActionPatterns(start[33m:[39m [33mDate[39m[33m,[39m end[33m:[39m [33mDate[39m)[33m:[39m [33mRecord[39m[33m<[39m[33mstring[39m[33m,[39m number[33m>[39m {
   [90m     |[39m                                                                [31m[1m^[22m[39m[31m[1m^[22m[39m[31m[1m^[22m[39m[31m[1m^[22m[39m[31m[1m^[22m[39m[31m[1m^[22m[39m
   [90m 142 |[39m     [36mconst[39m targetActions [33m=[39m [36mthis[39m[33m.[39mqueryUserActions({ start[33m,[39m end })[33m;[39m
   [90m 143 |[39m     [36mconst[39m frequencyDistributionMap[33m:[39m [33mRecord[39m[33m<[39m[33mstring[39m[33m,[39m number[33m>[39m [33m=[39m {}[33m;[39m
   [90m 144 |[39m[0m

[1m[31mERROR[39m[22m in [1m./src/shared/analytics/analytics.service.ts:141:72[39m[22m
TS2693: 'number' only refers to a type, but is being used as a value here.
  [0m [90m 139 |[39m [90m   * Examines historical actions to calculate occurrence counts per specific action name.[39m
   [90m 140 |[39m [90m   */[39m
  [31m[1m>[22m[39m[90m 141 |[39m   [36mpublic[39m analyzeActionPatterns(start[33m:[39m [33mDate[39m[33m,[39m end[33m:[39m [33mDate[39m)[33m:[39m [33mRecord[39m[33m<[39m[33mstring[39m[33m,[39m number[33m>[39m {
   [90m     |[39m                                                                        [31m[1m^[22m[39m[31m[1m^[22m[39m[31m[1m^[22m[39m[31m[1m^[22m[39m[31m[1m^[22m[39m[31m[1m^[22m[39m
   [90m 142 |[39m     [36mconst[39m targetActions [33m=[39m [36mthis[39m[33m.[39mqueryUserActions({ start[33m,[39m end })[33m;[39m
   [90m 143 |[39m     [36mconst[39m frequencyDistributionMap[33m:[39m [33mRecord[39m[33m<[39m[33mstring[39m[33m,[39m number[33m>[39m [33m=[39m {}[33m;[39m
   [90m 144 |[39m[0m

[1m[31mERROR[39m[22m in [1m./src/shared/analytics/analytics.service.ts:142:11[39m[22m
TS2304: Cannot find name 'targetActions'.
  [0m [90m 140 |[39m [90m   */[39m
   [90m 141 |[39m   [36mpublic[39m analyzeActionPatterns(start[33m:[39m [33mDate[39m[33m,[39m end[33m:[39m [33mDate[39m)[33m:[39m [33mRecord[39m[33m<[39m[33mstring[39m[33m,[39m number[33m>[39m {
  [31m[1m>[22m[39m[90m 142 |[39m     [36mconst[39m targetActions [33m=[39m [36mthis[39m[33m.[39mqueryUserActions({ start[33m,[39m end })[33m;[39m
   [90m     |[39m           [31m[1m^[22m[39m[31m[1m^[22m[39m[31m[1m^[22m[39m[31m[1m^[22m[39m[31m[1m^[22m[39m[31m[1m^[22m[39m[31m[1m^[22m[39m[31m[1m^[22m[39m[31m[1m^[22m[39m[31m[1m^[22m[39m[31m[1m^[22m[39m[31m[1m^[22m[39m[31m[1m^[22m[39m
   [90m 143 |[39m     [36mconst[39m frequencyDistributionMap[33m:[39m [33mRecord[39m[33m<[39m[33mstring[39m[33m,[39m number[33m>[39m [33m=[39m {}[33m;[39m
   [90m 144 |[39m
   [90m 145 |[39m     targetActions[33m.[39mforEach((log) [33m=>[39m {[0m

[1m[31mERROR[39m[22m in [1m./src/shared/analytics/analytics.service.ts:142:27[39m[22m
TS2532: Object is possibly 'undefined'.
  [0m [90m 140 |[39m [90m   */[39m
   [90m 141 |[39m   [36mpublic[39m analyzeActionPatterns(start[33m:[39m [33mDate[39m[33m,[39m end[33m:[39m [33mDate[39m)[33m:[39m [33mRecord[39m[33m<[39m[33mstring[39m[33m,[39m number[33m>[39m {
  [31m[1m>[22m[39m[90m 142 |[39m     [36mconst[39m targetActions [33m=[39m [36mthis[39m[33m.[39mqueryUserActions({ start[33m,[39m end })[33m;[39m
   [90m     |[39m                           [31m[1m^[22m[39m[31m[1m^[22m[39m[31m[1m^[22m[39m[31m[1m^[22m[39m
   [90m 143 |[39m     [36mconst[39m frequencyDistributionMap[33m:[39m [33mRecord[39m[33m<[39m[33mstring[39m[33m,[39m number[33m>[39m [33m=[39m {}[33m;[39m
   [90m 144 |[39m
   [90m 145 |[39m     targetActions[33m.[39mforEach((log) [33m=>[39m {[0m

[1m[31mERROR[39m[22m in [1m./src/shared/analytics/analytics.service.ts:142:51[39m[22m
TS18004: No value exists in scope for the shorthand property 'start'. Either declare one or provide an initializer.
  [0m [90m 140 |[39m [90m   */[39m
   [90m 141 |[39m   [36mpublic[39m analyzeActionPatterns(start[33m:[39m [33mDate[39m[33m,[39m end[33m:[39m [33mDate[39m)[33m:[39m [33mRecord[39m[33m<[39m[33mstring[39m[33m,[39m number[33m>[39m {
  [31m[1m>[22m[39m[90m 142 |[39m     [36mconst[39m targetActions [33m=[39m [36mthis[39m[33m.[39mqueryUserActions({ start[33m,[39m end })[33m;[39m
   [90m     |[39m                                                   [31m[1m^[22m[39m[31m[1m^[22m[39m[31m[1m^[22m[39m[31m[1m^[22m[39m[31m[1m^[22m[39m
   [90m 143 |[39m     [36mconst[39m frequencyDistributionMap[33m:[39m [33mRecord[39m[33m<[39m[33mstring[39m[33m,[39m number[33m>[39m [33m=[39m {}[33m;[39m
   [90m 144 |[39m
   [90m 145 |[39m     targetActions[33m.[39mforEach((log) [33m=>[39m {[0m

[1m[31mERROR[39m[22m in [1m./src/shared/analytics/analytics.service.ts:142:58[39m[22m
TS18004: No value exists in scope for the shorthand property 'end'. Either declare one or provide an initializer.
  [0m [90m 140 |[39m [90m   */[39m
   [90m 141 |[39m   [36mpublic[39m analyzeActionPatterns(start[33m:[39m [33mDate[39m[33m,[39m end[33m:[39m [33mDate[39m)[33m:[39m [33mRecord[39m[33m<[39m[33mstring[39m[33m,[39m number[33m>[39m {
  [31m[1m>[22m[39m[90m 142 |[39m     [36mconst[39m targetActions [33m=[39m [36mthis[39m[33m.[39mqueryUserActions({ start[33m,[39m end })[33m;[39m
   [90m     |[39m                                                          [31m[1m^[22m[39m[31m[1m^[22m[39m[31m[1m^[22m[39m
   [90m 143 |[39m     [36mconst[39m frequencyDistributionMap[33m:[39m [33mRecord[39m[33m<[39m[33mstring[39m[33m,[39m number[33m>[39m [33m=[39m {}[33m;[39m
   [90m 144 |[39m
   [90m 145 |[39m     targetActions[33m.[39mforEach((log) [33m=>[39m {[0m

[1m[31mERROR[39m[22m in [1m./src/shared/analytics/analytics.service.ts:143:11[39m[22m
TS2304: Cannot find name 'frequencyDistributionMap'.
  [0m [90m 141 |[39m   [36mpublic[39m analyzeActionPatterns(start[33m:[39m [33mDate[39m[33m,[39m end[33m:[39m [33mDate[39m)[33m:[39m [33mRecord[39m[33m<[39m[33mstring[39m[33m,[39m number[33m>[39m {
   [90m 142 |[39m     [36mconst[39m targetActions [33m=[39m [36mthis[39m[33m.[39mqueryUserActions({ start[33m,[39m end })[33m;[39m
  [31m[1m>[22m[39m[90m 143 |[39m     [36mconst[39m frequencyDistributionMap[33m:[39m [33mRecord[39m[33m<[39m[33mstring[39m[33m,[39m number[33m>[39m [33m=[39m {}[33m;[39m
   [90m     |[39m           [31m[1m^[22m[39m[31m[1m^[22m[39m[31m[1m^[22m[39m[31m[1m^[22m[39m[31m[1m^[22m[39m[31m[1m^[22m[39m[31m[1m^[22m[39m[31m[1m^[22m[39m[31m[1m^[22m[39m[31m[1m^[22m[39m[31m[1m^[22m[39m[31m[1m^[22m[39m[31m[1m^[22m[39m[31m[1m^[22m[39m[31m[1m^[22m[39m[31m[1m^[22m[39m[31m[1m^[22m[39m[31m[1m^[22m[39m[31m[1m^[22m[39m[31m[1m^[22m[39m[31m[1m^[22m[39m[31m[1m^[22m[39m[31m[1m^[22m[39m[31m[1m^[22m[39m
   [90m 144 |[39m
   [90m 145 |[39m     targetActions[33m.[39mforEach((log) [33m=>[39m {
   [90m 146 |[39m       frequencyDistributionMap[log[33m.[39maction] [33m=[39m (frequencyDistributionMap[log[33m.[39maction] [33m||[39m [35m0[39m) [33m+[39m [35m1[39m[33m;[39m[0m

[1m[31mERROR[39m[22m in [1m./src/shared/analytics/analytics.service.ts:143:44[39m[22m
TS2368: Type parameter name cannot be 'string'.
  [0m [90m 141 |[39m   [36mpublic[39m analyzeActionPatterns(start[33m:[39m [33mDate[39m[33m,[39m end[33m:[39m [33mDate[39m)[33m:[39m [33mRecord[39m[33m<[39m[33mstring[39m[33m,[39m number[33m>[39m {
   [90m 142 |[39m     [36mconst[39m targetActions [33m=[39m [36mthis[39m[33m.[39mqueryUserActions({ start[33m,[39m end })[33m;[39m
  [31m[1m>[22m[39m[90m 143 |[39m     [36mconst[39m frequencyDistributionMap[33m:[39m [33mRecord[39m[33m<[39m[33mstring[39m[33m,[39m number[33m>[39m [33m=[39m {}[33m;[39m
   [90m     |[39m                                            [31m[1m^[22m[39m[31m[1m^[22m[39m[31m[1m^[22m[39m[31m[1m^[22m[39m[31m[1m^[22m[39m[31m[1m^[22m[39m
   [90m 144 |[39m
   [90m 145 |[39m     targetActions[33m.[39mforEach((log) [33m=>[39m {
   [90m 146 |[39m       frequencyDistributionMap[log[33m.[39maction] [33m=[39m (frequencyDistributionMap[log[33m.[39maction] [33m||[39m [35m0[39m) [33m+[39m [35m1[39m[33m;[39m[0m

[1m[31mERROR[39m[22m in [1m./src/shared/analytics/analytics.service.ts:143:52[39m[22m
TS2368: Type parameter name cannot be 'number'.
  [0m [90m 141 |[39m   [36mpublic[39m analyzeActionPatterns(start[33m:[39m [33mDate[39m[33m,[39m end[33m:[39m [33mDate[39m)[33m:[39m [33mRecord[39m[33m<[39m[33mstring[39m[33m,[39m number[33m>[39m {
   [90m 142 |[39m     [36mconst[39m targetActions [33m=[39m [36mthis[39m[33m.[39mqueryUserActions({ start[33m,[39m end })[33m;[39m
  [31m[1m>[22m[39m[90m 143 |[39m     [36mconst[39m frequencyDistributionMap[33m:[39m [33mRecord[39m[33m<[39m[33mstring[39m[33m,[39m number[33m>[39m [33m=[39m {}[33m;[39m
   [90m     |[39m                                                    [31m[1m^[22m[39m[31m[1m^[22m[39m[31m[1m^[22m[39m[31m[1m^[22m[39m[31m[1m^[22m[39m[31m[1m^[22m[39m
   [90m 144 |[39m
   [90m 145 |[39m     targetActions[33m.[39mforEach((log) [33m=>[39m {
   [90m 146 |[39m       frequencyDistributionMap[log[33m.[39maction] [33m=[39m (frequencyDistributionMap[log[33m.[39maction] [33m||[39m [35m0[39m) [33m+[39m [35m1[39m[33m;[39m[0m

[1m[31mERROR[39m[22m in [1m./src/shared/analytics/analytics.service.ts:145:5[39m[22m
TS2304: Cannot find name 'targetActions'.
  [0m [90m 143 |[39m     [36mconst[39m frequencyDistributionMap[33m:[39m [33mRecord[39m[33m<[39m[33mstring[39m[33m,[39m number[33m>[39m [33m=[39m {}[33m;[39m
   [90m 144 |[39m
  [31m[1m>[22m[39m[90m 145 |[39m     targetActions[33m.[39mforEach((log) [33m=>[39m {
   [90m     |[39m     [31m[1m^[22m[39m[31m[1m^[22m[39m[31m[1m^[22m[39m[31m[1m^[22m[39m[31m[1m^[22m[39m[31m[1m^[22m[39m[31m[1m^[22m[39m[31m[1m^[22m[39m[31m[1m^[22m[39m[31m[1m^[22m[39m[31m[1m^[22m[39m[31m[1m^[22m[39m[31m[1m^[22m[39m
   [90m 146 |[39m       frequencyDistributionMap[log[33m.[39maction] [33m=[39m (frequencyDistributionMap[log[33m.[39maction] [33m||[39m [35m0[39m) [33m+[39m [35m1[39m[33m;[39m
   [90m 147 |[39m     })[33m;[39m
   [90m 148 |[39m[0m

[1m[31mERROR[39m[22m in [1m./src/shared/analytics/analytics.service.ts:146:7[39m[22m
TS2304: Cannot find name 'frequencyDistributionMap'.
  [0m [90m 144 |[39m
   [90m 145 |[39m     targetActions[33m.[39mforEach((log) [33m=>[39m {
  [31m[1m>[22m[39m[90m 146 |[39m       frequencyDistributionMap[log[33m.[39maction] [33m=[39m (frequencyDistributionMap[log[33m.[39maction] [33m||[39m [35m0[39m) [33m+[39m [35m1[39m[33m;[39m
   [90m     |[39m       [31m[1m^[22m[39m[31m[1m^[22m[39m[31m[1m^[22m[39m[31m[1m^[22m[39m[31m[1m^[22m[39m[31m[1m^[22m[39m[31m[1m^[22m[39m[31m[1m^[22m[39m[31m[1m^[22m[39m[31m[1m^[22m[39m[31m[1m^[22m[39m[31m[1m^[22m[39m[31m[1m^[22m[39m[31m[1m^[22m[39m[31m[1m^[22m[39m[31m[1m^[22m[39m[31m[1m^[22m[39m[31m[1m^[22m[39m[31m[1m^[22m[39m[31m[1m^[22m[39m[31m[1m^[22m[39m[31m[1m^[22m[39m[31m[1m^[22m[39m[31m[1m^[22m[39m
   [90m 147 |[39m     })[33m;[39m
   [90m 148 |[39m
   [90m 149 |[39m     [36mreturn[39m frequencyDistributionMap[33m;[39m[0m

[1m[31mERROR[39m[22m in [1m./src/shared/analytics/analytics.service.ts:146:47[39m[22m
TS2304: Cannot find name 'frequencyDistributionMap'.
  [0m [90m 144 |[39m
   [90m 145 |[39m     targetActions[33m.[39mforEach((log) [33m=>[39m {
  [31m[1m>[22m[39m[90m 146 |[39m       frequencyDistributionMap[log[33m.[39maction] [33m=[39m (frequencyDistributionMap[log[33m.[39maction] [33m||[39m [35m0[39m) [33m+[39m [35m1[39m[33m;[39m
   [90m     |[39m                                               [31m[1m^[22m[39m[31m[1m^[22m[39m[31m[1m^[22m[39m[31m[1m^[22m[39m[31m[1m^[22m[39m[31m[1m^[22m[39m[31m[1m^[22m[39m[31m[1m^[22m[39m[31m[1m^[22m[39m[31m[1m^[22m[39m[31m[1m^[22m[39m[31m[1m^[22m[39m[31m[1m^[22m[39m[31m[1m^[22m[39m[31m[1m^[22m[39m[31m[1m^[22m[39m[31m[1m^[22m[39m[31m[1m^[22m[39m[31m[1m^[22m[39m[31m[1m^[22m[39m[31m[1m^[22m[39m[31m[1m^[22m[39m[31m[1m^[22m[39m[31m[1m^[22m[39m
   [90m 147 |[39m     })[33m;[39m
   [90m 148 |[39m
   [90m 149 |[39m     [36mreturn[39m frequencyDistributionMap[33m;[39m[0m

[1m[31mERROR[39m[22m in [1m./src/shared/analytics/analytics.service.ts:156:10[39m[22m
TS2304: Cannot find name 'generateAnalyticsReport'.
  [0m [90m 154 |[39m [90m   * Compiles actions frequency data and handles averaged metrics reductions over a timeframe.[39m
   [90m 155 |[39m [90m   */[39m
  [31m[1m>[22m[39m[90m 156 |[39m   [36mpublic[39m generateAnalyticsReport(start[33m:[39m [33mDate[39m[33m,[39m end[33m:[39m [33mDate[39m)[33m:[39m [33mAnalyticsReport[39m {
   [90m     |[39m          [31m[1m^[22m[39m[31m[1m^[22m[39m[31m[1m^[22m[39m[31m[1m^[22m[39m[31m[1m^[22m[39m[31m[1m^[22m[39m[31m[1m^[22m[39m[31m[1m^[22m[39m[31m[1m^[22m[39m[31m[1m^[22m[39m[31m[1m^[22m[39m[31m[1m^[22m[39m[31m[1m^[22m[39m[31m[1m^[22m[39m[31m[1m^[22m[39m[31m[1m^[22m[39m[31m[1m^[22m[39m[31m[1m^[22m[39m[31m[1m^[22m[39m[31m[1m^[22m[39m[31m[1m^[22m[39m[31m[1m^[22m[39m[31m[1m^[22m[39m
   [90m 157 |[39m     [36mconst[39m actionsInPeriod [33m=[39m [36mthis[39m[33m.[39mqueryUserActions({ start[33m,[39m end })[33m;[39m
   [90m 158 |[39m     [36mconst[39m metricsInPeriod [33m=[39m [36mthis[39m[33m.[39mquerySystemMetrics({ start[33m,[39m end })[33m;[39m
   [90m 159 |[39m[0m

[1m[31mERROR[39m[22m in [1m./src/shared/analytics/analytics.service.ts:156:34[39m[22m
TS2304: Cannot find name 'start'.
  [0m [90m 154 |[39m [90m   * Compiles actions frequency data and handles averaged metrics reductions over a timeframe.[39m
   [90m 155 |[39m [90m   */[39m
  [31m[1m>[22m[39m[90m 156 |[39m   [36mpublic[39m generateAnalyticsReport(start[33m:[39m [33mDate[39m[33m,[39m end[33m:[39m [33mDate[39m)[33m:[39m [33mAnalyticsReport[39m {
   [90m     |[39m                                  [31m[1m^[22m[39m[31m[1m^[22m[39m[31m[1m^[22m[39m[31m[1m^[22m[39m[31m[1m^[22m[39m
   [90m 157 |[39m     [36mconst[39m actionsInPeriod [33m=[39m [36mthis[39m[33m.[39mqueryUserActions({ start[33m,[39m end })[33m;[39m
   [90m 158 |[39m     [36mconst[39m metricsInPeriod [33m=[39m [36mthis[39m[33m.[39mquerySystemMetrics({ start[33m,[39m end })[33m;[39m
   [90m 159 |[39m[0m

[1m[31mERROR[39m[22m in [1m./src/shared/analytics/analytics.service.ts:156:47[39m[22m
TS2304: Cannot find name 'end'.
  [0m [90m 154 |[39m [90m   * Compiles actions frequency data and handles averaged metrics reductions over a timeframe.[39m
   [90m 155 |[39m [90m   */[39m
  [31m[1m>[22m[39m[90m 156 |[39m   [36mpublic[39m generateAnalyticsReport(start[33m:[39m [33mDate[39m[33m,[39m end[33m:[39m [33mDate[39m)[33m:[39m [33mAnalyticsReport[39m {
   [90m     |[39m                                               [31m[1m^[22m[39m[31m[1m^[22m[39m[31m[1m^[22m[39m
   [90m 157 |[39m     [36mconst[39m actionsInPeriod [33m=[39m [36mthis[39m[33m.[39mqueryUserActions({ start[33m,[39m end })[33m;[39m
   [90m 158 |[39m     [36mconst[39m metricsInPeriod [33m=[39m [36mthis[39m[33m.[39mquerySystemMetrics({ start[33m,[39m end })[33m;[39m
   [90m 159 |[39m[0m

[1m[31mERROR[39m[22m in [1m./src/shared/analytics/analytics.service.ts:156:59[39m[22m
TS2693: 'AnalyticsReport' only refers to a type, but is being used as a value here.
  [0m [90m 154 |[39m [90m   * Compiles actions frequency data and handles averaged metrics reductions over a timeframe.[39m
   [90m 155 |[39m [90m   */[39m
  [31m[1m>[22m[39m[90m 156 |[39m   [36mpublic[39m generateAnalyticsReport(start[33m:[39m [33mDate[39m[33m,[39m end[33m:[39m [33mDate[39m)[33m:[39m [33mAnalyticsReport[39m {
   [90m     |[39m                                                           [31m[1m^[22m[39m[31m[1m^[22m[39m[31m[1m^[22m[39m[31m[1m^[22m[39m[31m[1m^[22m[39m[31m[1m^[22m[39m[31m[1m^[22m[39m[31m[1m^[22m[39m[31m[1m^[22m[39m[31m[1m^[22m[39m[31m[1m^[22m[39m[31m[1m^[22m[39m[31m[1m^[22m[39m[31m[1m^[22m[39m[31m[1m^[22m[39m
   [90m 157 |[39m     [36mconst[39m actionsInPeriod [33m=[39m [36mthis[39m[33m.[39mqueryUserActions({ start[33m,[39m end })[33m;[39m
   [90m 158 |[39m     [36mconst[39m metricsInPeriod [33m=[39m [36mthis[39m[33m.[39mquerySystemMetrics({ start[33m,[39m end })[33m;[39m
   [90m 159 |[39m[0m

[1m[31mERROR[39m[22m in [1m./src/shared/analytics/analytics.service.ts:157:29[39m[22m
TS2532: Object is possibly 'undefined'.
  [0m [90m 155 |[39m [90m   */[39m
   [90m 156 |[39m   [36mpublic[39m generateAnalyticsReport(start[33m:[39m [33mDate[39m[33m,[39m end[33m:[39m [33mDate[39m)[33m:[39m [33mAnalyticsReport[39m {
  [31m[1m>[22m[39m[90m 157 |[39m     [36mconst[39m actionsInPeriod [33m=[39m [36mthis[39m[33m.[39mqueryUserActions({ start[33m,[39m end })[33m;[39m
   [90m     |[39m                             [31m[1m^[22m[39m[31m[1m^[22m[39m[31m[1m^[22m[39m[31m[1m^[22m[39m
   [90m 158 |[39m     [36mconst[39m metricsInPeriod [33m=[39m [36mthis[39m[33m.[39mquerySystemMetrics({ start[33m,[39m end })[33m;[39m
   [90m 159 |[39m
   [90m 160 |[39m     [36mconst[39m patternMap [33m=[39m [36mthis[39m[33m.[39manalyzeActionPatterns(start[33m,[39m end)[33m;[39m[0m

[1m[31mERROR[39m[22m in [1m./src/shared/analytics/analytics.service.ts:157:53[39m[22m
TS18004: No value exists in scope for the shorthand property 'start'. Either declare one or provide an initializer.
  [0m [90m 155 |[39m [90m   */[39m
   [90m 156 |[39m   [36mpublic[39m generateAnalyticsReport(start[33m:[39m [33mDate[39m[33m,[39m end[33m:[39m [33mDate[39m)[33m:[39m [33mAnalyticsReport[39m {
  [31m[1m>[22m[39m[90m 157 |[39m     [36mconst[39m actionsInPeriod [33m=[39m [36mthis[39m[33m.[39mqueryUserActions({ start[33m,[39m end })[33m;[39m
   [90m     |[39m                                                     [31m[1m^[22m[39m[31m[1m^[22m[39m[31m[1m^[22m[39m[31m[1m^[22m[39m[31m[1m^[22m[39m
   [90m 158 |[39m     [36mconst[39m metricsInPeriod [33m=[39m [36mthis[39m[33m.[39mquerySystemMetrics({ start[33m,[39m end })[33m;[39m
   [90m 159 |[39m
   [90m 160 |[39m     [36mconst[39m patternMap [33m=[39m [36mthis[39m[33m.[39manalyzeActionPatterns(start[33m,[39m end)[33m;[39m[0m

[1m[31mERROR[39m[22m in [1m./src/shared/analytics/analytics.service.ts:157:60[39m[22m
TS18004: No value exists in scope for the shorthand property 'end'. Either declare one or provide an initializer.
  [0m [90m 155 |[39m [90m   */[39m
   [90m 156 |[39m   [36mpublic[39m generateAnalyticsReport(start[33m:[39m [33mDate[39m[33m,[39m end[33m:[39m [33mDate[39m)[33m:[39m [33mAnalyticsReport[39m {
  [31m[1m>[22m[39m[90m 157 |[39m     [36mconst[39m actionsInPeriod [33m=[39m [36mthis[39m[33m.[39mqueryUserActions({ start[33m,[39m end })[33m;[39m
   [90m     |[39m                                                            [31m[1m^[22m[39m[31m[1m^[22m[39m[31m[1m^[22m[39m
   [90m 158 |[39m     [36mconst[39m metricsInPeriod [33m=[39m [36mthis[39m[33m.[39mquerySystemMetrics({ start[33m,[39m end })[33m;[39m
   [90m 159 |[39m
   [90m 160 |[39m     [36mconst[39m patternMap [33m=[39m [36mthis[39m[33m.[39manalyzeActionPatterns(start[33m,[39m end)[33m;[39m[0m

[1m[31mERROR[39m[22m in [1m./src/shared/analytics/analytics.service.ts:158:29[39m[22m
TS2532: Object is possibly 'undefined'.
  [0m [90m 156 |[39m   [36mpublic[39m generateAnalyticsReport(start[33m:[39m [33mDate[39m[33m,[39m end[33m:[39m [33mDate[39m)[33m:[39m [33mAnalyticsReport[39m {
   [90m 157 |[39m     [36mconst[39m actionsInPeriod [33m=[39m [36mthis[39m[33m.[39mqueryUserActions({ start[33m,[39m end })[33m;[39m
  [31m[1m>[22m[39m[90m 158 |[39m     [36mconst[39m metricsInPeriod [33m=[39m [36mthis[39m[33m.[39mquerySystemMetrics({ start[33m,[39m end })[33m;[39m
   [90m     |[39m                             [31m[1m^[22m[39m[31m[1m^[22m[39m[31m[1m^[22m[39m[31m[1m^[22m[39m
   [90m 159 |[39m
   [90m 160 |[39m     [36mconst[39m patternMap [33m=[39m [36mthis[39m[33m.[39manalyzeActionPatterns(start[33m,[39m end)[33m;[39m
   [90m 161 |[39m     [36mconst[39m topActionPatterns [33m=[39m [33mObject[39m[33m.[39mentries(patternMap)[0m

[1m[31mERROR[39m[22m in [1m./src/shared/analytics/analytics.service.ts:158:55[39m[22m
TS18004: No value exists in scope for the shorthand property 'start'. Either declare one or provide an initializer.
  [0m [90m 156 |[39m   [36mpublic[39m generateAnalyticsReport(start[33m:[39m [33mDate[39m[33m,[39m end[33m:[39m [33mDate[39m)[33m:[39m [33mAnalyticsReport[39m {
   [90m 157 |[39m     [36mconst[39m actionsInPeriod [33m=[39m [36mthis[39m[33m.[39mqueryUserActions({ start[33m,[39m end })[33m;[39m
  [31m[1m>[22m[39m[90m 158 |[39m     [36mconst[39m metricsInPeriod [33m=[39m [36mthis[39m[33m.[39mquerySystemMetrics({ start[33m,[39m end })[33m;[39m
   [90m     |[39m                                                       [31m[1m^[22m[39m[31m[1m^[22m[39m[31m[1m^[22m[39m[31m[1m^[22m[39m[31m[1m^[22m[39m
   [90m 159 |[39m
   [90m 160 |[39m     [36mconst[39m patternMap [33m=[39m [36mthis[39m[33m.[39manalyzeActionPatterns(start[33m,[39m end)[33m;[39m
   [90m 161 |[39m     [36mconst[39m topActionPatterns [33m=[39m [33mObject[39m[33m.[39mentries(patternMap)[0m

[1m[31mERROR[39m[22m in [1m./src/shared/analytics/analytics.service.ts:158:62[39m[22m
TS18004: No value exists in scope for the shorthand property 'end'. Either declare one or provide an initializer.
  [0m [90m 156 |[39m   [36mpublic[39m generateAnalyticsReport(start[33m:[39m [33mDate[39m[33m,[39m end[33m:[39m [33mDate[39m)[33m:[39m [33mAnalyticsReport[39m {
   [90m 157 |[39m     [36mconst[39m actionsInPeriod [33m=[39m [36mthis[39m[33m.[39mqueryUserActions({ start[33m,[39m end })[33m;[39m
  [31m[1m>[22m[39m[90m 158 |[39m     [36mconst[39m metricsInPeriod [33m=[39m [36mthis[39m[33m.[39mquerySystemMetrics({ start[33m,[39m end })[33m;[39m
   [90m     |[39m                                                              [31m[1m^[22m[39m[31m[1m^[22m[39m[31m[1m^[22m[39m
   [90m 159 |[39m
   [90m 160 |[39m     [36mconst[39m patternMap [33m=[39m [36mthis[39m[33m.[39manalyzeActionPatterns(start[33m,[39m end)[33m;[39m
   [90m 161 |[39m     [36mconst[39m topActionPatterns [33m=[39m [33mObject[39m[33m.[39mentries(patternMap)[0m

[1m[31mERROR[39m[22m in [1m./src/shared/analytics/analytics.service.ts:160:24[39m[22m
TS2532: Object is possibly 'undefined'.
  [0m [90m 158 |[39m     [36mconst[39m metricsInPeriod [33m=[39m [36mthis[39m[33m.[39mquerySystemMetrics({ start[33m,[39m end })[33m;[39m
   [90m 159 |[39m
  [31m[1m>[22m[39m[90m 160 |[39m     [36mconst[39m patternMap [33m=[39m [36mthis[39m[33m.[39manalyzeActionPatterns(start[33m,[39m end)[33m;[39m
   [90m     |[39m                        [31m[1m^[22m[39m[31m[1m^[22m[39m[31m[1m^[22m[39m[31m[1m^[22m[39m
   [90m 161 |[39m     [36mconst[39m topActionPatterns [33m=[39m [33mObject[39m[33m.[39mentries(patternMap)
   [90m 162 |[39m       [33m.[39mmap(([action[33m,[39m count]) [33m=>[39m ({ action[33m,[39m count }))
   [90m 163 |[39m       [33m.[39msort((a[33m,[39m b) [33m=>[39m b[33m.[39mcount [33m-[39m a[33m.[39mcount)[33m;[39m[0m

[1m[31mERROR[39m[22m in [1m./src/shared/analytics/analytics.service.ts:160:51[39m[22m
TS2304: Cannot find name 'start'.
  [0m [90m 158 |[39m     [36mconst[39m metricsInPeriod [33m=[39m [36mthis[39m[33m.[39mquerySystemMetrics({ start[33m,[39m end })[33m;[39m
   [90m 159 |[39m
  [31m[1m>[22m[39m[90m 160 |[39m     [36mconst[39m patternMap [33m=[39m [36mthis[39m[33m.[39manalyzeActionPatterns(start[33m,[39m end)[33m;[39m
   [90m     |[39m                                                   [31m[1m^[22m[39m[31m[1m^[22m[39m[31m[1m^[22m[39m[31m[1m^[22m[39m[31m[1m^[22m[39m
   [90m 161 |[39m     [36mconst[39m topActionPatterns [33m=[39m [33mObject[39m[33m.[39mentries(patternMap)
   [90m 162 |[39m       [33m.[39mmap(([action[33m,[39m count]) [33m=>[39m ({ action[33m,[39m count }))
   [90m 163 |[39m       [33m.[39msort((a[33m,[39m b) [33m=>[39m b[33m.[39mcount [33m-[39m a[33m.[39mcount)[33m;[39m[0m

[1m[31mERROR[39m[22m in [1m./src/shared/analytics/analytics.service.ts:160:58[39m[22m
TS2304: Cannot find name 'end'.
  [0m [90m 158 |[39m     [36mconst[39m metricsInPeriod [33m=[39m [36mthis[39m[33m.[39mquerySystemMetrics({ start[33m,[39m end })[33m;[39m
   [90m 159 |[39m
  [31m[1m>[22m[39m[90m 160 |[39m     [36mconst[39m patternMap [33m=[39m [36mthis[39m[33m.[39manalyzeActionPatterns(start[33m,[39m end)[33m;[39m
   [90m     |[39m                                                          [31m[1m^[22m[39m[31m[1m^[22m[39m[31m[1m^[22m[39m
   [90m 161 |[39m     [36mconst[39m topActionPatterns [33m=[39m [33mObject[39m[33m.[39mentries(patternMap)
   [90m 162 |[39m       [33m.[39mmap(([action[33m,[39m count]) [33m=>[39m ({ action[33m,[39m count }))
   [90m 163 |[39m       [33m.[39msort((a[33m,[39m b) [33m=>[39m b[33m.[39mcount [33m-[39m a[33m.[39mcount)[33m;[39m[0m

[1m[31mERROR[39m[22m in [1m./src/shared/analytics/analytics.service.ts:163:23[39m[22m
TS18046: 'b.count' is of type 'unknown'.
  [0m [90m 161 |[39m     [36mconst[39m topActionPatterns [33m=[39m [33mObject[39m[33m.[39mentries(patternMap)
   [90m 162 |[39m       [33m.[39mmap(([action[33m,[39m count]) [33m=>[39m ({ action[33m,[39m count }))
  [31m[1m>[22m[39m[90m 163 |[39m       [33m.[39msort((a[33m,[39m b) [33m=>[39m b[33m.[39mcount [33m-[39m a[33m.[39mcount)[33m;[39m
   [90m     |[39m                       [31m[1m^[22m[39m[31m[1m^[22m[39m[31m[1m^[22m[39m[31m[1m^[22m[39m[31m[1m^[22m[39m[31m[1m^[22m[39m[31m[1m^[22m[39m
   [90m 164 |[39m
   [90m 165 |[39m     [36mconst[39m metricAveragesAccumulator[33m:[39m [33mRecord[39m[33m<[39m[33mstring[39m[33m,[39m { total[33m:[39m number[33m;[39m count[33m:[39m number }[33m>[39m [33m=[39m {}[33m;[39m
   [90m 166 |[39m     metricsInPeriod[33m.[39mforEach((metric) [33m=>[39m {[0m

[1m[31mERROR[39m[22m in [1m./src/shared/analytics/analytics.service.ts:163:33[39m[22m
TS18046: 'a.count' is of type 'unknown'.
  [0m [90m 161 |[39m     [36mconst[39m topActionPatterns [33m=[39m [33mObject[39m[33m.[39mentries(patternMap)
   [90m 162 |[39m       [33m.[39mmap(([action[33m,[39m count]) [33m=>[39m ({ action[33m,[39m count }))
  [31m[1m>[22m[39m[90m 163 |[39m       [33m.[39msort((a[33m,[39m b) [33m=>[39m b[33m.[39mcount [33m-[39m a[33m.[39mcount)[33m;[39m
   [90m     |[39m                                 [31m[1m^[22m[39m[31m[1m^[22m[39m[31m[1m^[22m[39m[31m[1m^[22m[39m[31m[1m^[22m[39m[31m[1m^[22m[39m[31m[1m^[22m[39m
   [90m 164 |[39m
   [90m 165 |[39m     [36mconst[39m metricAveragesAccumulator[33m:[39m [33mRecord[39m[33m<[39m[33mstring[39m[33m,[39m { total[33m:[39m number[33m;[39m count[33m:[39m number }[33m>[39m [33m=[39m {}[33m;[39m
   [90m 166 |[39m     metricsInPeriod[33m.[39mforEach((metric) [33m=>[39m {[0m

[1m[31mERROR[39m[22m in [1m./src/shared/analytics/analytics.service.ts:192:10[39m[22m
TS2304: Cannot find name 'queryUserActions'.
  [0m [90m 190 |[39m [90m   * Dynamic lookup query handler for specific user actions filtering lists.[39m
   [90m 191 |[39m [90m   */[39m
  [31m[1m>[22m[39m[90m 192 |[39m   [36mpublic[39m queryUserActions(filters[33m:[39m {
   [90m     |[39m          [31m[1m^[22m[39m[31m[1m^[22m[39m[31m[1m^[22m[39m[31m[1m^[22m[39m[31m[1m^[22m[39m[31m[1m^[22m[39m[31m[1m^[22m[39m[31m[1m^[22m[39m[31m[1m^[22m[39m[31m[1m^[22m[39m[31m[1m^[22m[39m[31m[1m^[22m[39m[31m[1m^[22m[39m[31m[1m^[22m[39m[31m[1m^[22m[39m[31m[1m^[22m[39m
   [90m 193 |[39m     start[33m?[39m[33m:[39m [33mDate[39m[33m;[39m
   [90m 194 |[39m     end[33m?[39m[33m:[39m [33mDate[39m[33m;[39m
   [90m 195 |[39m     userId[33m?[39m[33m:[39m string[33m;[39m[0m

[1m[31mERROR[39m[22m in [1m./src/shared/analytics/analytics.service.ts:192:27[39m[22m
TS2304: Cannot find name 'filters'.
  [0m [90m 190 |[39m [90m   * Dynamic lookup query handler for specific user actions filtering lists.[39m
   [90m 191 |[39m [90m   */[39m
  [31m[1m>[22m[39m[90m 192 |[39m   [36mpublic[39m queryUserActions(filters[33m:[39m {
   [90m     |[39m                           [31m[1m^[22m[39m[31m[1m^[22m[39m[31m[1m^[22m[39m[31m[1m^[22m[39m[31m[1m^[22m[39m[31m[1m^[22m[39m[31m[1m^[22m[39m
   [90m 193 |[39m     start[33m?[39m[33m:[39m [33mDate[39m[33m;[39m
   [90m 194 |[39m     end[33m?[39m[33m:[39m [33mDate[39m[33m;[39m
   [90m 195 |[39m     userId[33m?[39m[33m:[39m string[33m;[39m[0m

[1m[31mERROR[39m[22m in [1m./src/shared/analytics/analytics.service.ts:195:14[39m[22m
TS2693: 'string' only refers to a type, but is being used as a value here.
  [0m [90m 193 |[39m     start[33m?[39m[33m:[39m [33mDate[39m[33m;[39m
   [90m 194 |[39m     end[33m?[39m[33m:[39m [33mDate[39m[33m;[39m
  [31m[1m>[22m[39m[90m 195 |[39m     userId[33m?[39m[33m:[39m string[33m;[39m
   [90m     |[39m              [31m[1m^[22m[39m[31m[1m^[22m[39m[31m[1m^[22m[39m[31m[1m^[22m[39m[31m[1m^[22m[39m[31m[1m^[22m[39m
   [90m 196 |[39m     action[33m?[39m[33m:[39m string[33m;[39m
   [90m 197 |[39m   })[33m:[39m [33mUserActionPayload[39m[] {
   [90m 198 |[39m     [36mreturn[39m [36mthis[39m[33m.[39muserActionsLog[33m.[39mfilter((log) [33m=>[39m {[0m

[1m[31mERROR[39m[22m in [1m./src/shared/analytics/analytics.service.ts:196:14[39m[22m
TS2693: 'string' only refers to a type, but is being used as a value here.
  [0m [90m 194 |[39m     end[33m?[39m[33m:[39m [33mDate[39m[33m;[39m
   [90m 195 |[39m     userId[33m?[39m[33m:[39m string[33m;[39m
  [31m[1m>[22m[39m[90m 196 |[39m     action[33m?[39m[33m:[39m string[33m;[39m
   [90m     |[39m              [31m[1m^[22m[39m[31m[1m^[22m[39m[31m[1m^[22m[39m[31m[1m^[22m[39m[31m[1m^[22m[39m[31m[1m^[22m[39m
   [90m 197 |[39m   })[33m:[39m [33mUserActionPayload[39m[] {
   [90m 198 |[39m     [36mreturn[39m [36mthis[39m[33m.[39muserActionsLog[33m.[39mfilter((log) [33m=>[39m {
   [90m 199 |[39m       [36mif[39m (filters[33m.[39mstart [33m&&[39m log[33m.[39mtimestamp [33m<[39m filters[33m.[39mstart) [36mreturn[39m [36mfalse[39m[33m;[39m[0m

[1m[31mERROR[39m[22m in [1m./src/shared/analytics/analytics.service.ts:197:7[39m[22m
TS2693: 'UserActionPayload' only refers to a type, but is being used as a value here.
  [0m [90m 195 |[39m     userId[33m?[39m[33m:[39m string[33m;[39m
   [90m 196 |[39m     action[33m?[39m[33m:[39m string[33m;[39m
  [31m[1m>[22m[39m[90m 197 |[39m   })[33m:[39m [33mUserActionPayload[39m[] {
   [90m     |[39m       [31m[1m^[22m[39m[31m[1m^[22m[39m[31m[1m^[22m[39m[31m[1m^[22m[39m[31m[1m^[22m[39m[31m[1m^[22m[39m[31m[1m^[22m[39m[31m[1m^[22m[39m[31m[1m^[22m[39m[31m[1m^[22m[39m[31m[1m^[22m[39m[31m[1m^[22m[39m[31m[1m^[22m[39m[31m[1m^[22m[39m[31m[1m^[22m[39m[31m[1m^[22m[39m[31m[1m^[22m[39m
   [90m 198 |[39m     [36mreturn[39m [36mthis[39m[33m.[39muserActionsLog[33m.[39mfilter((log) [33m=>[39m {
   [90m 199 |[39m       [36mif[39m (filters[33m.[39mstart [33m&&[39m log[33m.[39mtimestamp [33m<[39m filters[33m.[39mstart) [36mreturn[39m [36mfalse[39m[33m;[39m
   [90m 200 |[39m       [36mif[39m (filters[33m.[39mend [33m&&[39m log[33m.[39mtimestamp [33m>[39m filters[33m.[39mend) [36mreturn[39m [36mfalse[39m[33m;[39m[0m

[1m[31mERROR[39m[22m in [1m./src/shared/analytics/analytics.service.ts:210:10[39m[22m
TS2304: Cannot find name 'querySystemMetrics'.
  [0m [90m 208 |[39m [90m   * Dynamic lookup query handler for checking performance metrics logs.[39m
   [90m 209 |[39m [90m   */[39m
  [31m[1m>[22m[39m[90m 210 |[39m   [36mpublic[39m querySystemMetrics(filters[33m:[39m {
   [90m     |[39m          [31m[1m^[22m[39m[31m[1m^[22m[39m[31m[1m^[22m[39m[31m[1m^[22m[39m[31m[1m^[22m[39m[31m[1m^[22m[39m[31m[1m^[22m[39m[31m[1m^[22m[39m[31m[1m^[22m[39m[31m[1m^[22m[39m[31m[1m^[22m[39m[31m[1m^[22m[39m[31m[1m^[22m[39m[31m[1m^[22m[39m[31m[1m^[22m[39m[31m[1m^[22m[39m[31m[1m^[22m[39m[31m[1m^[22m[39m
   [90m 211 |[39m     start[33m?[39m[33m:[39m [33mDate[39m[33m;[39m
   [90m 212 |[39m     end[33m?[39m[33m:[39m [33mDate[39m[33m;[39m
   [90m 213 |[39m     metricName[33m?[39m[33m:[39m string[33m;[39m[0m

[1m[31mERROR[39m[22m in [1m./src/shared/analytics/analytics.service.ts:210:29[39m[22m
TS2304: Cannot find name 'filters'.
  [0m [90m 208 |[39m [90m   * Dynamic lookup query handler for checking performance metrics logs.[39m
   [90m 209 |[39m [90m   */[39m
  [31m[1m>[22m[39m[90m 210 |[39m   [36mpublic[39m querySystemMetrics(filters[33m:[39m {
   [90m     |[39m                             [31m[1m^[22m[39m[31m[1m^[22m[39m[31m[1m^[22m[39m[31m[1m^[22m[39m[31m[1m^[22m[39m[31m[1m^[22m[39m[31m[1m^[22m[39m
   [90m 211 |[39m     start[33m?[39m[33m:[39m [33mDate[39m[33m;[39m
   [90m 212 |[39m     end[33m?[39m[33m:[39m [33mDate[39m[33m;[39m
   [90m 213 |[39m     metricName[33m?[39m[33m:[39m string[33m;[39m[0m

[1m[31mERROR[39m[22m in [1m./src/shared/analytics/analytics.service.ts:213:18[39m[22m
TS2693: 'string' only refers to a type, but is being used as a value here.
  [0m [90m 211 |[39m     start[33m?[39m[33m:[39m [33mDate[39m[33m;[39m
   [90m 212 |[39m     end[33m?[39m[33m:[39m [33mDate[39m[33m;[39m
  [31m[1m>[22m[39m[90m 213 |[39m     metricName[33m?[39m[33m:[39m string[33m;[39m
   [90m     |[39m                  [31m[1m^[22m[39m[31m[1m^[22m[39m[31m[1m^[22m[39m[31m[1m^[22m[39m[31m[1m^[22m[39m[31m[1m^[22m[39m
   [90m 214 |[39m   })[33m:[39m [33mSystemMetricPayload[39m[] {
   [90m 215 |[39m     [36mreturn[39m [36mthis[39m[33m.[39msystemMetricsLog[33m.[39mfilter((metric) [33m=>[39m {
   [90m 216 |[39m       [36mif[39m (filters[33m.[39mstart [33m&&[39m metric[33m.[39mtimestamp [33m<[39m filters[33m.[39mstart) [36mreturn[39m [36mfalse[39m[33m;[39m[0m

[1m[31mERROR[39m[22m in [1m./src/shared/analytics/analytics.service.ts:214:7[39m[22m
TS2693: 'SystemMetricPayload' only refers to a type, but is being used as a value here.
  [0m [90m 212 |[39m     end[33m?[39m[33m:[39m [33mDate[39m[33m;[39m
   [90m 213 |[39m     metricName[33m?[39m[33m:[39m string[33m;[39m
  [31m[1m>[22m[39m[90m 214 |[39m   })[33m:[39m [33mSystemMetricPayload[39m[] {
   [90m     |[39m       [31m[1m^[22m[39m[31m[1m^[22m[39m[31m[1m^[22m[39m[31m[1m^[22m[39m[31m[1m^[22m[39m[31m[1m^[22m[39m[31m[1m^[22m[39m[31m[1m^[22m[39m[31m[1m^[22m[39m[31m[1m^[22m[39m[31m[1m^[22m[39m[31m[1m^[22m[39m[31m[1m^[22m[39m[31m[1m^[22m[39m[31m[1m^[22m[39m[31m[1m^[22m[39m[31m[1m^[22m[39m[31m[1m^[22m[39m[31m[1m^[22m[39m
   [90m 215 |[39m     [36mreturn[39m [36mthis[39m[33m.[39msystemMetricsLog[33m.[39mfilter((metric) [33m=>[39m {
   [90m 216 |[39m       [36mif[39m (filters[33m.[39mstart [33m&&[39m metric[33m.[39mtimestamp [33m<[39m filters[33m.[39mstart) [36mreturn[39m [36mfalse[39m[33m;[39m
   [90m 217 |[39m       [36mif[39m (filters[33m.[39mend [33m&&[39m metric[33m.[39mtimestamp [33m>[39m filters[33m.[39mend) [36mreturn[39m [36mfalse[39m[33m;[39m[0m

[1m[31mERROR[39m[22m in [1m./src/shared/analytics/analytics.service.ts:226:10[39m[22m
TS2304: Cannot find name 'clearLogs'.
  [0m [90m 224 |[39m [90m   * Testing Utility ΓÇö wipes internal tracking frames back to a clean state.[39m
   [90m 225 |[39m [90m   */[39m
  [31m[1m>[22m[39m[90m 226 |[39m   [36mpublic[39m clearLogs()[33m:[39m [36mvoid[39m {
   [90m     |[39m          [31m[1m^[22m[39m[31m[1m^[22m[39m[31m[1m^[22m[39m[31m[1m^[22m[39m[31m[1m^[22m[39m[31m[1m^[22m[39m[31m[1m^[22m[39m[31m[1m^[22m[39m[31m[1m^[22m[39m
   [90m 227 |[39m     [36mthis[39m[33m.[39muserActionsLog [33m=[39m [][33m;[39m
   [90m 228 |[39m     [36mthis[39m[33m.[39msystemMetricsLog [33m=[39m [][33m;[39m
   [90m 229 |[39m   }[0m

[1m[31mERROR[39m[22m in [1m./src/shared/analytics/task-analytics.service.ts:4:10[39m[22m
TS2459: Module '"./task-analytics.service"' declares 'TaskAnalyticsService' locally, but it is not exported.
  [0m [90m 2 |[39m [36mimport[39m { getRepositoryToken } [36mfrom[39m [32m'@nestjs/typeorm'[39m[33m;[39m
   [90m 3 |[39m [36mimport[39m { [33mRepository[39m } [36mfrom[39m [32m'typeorm'[39m[33m;[39m
  [31m[1m>[22m[39m[90m 4 |[39m [36mimport[39m { [33mTaskAnalyticsService[39m } [36mfrom[39m [32m'./task-analytics.service'[39m[33m;[39m
   [90m   |[39m          [31m[1m^[22m[39m[31m[1m^[22m[39m[31m[1m^[22m[39m[31m[1m^[22m[39m[31m[1m^[22m[39m[31m[1m^[22m[39m[31m[1m^[22m[39m[31m[1m^[22m[39m[31m[1m^[22m[39m[31m[1m^[22m[39m[31m[1m^[22m[39m[31m[1m^[22m[39m[31m[1m^[22m[39m[31m[1m^[22m[39m[31m[1m^[22m[39m[31m[1m^[22m[39m[31m[1m^[22m[39m[31m[1m^[22m[39m[31m[1m^[22m[39m[31m[1m^[22m[39m
   [90m 5 |[39m [36mimport[39m {
   [90m 6 |[39m   [33mTaskCompletion[39m[33m,[39m
   [90m 7 |[39m   [33mTaskCompletionStatus[39m[33m,[39m[0m

[1m[31mERROR[39m[22m in [1m./src/shared/notifications/services/notification.service.ts:20:2[39m[22m
TS2304: Cannot find name 'Injectable'.
  [0m [90m 18 |[39m }
   [90m 19 |[39m
  [31m[1m>[22m[39m[90m 20 |[39m [33m@[39m[33mInjectable[39m()
   [90m    |[39m  [31m[1m^[22m[39m[31m[1m^[22m[39m[31m[1m^[22m[39m[31m[1m^[22m[39m[31m[1m^[22m[39m[31m[1m^[22m[39m[31m[1m^[22m[39m[31m[1m^[22m[39m[31m[1m^[22m[39m[31m[1m^[22m[39m
   [90m 21 |[39m [36mexport[39m [36mclass[39m [33mNotificationService[39m {
   [90m 22 |[39m
   [90m 23 |[39m   [36masync[39m sendCouponExpiryReminder([0m

[1m[31mERROR[39m[22m in [1m./src/shared/notifications/services/notification.service.ts:27:17[39m[22m
TS2339: Property 'send' does not exist on type 'NotificationService'.
  [0m [90m 25 |[39m   ) {
   [90m 26 |[39m
  [31m[1m>[22m[39m[90m 27 |[39m     [36mreturn[39m [36mthis[39m[33m.[39msend({
   [90m    |[39m                 [31m[1m^[22m[39m[31m[1m^[22m[39m[31m[1m^[22m[39m[31m[1m^[22m[39m
   [90m 28 |[39m       userId[33m:[39m
   [90m 29 |[39m         payload[33m.[39muserId[33m,[39m
   [90m 30 |[39m[0m

[1m[31mERROR[39m[22m in [1m./src/shared/notifications/services/notification.service.ts:46:17[39m[22m
TS2339: Property 'send' does not exist on type 'NotificationService'.
  [0m [90m 44 |[39m   ) {
   [90m 45 |[39m
  [31m[1m>[22m[39m[90m 46 |[39m     [36mreturn[39m [36mthis[39m[33m.[39msend({
   [90m    |[39m                 [31m[1m^[22m[39m[31m[1m^[22m[39m[31m[1m^[22m[39m[31m[1m^[22m[39m
   [90m 47 |[39m       userId[33m:[39m
   [90m 48 |[39m         payload[33m.[39muserId[33m,[39m
   [90m 49 |[39m[0m

[1m[31mERROR[39m[22m in [1m./src/shared/queue/queue.service.ts:205:15[39m[22m
TS2339: Property 'getPaused' does not exist on type 'Queue<any>'.
  [0m [90m 203 |[39m         queue[33m.[39mgetFailed()[33m,[39m
   [90m 204 |[39m         queue[33m.[39mgetDelayed()[33m,[39m
  [31m[1m>[22m[39m[90m 205 |[39m         queue[33m.[39mgetPaused()[33m,[39m
   [90m     |[39m               [31m[1m^[22m[39m[31m[1m^[22m[39m[31m[1m^[22m[39m[31m[1m^[22m[39m[31m[1m^[22m[39m[31m[1m^[22m[39m[31m[1m^[22m[39m[31m[1m^[22m[39m[31m[1m^[22m[39m
   [90m 206 |[39m       ])[33m;[39m
   [90m 207 |[39m
   [90m 208 |[39m       [36mreturn[39m {[0m

[1m[31mERROR[39m[22m in [1m./src/shared/queue/queue.service.ts:361:28[39m[22m
TS2345: Argument of type '"waiting"' is not assignable to parameter of type 'JobStatusClean | undefined'.
  [0m [90m 359 |[39m       [36mawait[39m queue[33m.[39mclean([35m0[39m[33m,[39m [32m'completed'[39m)[33m;[39m
   [90m 360 |[39m       [36mawait[39m queue[33m.[39mclean([35m0[39m[33m,[39m [32m'failed'[39m)[33m;[39m
  [31m[1m>[22m[39m[90m 361 |[39m       [36mawait[39m queue[33m.[39mclean([35m0[39m[33m,[39m [32m'waiting'[39m)[33m;[39m
   [90m     |[39m                            [31m[1m^[22m[39m[31m[1m^[22m[39m[31m[1m^[22m[39m[31m[1m^[22m[39m[31m[1m^[22m[39m[31m[1m^[22m[39m[31m[1m^[22m[39m[31m[1m^[22m[39m[31m[1m^[22m[39m
   [90m 362 |[39m       [36mawait[39m queue[33m.[39mclean([35m0[39m[33m,[39m [32m'delayed'[39m)[33m;[39m
   [90m 363 |[39m       
   [90m 364 |[39m       [36mthis[39m[33m.[39mlogger[33m.[39mlog([32m`Queue ${queueName} cleared`[39m)[33m;[39m[0m

[1m[31mERROR[39m[22m in [1m./src/shared/scheduler/reminder.scheduler.ts:15:8[39m[22m
TS2307: Cannot find module '../../tasks/task.service' or its corresponding type declarations.
  [0m [90m 13 |[39m
   [90m 14 |[39m [36mimport[39m { [33mTaskService[39m }
  [31m[1m>[22m[39m[90m 15 |[39m   [36mfrom[39m [32m"../../tasks/task.service"[39m[33m;[39m
   [90m    |[39m        [31m[1m^[22m[39m[31m[1m^[22m[39m[31m[1m^[22m[39m[31m[1m^[22m[39m[31m[1m^[22m[39m[31m[1m^[22m[39m[31m[1m^[22m[39m[31m[1m^[22m[39m[31m[1m^[22m[39m[31m[1m^[22m[39m[31m[1m^[22m[39m[31m[1m^[22m[39m[31m[1m^[22m[39m[31m[1m^[22m[39m[31m[1m^[22m[39m[31m[1m^[22m[39m[31m[1m^[22m[39m[31m[1m^[22m[39m[31m[1m^[22m[39m[31m[1m^[22m[39m[31m[1m^[22m[39m[31m[1m^[22m[39m[31m[1m^[22m[39m[31m[1m^[22m[39m[31m[1m^[22m[39m[31m[1m^[22m[39m
   [90m 16 |[39m
   [90m 17 |[39m [36mimport[39m { [33mNotificationService[39m }
   [90m 18 |[39m   [36mfrom[39m [32m"../notifications/services/notification.service"[39m[33m;[39m[0m

[1m[31mERROR[39m[22m in [1m./src/shared/scheduler/reminder.scheduler.ts:48:32[39m[22m
TS2339: Property 'findExpiringWithinHours' does not exist on type 'CouponService'.
  [0m [90m 46 |[39m
   [90m 47 |[39m     [36mconst[39m coupons [33m=[39m
  [31m[1m>[22m[39m[90m 48 |[39m       [36mawait[39m [36mthis[39m[33m.[39mcouponService[33m.[39mfindExpiringWithinHours(
   [90m    |[39m                                [31m[1m^[22m[39m[31m[1m^[22m[39m[31m[1m^[22m[39m[31m[1m^[22m[39m[31m[1m^[22m[39m[31m[1m^[22m[39m[31m[1m^[22m[39m[31m[1m^[22m[39m[31m[1m^[22m[39m[31m[1m^[22m[39m[31m[1m^[22m[39m[31m[1m^[22m[39m[31m[1m^[22m[39m[31m[1m^[22m[39m[31m[1m^[22m[39m[31m[1m^[22m[39m[31m[1m^[22m[39m[31m[1m^[22m[39m[31m[1m^[22m[39m[31m[1m^[22m[39m[31m[1m^[22m[39m[31m[1m^[22m[39m[31m[1m^[22m[39m
   [90m 49 |[39m         [35m24[39m[33m,[39m
   [90m 50 |[39m       )[33m;[39m
   [90m 51 |[39m[0m

[1m[31mERROR[39m[22m in [1m./src/shared/scheduler/scheduler.service.ts:55:19[39m[22m
TS18048: 'job' is possibly 'undefined'.
  [0m [90m 53 |[39m       [36mlet[39m nextRun[33m;[39m
   [90m 54 |[39m       [36mtry[39m {
  [31m[1m>[22m[39m[90m 55 |[39m         nextRun [33m=[39m job[33m.[39mnextDate()[33m.[39mtoISO()[33m;[39m
   [90m    |[39m                   [31m[1m^[22m[39m[31m[1m^[22m[39m[31m[1m^[22m[39m
   [90m 56 |[39m       } [36mcatch[39m (e) {
   [90m 57 |[39m         nextRun [33m=[39m [32m'error/not scheduled'[39m[33m;[39m
   [90m 58 |[39m       }[0m

[1m[31mERROR[39m[22m in [1m./src/shared/scheduler/scheduler.service.ts:62:18[39m[22m
TS18048: 'job' is possibly 'undefined'.
  [0m [90m 60 |[39m         name[33m,[39m
   [90m 61 |[39m         nextRun[33m,[39m
  [31m[1m>[22m[39m[90m 62 |[39m         lastRun[33m:[39m job[33m.[39mlastDate()[33m,[39m
   [90m    |[39m                  [31m[1m^[22m[39m[31m[1m^[22m[39m[31m[1m^[22m[39m
   [90m 63 |[39m         isRunning[33m:[39m job[33m.[39mrunning[33m,[39m
   [90m 64 |[39m       }[33m;[39m
   [90m 65 |[39m     })[33m;[39m[0m

[1m[31mERROR[39m[22m in [1m./src/shared/scheduler/scheduler.service.ts:63:20[39m[22m
TS18048: 'job' is possibly 'undefined'.
  [0m [90m 61 |[39m         nextRun[33m,[39m
   [90m 62 |[39m         lastRun[33m:[39m job[33m.[39mlastDate()[33m,[39m
  [31m[1m>[22m[39m[90m 63 |[39m         isRunning[33m:[39m job[33m.[39mrunning[33m,[39m
   [90m    |[39m                    [31m[1m^[22m[39m[31m[1m^[22m[39m[31m[1m^[22m[39m
   [90m 64 |[39m       }[33m;[39m
   [90m 65 |[39m     })[33m;[39m
   [90m 66 |[39m   }[0m

[1m[31mERROR[39m[22m in [1m./src/shared/scheduler/scheduler.service.ts:63:24[39m[22m
TS2339: Property 'running' does not exist on type 'CronJob<null, null>'.
  [0m [90m 61 |[39m         nextRun[33m,[39m
   [90m 62 |[39m         lastRun[33m:[39m job[33m.[39mlastDate()[33m,[39m
  [31m[1m>[22m[39m[90m 63 |[39m         isRunning[33m:[39m job[33m.[39mrunning[33m,[39m
   [90m    |[39m                        [31m[1m^[22m[39m[31m[1m^[22m[39m[31m[1m^[22m[39m[31m[1m^[22m[39m[31m[1m^[22m[39m[31m[1m^[22m[39m[31m[1m^[22m[39m
   [90m 64 |[39m       }[33m;[39m
   [90m 65 |[39m     })[33m;[39m
   [90m 66 |[39m   }[0m

[1m[31mERROR[39m[22m in [1m./src/tasks/assignment/recurring-task.service.ts:35:9[39m[22m
TS2353: Object literal may only specify known properties, and 'recurrence' does not exist in type 'FindOptionsWhere<HealthTask> | FindOptionsWhere<HealthTask>[]'.
  [0m [90m 33 |[39m       where[33m:[39m {
   [90m 34 |[39m         isActive[33m:[39m [36mtrue[39m[33m,[39m
  [31m[1m>[22m[39m[90m 35 |[39m         recurrence[33m:[39m [33mNot[39m([33mRecurrence[39m[33m.[39m[33mNONE[39m)[33m,[39m
   [90m    |[39m         [31m[1m^[22m[39m[31m[1m^[22m[39m[31m[1m^[22m[39m[31m[1m^[22m[39m[31m[1m^[22m[39m[31m[1m^[22m[39m[31m[1m^[22m[39m[31m[1m^[22m[39m[31m[1m^[22m[39m[31m[1m^[22m[39m
   [90m 36 |[39m       }[33m,[39m
   [90m 37 |[39m     })[33m;[39m
   [90m 38 |[39m[0m

[1m[31mERROR[39m[22m in [1m./src/tasks/assignment/recurring-task.service.ts:96:18[39m[22m
TS2339: Property 'recurrence' does not exist on type 'HealthTask'.
  [0m [90m 94 |[39m   [36mprivate[39m shouldAssign(task[33m:[39m [33mHealthTask[39m[33m,[39m date[33m:[39m string)[33m:[39m boolean {
   [90m 95 |[39m     [36mconst[39m utcDate [33m=[39m [36mnew[39m [33mDate[39m(date [33m+[39m [32m'T00:00:00Z'[39m)[33m;[39m
  [31m[1m>[22m[39m[90m 96 |[39m     [36mswitch[39m (task[33m.[39mrecurrence) {
   [90m    |[39m                  [31m[1m^[22m[39m[31m[1m^[22m[39m[31m[1m^[22m[39m[31m[1m^[22m[39m[31m[1m^[22m[39m[31m[1m^[22m[39m[31m[1m^[22m[39m[31m[1m^[22m[39m[31m[1m^[22m[39m[31m[1m^[22m[39m
   [90m 97 |[39m       [36mcase[39m [33mRecurrence[39m[33m.[39m[33mDAILY[39m[33m:[39m
   [90m 98 |[39m         [36mreturn[39m [36mtrue[39m[33m;[39m
   [90m 99 |[39m       [36mcase[39m [33mRecurrence[39m[33m.[39m[33mWEEKLY[39m[33m:[39m[0m

[1m[31mERROR[39m[22m in [1m./src/tasks/completions/verification/proof-verification.processor.ts:15:22[39m[22m
TS2709: Cannot use namespace 'Job' as a type.
  [0m [90m 13 |[39m   }
   [90m 14 |[39m
  [31m[1m>[22m[39m[90m 15 |[39m   [36masync[39m process(job[33m:[39m [33mJob[39m[33m<[39m{ completionId[33m:[39m string }[33m>[39m)[33m:[39m [33mPromise[39m[33m<[39m[36mvoid[39m[33m>[39m {
   [90m    |[39m                      [31m[1m^[22m[39m[31m[1m^[22m[39m[31m[1m^[22m[39m
   [90m 16 |[39m     [36mconst[39m { completionId } [33m=[39m job[33m.[39mdata[33m;[39m
   [90m 17 |[39m
   [90m 18 |[39m     [36mthis[39m[33m.[39mlogger[33m.[39mlog([0m

[1m[31mERROR[39m[22m in [1m./src/tasks/completions/verification/proof-verification.processor.ts:26:20[39m[22m
TS2709: Cannot use namespace 'Job' as a type.
  [0m [90m 24 |[39m
   [90m 25 |[39m   [33m@[39m[33mOnWorkerEvent[39m([32m'completed'[39m)
  [31m[1m>[22m[39m[90m 26 |[39m   onCompleted(job[33m:[39m [33mJob[39m) {
   [90m    |[39m                    [31m[1m^[22m[39m[31m[1m^[22m[39m[31m[1m^[22m[39m
   [90m 27 |[39m     [36mthis[39m[33m.[39mlogger[33m.[39mlog([32m`Proof verification completed for job ${job.id}`[39m)[33m;[39m
   [90m 28 |[39m   }
   [90m 29 |[39m[0m

[1m[31mERROR[39m[22m in [1m./src/tasks/completions/verification/proof-verification.processor.ts:31:17[39m[22m
TS2709: Cannot use namespace 'Job' as a type.
  [0m [90m 29 |[39m
   [90m 30 |[39m   [33m@[39m[33mOnWorkerEvent[39m([32m'failed'[39m)
  [31m[1m>[22m[39m[90m 31 |[39m   onFailed(job[33m:[39m [33mJob[39m[33m,[39m err[33m:[39m [33mError[39m) {
   [90m    |[39m                 [31m[1m^[22m[39m[31m[1m^[22m[39m[31m[1m^[22m[39m
   [90m 32 |[39m     [36mthis[39m[33m.[39mlogger[33m.[39merror(
   [90m 33 |[39m       [32m`Proof verification failed for job ${job.id}: ${err.message}`[39m[33m,[39m
   [90m 34 |[39m     )[33m;[39m[0m

[1m[33m88 errors have detailed information that is not shown.
Use 'stats.errorDetails: true' resp. '--stats-error-details' to show it.[39m[22m

webpack 5.97.1 compiled with [1m[31m372 errors[39m[22m in 230476 ms
